Some weights of the model checkpoint at /root/autodl-tmp/DATA_ROOT_mcln_meshsp/roberta-base/ were not used when initializing RobertaModel: ['lm_head.decoder.weight', 'lm_head.dense.weight', 'lm_head.layer_norm.weight', 'lm_head.layer_norm.bias', 'lm_head.dense.bias', 'lm_head.bias']
- This IS expected if you are initializing RobertaModel from the checkpoint of a model trained on another task or with another architecture (e.g. initializing a BertForSequenceClassification model from a BertForPreTraining model).
- This IS NOT expected if you are initializing RobertaModel from the checkpoint of a model that you expect to be exactly identical (initializing a BertForSequenceClassification model from a BertForSequenceClassification model).
PVG_FINETUNE_DATASET_LOADING 2026-09-17T12:17:06.909742+08:00
Loading train files, take a breath!
Begin text decoupling......
End text decoupling!
PVG_FULL_DATASET_INPUTS_PASS {"fit": 29778, "holdout": 6887, "physical_fit": 456, "physical_holdout": 106, "reference_rows": 4}
PVG_BATCH8_CAPACITY_PASS {"loss": 13.411382675170898, "grad_norm": 61.88475036621094, "seconds": 25.914896249771118, "rows": [14307, 26871, 13547, 1622, 9672, 18692, 29949, 23417], "loss_bbox": 1.8883382081985474, "loss_giou": 1.9945980310440063, "loss_ce": 26.67201042175293, "loss_sem_align": 97.23576354980469, "status": "pass", "optimizer_steps": 0, "batch_size": 8, "peak_allocated_bytes": 19791337984, "time_cst": "2026-09-17T12:24:43.748791+08:00"}
PVG_EVAL_PROGRESS {"stage": "initial", "rows": 512, "total": 6887, "seconds": 52.73812246322632}
PVG_EVAL_PROGRESS {"stage": "initial", "rows": 1024, "total": 6887, "seconds": 101.94659948348999}
PVG_EVAL_PROGRESS {"stage": "initial", "rows": 1536, "total": 6887, "seconds": 151.99547171592712}
PVG_EVAL_PROGRESS {"stage": "initial", "rows": 2048, "total": 6887, "seconds": 202.6731879711151}
PVG_EVAL_PROGRESS {"stage": "initial", "rows": 2560, "total": 6887, "seconds": 252.63539147377014}
PVG_EVAL_PROGRESS {"stage": "initial", "rows": 3072, "total": 6887, "seconds": 304.0288255214691}
PVG_EVAL_PROGRESS {"stage": "initial", "rows": 3584, "total": 6887, "seconds": 353.99074029922485}
PVG_EVAL_PROGRESS {"stage": "initial", "rows": 4096, "total": 6887, "seconds": 404.392142534256}
PVG_EVAL_PROGRESS {"stage": "initial", "rows": 4608, "total": 6887, "seconds": 452.42257595062256}
PVG_EVAL_PROGRESS {"stage": "initial", "rows": 5120, "total": 6887, "seconds": 503.0751459598541}
PVG_EVAL_PROGRESS {"stage": "initial", "rows": 5632, "total": 6887, "seconds": 550.9793837070465}
PVG_EVAL_PROGRESS {"stage": "initial", "rows": 6144, "total": 6887, "seconds": 603.4713501930237}
PVG_EVAL_PROGRESS {"stage": "initial", "rows": 6656, "total": 6887, "seconds": 654.4920325279236}
PVG_EVAL_COMPLETE {"status": "pass", "stage": "initial", "rows": 6887, "metrics": {"bbs": {"rec_hits25": 6147, "rec_hits50": 5549, "mask_hits25": 6174, "mask_hits50": 5824, "mask_iou_sum": 5106.323576468974, "mask_miou": 74.1443818276314}, "bbf": {"rec_hits25": 6175, "rec_hits50": 5584, "mask_hits25": 6187, "mask_hits50": 5836, "mask_iou_sum": 5119.069850585423, "mask_miou": 74.32945913438978}}, "elapsed_seconds": 676.2341904640198, "time_cst": "2026-09-17T12:36:01.074709+08:00", "formal_rows": 0, "rows_sha256": "c8aaff407aaf71228ae8d76a25b12630b59d516d686e8f8652023e06d2ee83e0", "boxes_sha256": "c5b7bc1da6c71cf3c7631e3f1c95060ccc9490e654cc0a300b60a9f0e63a0a36", "scores_sha256": "b90bbdc090b6bfa95468244f2961814e889b321727e7cb820513c41b22cad720"}
PVG_TRAIN_PROGRESS {"loss": 13.411377906799316, "grad_norm": 61.99581527709961, "seconds": 2.816560745239258, "rows": [14307, 26871, 13547, 1622, 9672, 18692, 29949, 23417], "loss_bbox": 1.8883378505706787, "loss_giou": 1.9945971965789795, "loss_ce": 26.671998977661133, "loss_sem_align": 97.2357177734375, "step": 1, "total_steps": 3723, "cumulative_seconds": 5.1210339069366455}
PVG_TRAIN_PROGRESS {"loss": 14.157959938049316, "grad_norm": 119.4944076538086, "seconds": 2.339291572570801, "rows": [7567, 30736, 20705, 8947, 23373, 33838, 25918, 26821], "loss_bbox": 1.3375335931777954, "loss_giou": 2.215867280960083, "loss_ce": 31.494827270507812, "loss_sem_align": 103.68817138671875, "step": 64, "total_steps": 3723, "cumulative_seconds": 153.80614376068115}
