Some weights of the model checkpoint at /root/autodl-tmp/DATA_ROOT_mcln_meshsp/roberta-base/ were not used when initializing RobertaModel: ['lm_head.layer_norm.weight', 'lm_head.dense.bias', 'lm_head.bias', 'lm_head.layer_norm.bias', 'lm_head.decoder.weight', 'lm_head.dense.weight']
- This IS expected if you are initializing RobertaModel from the checkpoint of a model trained on another task or with another architecture (e.g. initializing a BertForSequenceClassification model from a BertForPreTraining model).
- This IS NOT expected if you are initializing RobertaModel from the checkpoint of a model that you expect to be exactly identical (initializing a BertForSequenceClassification model from a BertForSequenceClassification model).
PVG_FINETUNE_DATASET_LOADING 2026-10-04T07:56:18.986604+08:00
Loading val files, take a breath!
Begin text decoupling......
End text decoupling!
PVG_EVAL_PROGRESS {"stage": "formal", "rows": 512, "total": 9508, "seconds": 76.47704696655273}
PVG_EVAL_PROGRESS {"stage": "formal", "rows": 1024, "total": 9508, "seconds": 147.7893877029419}
PVG_EVAL_PROGRESS {"stage": "formal", "rows": 1536, "total": 9508, "seconds": 219.67029690742493}
PVG_EVAL_PROGRESS {"stage": "formal", "rows": 2048, "total": 9508, "seconds": 293.72601413726807}
PVG_EVAL_PROGRESS {"stage": "formal", "rows": 2560, "total": 9508, "seconds": 370.4529061317444}
PVG_EVAL_PROGRESS {"stage": "formal", "rows": 3072, "total": 9508, "seconds": 444.64239597320557}
PVG_EVAL_PROGRESS {"stage": "formal", "rows": 3584, "total": 9508, "seconds": 517.951548576355}
PVG_EVAL_PROGRESS {"stage": "formal", "rows": 4096, "total": 9508, "seconds": 590.0395548343658}
PVG_EVAL_PROGRESS {"stage": "formal", "rows": 4608, "total": 9508, "seconds": 662.4449636936188}
PVG_EVAL_PROGRESS {"stage": "formal", "rows": 5120, "total": 9508, "seconds": 732.3338680267334}
PVG_EVAL_PROGRESS {"stage": "formal", "rows": 5632, "total": 9508, "seconds": 806.0896723270416}
PVG_EVAL_PROGRESS {"stage": "formal", "rows": 6144, "total": 9508, "seconds": 878.1708528995514}
PVG_EVAL_PROGRESS {"stage": "formal", "rows": 6656, "total": 9508, "seconds": 950.9657506942749}
PVG_EVAL_PROGRESS {"stage": "formal", "rows": 7168, "total": 9508, "seconds": 1025.064050912857}
PVG_EVAL_PROGRESS {"stage": "formal", "rows": 7680, "total": 9508, "seconds": 1100.5677692890167}
PVG_EVAL_PROGRESS {"stage": "formal", "rows": 8192, "total": 9508, "seconds": 1175.0585064888}
PVG_EVAL_PROGRESS {"stage": "formal", "rows": 8704, "total": 9508, "seconds": 1248.5770256519318}
PVG_EVAL_PROGRESS {"stage": "formal", "rows": 9216, "total": 9508, "seconds": 1320.1917850971222}
PVG_EVAL_COMPLETE {"status": "pass", "stage": "formal", "rows": 9508, "metrics": {"bbs": {"rec_hits25": 5588, "rec_hits50": 4447, "mask_hits25": 5812, "mask_hits50": 5133, "mask_iou_sum": 4479.0350167345605, "mask_miou": 47.10806706704418}, "bbf": {"rec_hits25": 5621, "rec_hits50": 4474, "mask_hits25": 5847, "mask_hits50": 5156, "mask_iou_sum": 4503.741340575449, "mask_miou": 47.3679148146345}}, "elapsed_seconds": 1361.4419751167297, "time_cst": "2026-10-04T08:20:42.271375+08:00", "formal_rows": 9508, "rows_sha256": "5fa987734e514255dfe300465e13d8356fb726c45f47bbfb87d9670785106f7c"}
