CACHE_INPUT_READY 562 804415e82b740e92d4a8e3de4679575fe116cd1e27a9797e9da0977ad1c42be7
CACHE_SCENE 1 scene0000_00 54 38
CACHE_SCENE 2 scene0001_00 22 20
CACHE_SCENE 3 scene0002_00 47 30
CACHE_SCENE 4 scene0003_00 25 20
CACHE_SCENE 5 scene0004_00 13 13
CACHE_SCENE 6 scene0005_00 16 16
CACHE_SCENE 7 scene0006_00 43 23
CACHE_SCENE 8 scene0007_00 29 21
CACHE_SCENE 9 scene0008_00 36 27
CACHE_SCENE 10 scene0009_00 33 30
CACHE_SCENE 11 scene0010_00 57 32
CACHE_SCENE 12 scene0012_00 23 20
CACHE_SCENE 13 scene0013_00 6 6
CACHE_SCENE 14 scene0014_00 33 23
CACHE_SCENE 15 scene0016_00 52 35
CACHE_SCENE 16 scene0017_00 29 17
CACHE_SCENE 17 scene0018_00 19 15
CACHE_SCENE 18 scene0020_00 38 33
CACHE_SCENE 19 scene0021_00 17 17
CACHE_SCENE 20 scene0022_00 34 23
CACHE_SCENE 21 scene0023_00 30 24
CACHE_SCENE 22 scene0024_00 48 32
CACHE_SCENE 23 scene0026_00 30 26
CACHE_SCENE 24 scene0027_00 21 19
CACHE_SCENE 25 scene0028_00 23 16
CACHE_SCENE 26 scene0029_00 33 21
CACHE_SCENE 27 scene0031_00 19 18
CACHE_SCENE 28 scene0032_00 16 16
CACHE_SCENE 29 scene0033_00 28 28
CACHE_SCENE 30 scene0034_00 44 30
CACHE_SCENE 31 scene0035_00 19 19
CACHE_SCENE 32 scene0036_00 20 16
CACHE_SCENE 33 scene0037_00 27 24
CACHE_SCENE 34 scene0038_00 23 14
CACHE_SCENE 35 scene0039_00 16 15
CACHE_SCENE 36 scene0040_00 58 25
CACHE_SCENE 37 scene0041_00 38 34
CACHE_SCENE 38 scene0042_00 23 19
CACHE_SCENE 39 scene0043_00 16 15
CACHE_SCENE 40 scene0044_00 12 11
CACHE_SCENE 41 scene0045_00 12 12
CACHE_SCENE 42 scene0047_00 39 32
CACHE_SCENE 43 scene0048_00 18 17
CACHE_SCENE 44 scene0049_00 28 23
CACHE_SCENE 45 scene0051_00 56 31
CACHE_SCENE 46 scene0052_00 16 14
CACHE_SCENE 47 scene0053_00 12 12
CACHE_SCENE 48 scene0054_00 59 37
CACHE_SCENE 49 scene0055_00 15 13
CACHE_SCENE 50 scene0056_00 42 31
CACHE_SCENE 51 scene0057_00 21 17
CACHE_SCENE 52 scene0058_00 35 25
CACHE_SCENE 53 scene0059_00 32 27
CACHE_SCENE 54 scene0060_00 28 22
CACHE_SCENE 55 scene0061_00 29 22
CACHE_SCENE 56 scene0062_00 27 17
CACHE_SCENE 57 scene0065_00 19 18
CACHE_SCENE 58 scene0066_00 37 33
CACHE_SCENE 59 scene0067_00 15 15
CACHE_SCENE 60 scene0068_00 47 27
CACHE_SCENE 61 scene0069_00 13 12
CACHE_SCENE 62 scene0070_00 24 15
CACHE_SCENE 63 scene0071_00 8 7
CACHE_SCENE 64 scene0072_00 27 22
CACHE_SCENE 65 scene0073_00 30 18
CACHE_SCENE 66 scene0074_00 26 24
CACHE_SCENE 67 scene0075_00 22 17
CACHE_SCENE 68 scene0076_00 33 23
CACHE_SCENE 69 scene0078_00 15 15
CACHE_SCENE 70 scene0079_00 25 20
CACHE_SCENE 71 scene0080_00 30 18
CACHE_SCENE 72 scene0082_00 23 20
CACHE_SCENE 73 scene0083_00 21 15
CACHE_SCENE 74 scene0085_00 34 22
CACHE_SCENE 75 scene0087_00 19 18
CACHE_SCENE 76 scene0089_00 25 22
CACHE_SCENE 77 scene0090_00 31 21
CACHE_SCENE 78 scene0091_00 24 21
CACHE_SCENE 79 scene0092_00 57 29
CACHE_SCENE 80 scene0093_00 25 22
CACHE_SCENE 81 scene0094_00 21 20
CACHE_SCENE 82 scene0096_00 41 32
CACHE_SCENE 83 scene0097_00 23 20
CACHE_SCENE 84 scene0098_00 40 25
CACHE_SCENE 85 scene0099_00 14 11
CACHE_SCENE 86 scene0101_00 66 37
CACHE_SCENE 87 scene0102_00 40 29
CACHE_SCENE 88 scene0103_00 15 15
CACHE_SCENE 89 scene0104_00 40 31
CACHE_SCENE 90 scene0105_00 24 18
CACHE_SCENE 91 scene0106_00 38 21
CACHE_SCENE 92 scene0107_00 31 22
CACHE_SCENE 93 scene0108_00 33 24
CACHE_SCENE 94 scene0109_00 23 19
CACHE_SCENE 95 scene0110_00 36 31
CACHE_SCENE 96 scene0111_00 35 31
CACHE_SCENE 97 scene0112_00 18 16
CACHE_SCENE 98 scene0113_00 10 9
CACHE_SCENE 99 scene0114_00 23 21
CACHE_SCENE 100 scene0115_00 20 17
CACHE_SCENE 101 scene0116_00 33 18
CACHE_SCENE 102 scene0117_00 39 23
CACHE_SCENE 103 scene0118_00 17 14
CACHE_SCENE 104 scene0119_00 31 23
CACHE_SCENE 105 scene0120_00 25 20
CACHE_SCENE 106 scene0121_00 26 24
CACHE_SCENE 107 scene0122_00 16 15
CACHE_SCENE 108 scene0123_00 27 17
CACHE_SCENE 109 scene0124_00 31 22
CACHE_SCENE 110 scene0125_00 6 6
CACHE_SCENE 111 scene0126_00 40 26
CACHE_SCENE 112 scene0127_00 24 24
CACHE_SCENE 113 scene0128_00 23 17
CACHE_SCENE 114 scene0129_00 43 36
CACHE_SCENE 115 scene0130_00 19 18
CACHE_SCENE 116 scene0132_00 26 26
CACHE_SCENE 117 scene0133_00 22 21
CACHE_SCENE 118 scene0134_00 18 17
CACHE_SCENE 119 scene0135_00 27 24
CACHE_SCENE 120 scene0136_00 39 21
CACHE_SCENE 121 scene0137_00 36 23
CACHE_SCENE 122 scene0138_00 46 27
CACHE_SCENE 123 scene0140_00 49 41
CACHE_SCENE 124 scene0141_00 60 29
CACHE_SCENE 125 scene0142_00 45 33
CACHE_SCENE 126 scene0143_00 21 21
CACHE_SCENE 127 scene0145_00 18 18
CACHE_SCENE 128 scene0147_00 31 26
CACHE_SCENE 129 scene0148_00 7 7
CACHE_SCENE 130 scene0150_00 13 13
CACHE_SCENE 131 scene0151_00 37 27
CACHE_SCENE 132 scene0152_00 33 28
CACHE_SCENE 133 scene0154_00 14 14
CACHE_SCENE 134 scene0155_00 35 26
CACHE_SCENE 135 scene0156_00 26 25
CACHE_SCENE 136 scene0157_00 19 17
CACHE_SCENE 137 scene0158_00 32 28
CACHE_SCENE 138 scene0159_00 32 20
CACHE_SCENE 139 scene0160_00 19 17
CACHE_SCENE 140 scene0161_00 11 11
CACHE_SCENE 141 scene0162_00 29 27
CACHE_SCENE 142 scene0163_00 25 24
CACHE_SCENE 143 scene0165_00 17 16
CACHE_SCENE 144 scene0166_00 56 29
CACHE_SCENE 145 scene0167_00 35 30
CACHE_SCENE 146 scene0168_00 47 24
CACHE_SCENE 147 scene0170_00 19 17
CACHE_SCENE 148 scene0171_00 22 22
CACHE_SCENE 149 scene0172_00 17 15
CACHE_SCENE 150 scene0173_00 34 20
CACHE_SCENE 151 scene0174_00 24 17
CACHE_SCENE 152 scene0175_00 39 24
CACHE_SCENE 153 scene0176_00 18 16
CACHE_SCENE 154 scene0177_00 33 23
CACHE_SCENE 155 scene0178_00 39 28
CACHE_SCENE 156 scene0179_00 22 15
CACHE_SCENE 157 scene0180_00 32 14
CACHE_SCENE 158 scene0181_00 41 35
CACHE_SCENE 159 scene0182_00 20 16
CACHE_SCENE 160 scene0183_00 43 26
CACHE_SCENE 161 scene0184_00 27 26
CACHE_SCENE 162 scene0185_00 51 25
CACHE_SCENE 163 scene0186_00 42 30
CACHE_SCENE 164 scene0188_00 28 26
CACHE_SCENE 165 scene0189_00 34 24
CACHE_SCENE 166 scene0190_00 23 14
CACHE_SCENE 167 scene0191_00 18 15
CACHE_SCENE 168 scene0192_00 8 8
CACHE_SCENE 169 scene0194_00 26 13
CACHE_SCENE 170 scene0195_00 28 18
CACHE_SCENE 171 scene0197_00 37 28
CACHE_SCENE 172 scene0198_00 23 19
CACHE_SCENE 173 scene0199_00 17 16
CACHE_SCENE 174 scene0200_00 21 21
CACHE_SCENE 175 scene0201_00 34 27
CACHE_SCENE 176 scene0202_00 15 15
CACHE_SCENE 177 scene0204_00 27 22
CACHE_SCENE 178 scene0205_00 18 17
CACHE_SCENE 179 scene0206_00 30 23
CACHE_SCENE 180 scene0209_00 37 23
CACHE_SCENE 181 scene0210_00 32 27
CACHE_SCENE 182 scene0211_00 40 28
CACHE_SCENE 183 scene0212_00 24 22
CACHE_SCENE 184 scene0213_00 33 22
CACHE_SCENE 185 scene0214_00 34 28
CACHE_SCENE 186 scene0215_00 37 33
CACHE_SCENE 187 scene0216_00 16 13
CACHE_SCENE 188 scene0218_00 69 19
CACHE_SCENE 189 scene0219_00 5 5
CACHE_SCENE 190 scene0220_00 49 36
CACHE_SCENE 191 scene0223_00 25 23
CACHE_SCENE 192 scene0224_00 11 11
CACHE_SCENE 193 scene0225_00 42 40
CACHE_SCENE 194 scene0226_00 24 21
CACHE_SCENE 195 scene0227_00 16 15
CACHE_SCENE 196 scene0228_00 11 11
CACHE_SCENE 197 scene0229_00 31 21
CACHE_SCENE 198 scene0230_00 31 28
CACHE_SCENE 199 scene0232_00 26 21
CACHE_SCENE 200 scene0233_00 37 32
CACHE_SCENE 201 scene0234_00 16 14
CACHE_SCENE 202 scene0235_00 41 28
CACHE_SCENE 203 scene0236_00 19 16
CACHE_SCENE 204 scene0237_00 18 15
CACHE_SCENE 205 scene0238_00 33 22
CACHE_SCENE 206 scene0239_00 24 23
CACHE_SCENE 207 scene0240_00 32 22
CACHE_SCENE 208 scene0241_00 31 22
CACHE_SCENE 209 scene0242_00 23 21
CACHE_SCENE 210 scene0243_00 24 20
CACHE_SCENE 211 scene0244_00 20 15
CACHE_SCENE 212 scene0245_00 43 35
CACHE_SCENE 213 scene0247_00 52 35
CACHE_SCENE 214 scene0248_00 14 14
CACHE_SCENE 215 scene0250_00 46 32
CACHE_SCENE 216 scene0252_00 17 15
CACHE_SCENE 217 scene0253_00 24 20
CACHE_SCENE 218 scene0254_00 34 27
CACHE_SCENE 219 scene0255_00 25 24
CACHE_SCENE 220 scene0258_00 17 16
CACHE_SCENE 221 scene0259_00 22 21
CACHE_SCENE 222 scene0260_00 25 24
CACHE_SCENE 223 scene0261_00 35 28
CACHE_SCENE 224 scene0262_00 23 17
CACHE_SCENE 225 scene0263_00 32 26
CACHE_SCENE 226 scene0264_00 33 25
CACHE_SCENE 227 scene0265_00 31 25
CACHE_SCENE 228 scene0266_00 29 23
CACHE_SCENE 229 scene0267_00 25 21
CACHE_SCENE 230 scene0268_00 31 21
CACHE_SCENE 231 scene0269_00 4 4
CACHE_SCENE 232 scene0270_00 43 26
CACHE_SCENE 233 scene0271_00 38 26
CACHE_SCENE 234 scene0272_00 18 15
CACHE_SCENE 235 scene0273_00 19 18
CACHE_SCENE 236 scene0274_00 20 17
CACHE_SCENE 237 scene0275_00 31 22
CACHE_SCENE 238 scene0276_00 54 37
CACHE_SCENE 239 scene0279_00 47 28
CACHE_SCENE 240 scene0280_00 29 20
CACHE_SCENE 241 scene0281_00 32 25
CACHE_SCENE 242 scene0282_00 26 23
CACHE_SCENE 243 scene0283_00 20 14
CACHE_SCENE 244 scene0284_00 19 18
CACHE_SCENE 245 scene0285_00 31 27
CACHE_SCENE 246 scene0286_00 44 30
CACHE_SCENE 247 scene0287_00 16 16
CACHE_SCENE 248 scene0288_00 41 34
CACHE_SCENE 249 scene0289_00 28 25
CACHE_SCENE 250 scene0290_00 27 26
CACHE_SCENE 251 scene0291_00 39 35
CACHE_SCENE 252 scene0292_00 15 15
CACHE_SCENE 253 scene0293_00 16 13
CACHE_SCENE 254 scene0294_00 30 27
CACHE_SCENE 255 scene0295_00 21 21
CACHE_SCENE 256 scene0296_00 49 32
CACHE_SCENE 257 scene0297_00 23 22
CACHE_SCENE 258 scene0298_00 17 15
CACHE_SCENE 259 scene0299_00 20 15
CACHE_SCENE 260 scene0301_00 35 22
CACHE_SCENE 261 scene0302_00 31 22
CACHE_SCENE 262 scene0303_00 24 21
CACHE_SCENE 263 scene0305_00 30 21
CACHE_SCENE 264 scene0306_00 40 29
CACHE_SCENE 265 scene0308_00 26 22
CACHE_SCENE 266 scene0309_00 40 23
CACHE_SCENE 267 scene0310_00 35 28
CACHE_SCENE 268 scene0311_00 22 18
CACHE_SCENE 269 scene0312_00 18 15
CACHE_SCENE 270 scene0313_00 17 11
CACHE_SCENE 271 scene0315_00 42 25
CACHE_SCENE 272 scene0317_00 25 20
CACHE_SCENE 273 scene0318_00 5 5
CACHE_SCENE 274 scene0319_00 23 17
CACHE_SCENE 275 scene0320_00 47 27
CACHE_SCENE 276 scene0321_00 16 15
CACHE_SCENE 277 scene0322_00 10 10
CACHE_SCENE 278 scene0323_00 34 27
CACHE_SCENE 279 scene0324_00 14 13
CACHE_SCENE 280 scene0325_00 26 22
CACHE_SCENE 281 scene0326_00 21 18
CACHE_SCENE 282 scene0327_00 44 32
CACHE_SCENE 283 scene0330_00 16 15
CACHE_SCENE 284 scene0331_00 52 35
CACHE_SCENE 285 scene0332_00 26 25
CACHE_SCENE 286 scene0333_00 21 16
CACHE_SCENE 287 scene0335_00 47 33
CACHE_SCENE 288 scene0336_00 65 32
CACHE_SCENE 289 scene0337_00 5 5
CACHE_SCENE 290 scene0339_00 13 13
CACHE_SCENE 291 scene0340_00 38 23
CACHE_SCENE 292 scene0341_00 51 32
CACHE_SCENE 293 scene0344_00 11 11
CACHE_SCENE 294 scene0345_00 39 27
CACHE_SCENE 295 scene0346_00 21 17
CACHE_SCENE 296 scene0347_00 33 22
CACHE_SCENE 297 scene0348_00 25 20
CACHE_SCENE 298 scene0349_00 24 19
CACHE_SCENE 299 scene0350_00 45 35
CACHE_SCENE 300 scene0352_00 33 25
CACHE_SCENE 301 scene0358_00 27 24
CACHE_SCENE 302 scene0359_00 21 16
CACHE_SCENE 303 scene0360_00 19 18
CACHE_SCENE 304 scene0361_00 34 31
CACHE_SCENE 305 scene0362_00 33 27
CACHE_SCENE 306 scene0363_00 21 19
CACHE_SCENE 307 scene0364_00 18 17
CACHE_SCENE 308 scene0365_00 29 25
CACHE_SCENE 309 scene0366_00 37 25
CACHE_SCENE 310 scene0367_00 16 16
CACHE_SCENE 311 scene0368_00 21 20
CACHE_SCENE 312 scene0369_00 32 18
CACHE_SCENE 313 scene0370_00 49 35
CACHE_SCENE 314 scene0371_00 15 15
CACHE_SCENE 315 scene0372_00 33 31
CACHE_SCENE 316 scene0373_00 12 12
CACHE_SCENE 317 scene0374_00 29 22
CACHE_SCENE 318 scene0375_00 29 20
CACHE_SCENE 319 scene0376_00 17 17
CACHE_SCENE 320 scene0379_00 35 24
CACHE_SCENE 321 scene0380_00 23 18
CACHE_SCENE 322 scene0381_00 12 12
CACHE_SCENE 323 scene0383_00 26 19
CACHE_SCENE 324 scene0384_00 57 24
CACHE_SCENE 325 scene0385_00 26 20
CACHE_SCENE 326 scene0386_00 25 24
CACHE_SCENE 327 scene0387_00 22 18
CACHE_SCENE 328 scene0388_00 19 18
CACHE_SCENE 329 scene0390_00 29 25
CACHE_SCENE 330 scene0391_00 29 23
CACHE_SCENE 331 scene0392_00 46 36
CACHE_SCENE 332 scene0393_00 35 26
CACHE_SCENE 333 scene0394_00 54 30
CACHE_SCENE 334 scene0395_00 36 23
CACHE_SCENE 335 scene0396_00 17 15
CACHE_SCENE 336 scene0397_00 31 21
CACHE_SCENE 337 scene0398_00 24 24
CACHE_SCENE 338 scene0399_00 25 23
CACHE_SCENE 339 scene0400_00 21 19
CACHE_SCENE 340 scene0401_00 30 29
CACHE_SCENE 341 scene0402_00 17 16
CACHE_SCENE 342 scene0403_00 68 28
CACHE_SCENE 343 scene0404_00 43 29
CACHE_SCENE 344 scene0405_00 22 22
CACHE_SCENE 345 scene0407_00 19 18
CACHE_SCENE 346 scene0408_00 76 9
CACHE_SCENE 347 scene0409_00 32 23
CACHE_SCENE 348 scene0410_00 29 18
CACHE_SCENE 349 scene0411_00 41 24
CACHE_SCENE 350 scene0413_00 30 26
CACHE_SCENE 351 scene0415_00 33 27
CACHE_SCENE 352 scene0416_00 55 24
CACHE_SCENE 353 scene0417_00 17 14
CACHE_SCENE 354 scene0418_00 29 20
CACHE_SCENE 355 scene0419_00 65 31
CACHE_SCENE 356 scene0420_00 43 28
CACHE_SCENE 357 scene0421_00 52 25
CACHE_SCENE 358 scene0422_00 52 45
CACHE_SCENE 359 scene0424_00 45 27
CACHE_SCENE 360 scene0425_00 30 24
CACHE_SCENE 361 scene0428_00 25 21
CACHE_SCENE 362 scene0429_00 41 23
CACHE_SCENE 363 scene0431_00 20 20
CACHE_SCENE 364 scene0433_00 27 24
CACHE_SCENE 365 scene0434_00 41 20
CACHE_SCENE 366 scene0436_00 29 24
CACHE_SCENE 367 scene0437_00 13 13
CACHE_SCENE 368 scene0438_00 17 15
CACHE_SCENE 369 scene0439_00 46 32
CACHE_SCENE 370 scene0440_00 32 26
CACHE_SCENE 371 scene0442_00 14 13
CACHE_SCENE 372 scene0443_00 33 24
CACHE_SCENE 373 scene0444_00 23 11
CACHE_SCENE 374 scene0445_00 14 14
CACHE_SCENE 375 scene0446_00 40 20
CACHE_SCENE 376 scene0447_00 42 24
CACHE_SCENE 377 scene0448_00 36 18
CACHE_SCENE 378 scene0449_00 26 14
CACHE_SCENE 379 scene0450_00 14 14
CACHE_SCENE 380 scene0451_00 50 32
CACHE_SCENE 381 scene0452_00 40 26
CACHE_SCENE 382 scene0453_00 40 26
CACHE_SCENE 383 scene0454_00 12 12
CACHE_SCENE 384 scene0455_00 31 27
CACHE_SCENE 385 scene0456_00 22 22
CACHE_SCENE 386 scene0457_00 24 17
CACHE_SCENE 387 scene0459_00 31 28
CACHE_SCENE 388 scene0460_00 21 17
CACHE_SCENE 389 scene0463_00 24 19
CACHE_SCENE 390 scene0464_00 48 26
CACHE_SCENE 391 scene0465_00 45 35
CACHE_SCENE 392 scene0466_00 63 26
CACHE_SCENE 393 scene0467_00 37 18
CACHE_SCENE 394 scene0468_00 31 26
CACHE_SCENE 395 scene0469_00 40 26
CACHE_SCENE 396 scene0470_00 21 20
CACHE_SCENE 397 scene0471_00 17 14
CACHE_SCENE 398 scene0472_00 34 26
CACHE_SCENE 399 scene0473_00 18 14
CACHE_SCENE 400 scene0475_00 39 26
CACHE_SCENE 401 scene0476_00 32 19
CACHE_SCENE 402 scene0477_00 52 28
CACHE_SCENE 403 scene0478_00 21 20
CACHE_SCENE 404 scene0479_00 35 25
CACHE_SCENE 405 scene0480_00 19 18
CACHE_SCENE 406 scene0481_00 57 20
CACHE_SCENE 407 scene0482_00 24 17
CACHE_SCENE 408 scene0483_00 25 25
CACHE_SCENE 409 scene0484_00 6 6
CACHE_SCENE 410 scene0485_00 20 16
CACHE_SCENE 411 scene0486_00 52 26
CACHE_SCENE 412 scene0487_00 33 27
CACHE_SCENE 413 scene0489_00 33 23
CACHE_SCENE 414 scene0491_00 13 12
CACHE_SCENE 415 scene0492_00 31 19
CACHE_SCENE 416 scene0493_00 13 13
CACHE_SCENE 417 scene0495_00 34 26
CACHE_SCENE 418 scene0497_00 60 23
CACHE_SCENE 419 scene0498_00 27 23
CACHE_SCENE 420 scene0499_00 41 31
CACHE_SCENE 421 scene0501_00 37 26
CACHE_SCENE 422 scene0502_00 19 18
CACHE_SCENE 423 scene0503_00 20 20
CACHE_SCENE 424 scene0504_00 30 27
CACHE_SCENE 425 scene0505_00 51 37
CACHE_SCENE 426 scene0506_00 19 18
CACHE_SCENE 427 scene0507_00 22 20
CACHE_SCENE 428 scene0508_00 30 24
CACHE_SCENE 429 scene0509_00 26 23
CACHE_SCENE 430 scene0510_00 65 35
CACHE_SCENE 431 scene0511_00 23 20
CACHE_SCENE 432 scene0512_00 17 16
CACHE_SCENE 433 scene0513_00 29 21
CACHE_SCENE 434 scene0514_00 21 20
CACHE_SCENE 435 scene0515_00 72 41
CACHE_SCENE 436 scene0516_00 50 38
CACHE_SCENE 437 scene0517_00 53 29
CACHE_SCENE 438 scene0519_00 27 25
CACHE_SCENE 439 scene0520_00 32 26
CACHE_SCENE 440 scene0521_00 44 28
CACHE_SCENE 441 scene0522_00 38 28
CACHE_SCENE 442 scene0523_00 36 27
CACHE_SCENE 443 scene0524_00 16 14
CACHE_SCENE 444 scene0525_00 59 35
CACHE_SCENE 445 scene0526_00 7 7
CACHE_SCENE 446 scene0528_00 16 16
CACHE_SCENE 447 scene0529_00 40 33
CACHE_SCENE 448 scene0530_00 32 21
CACHE_SCENE 449 scene0532_00 26 22
CACHE_SCENE 450 scene0533_00 14 14
CACHE_SCENE 451 scene0534_00 38 22
CACHE_SCENE 452 scene0536_00 23 19
CACHE_SCENE 453 scene0537_00 20 18
CACHE_SCENE 454 scene0538_00 38 27
CACHE_SCENE 455 scene0539_00 50 31
CACHE_SCENE 456 scene0540_00 40 34
CACHE_SCENE 457 scene0541_00 25 22
CACHE_SCENE 458 scene0542_00 26 21
CACHE_SCENE 459 scene0543_00 14 14
CACHE_SCENE 460 scene0544_00 20 20
CACHE_SCENE 461 scene0545_00 16 16
CACHE_SCENE 462 scene0547_00 51 32
CACHE_SCENE 463 scene0548_00 27 25
CACHE_SCENE 464 scene0551_00 18 17
CACHE_SCENE 465 scene0554_00 35 26
CACHE_SCENE 466 scene0555_00 37 26
CACHE_SCENE 467 scene0556_00 42 33
CACHE_SCENE 468 scene0557_00 25 21
CACHE_SCENE 469 scene0560_00 27 22
CACHE_SCENE 470 scene0561_00 26 25
CACHE_SCENE 471 scene0562_00 28 28
CACHE_SCENE 472 scene0563_00 24 23
CACHE_SCENE 473 scene0564_00 25 22
CACHE_SCENE 474 scene0566_00 38 36
CACHE_SCENE 475 scene0567_00 22 17
CACHE_SCENE 476 scene0569_00 38 32
CACHE_SCENE 477 scene0570_00 24 18
CACHE_SCENE 478 scene0571_00 28 22
CACHE_SCENE 479 scene0572_00 20 16
CACHE_SCENE 480 scene0573_00 28 20
CACHE_SCENE 481 scene0576_00 33 25
CACHE_SCENE 482 scene0577_00 24 16
CACHE_SCENE 483 scene0579_00 22 20
CACHE_SCENE 484 scene0581_00 45 30
CACHE_SCENE 485 scene0582_00 37 24
CACHE_SCENE 486 scene0584_00 40 20
CACHE_SCENE 487 scene0585_00 33 23
CACHE_SCENE 488 scene0586_00 32 23
CACHE_SCENE 489 scene0587_00 4 4
CACHE_SCENE 490 scene0588_00 48 31
CACHE_SCENE 491 scene0589_00 46 24
CACHE_SCENE 492 scene0590_00 52 31
CACHE_SCENE 493 scene0592_00 52 32
CACHE_SCENE 494 scene0594_00 12 12
CACHE_SCENE 495 scene0596_00 17 13
CACHE_SCENE 496 scene0597_00 43 27
CACHE_SCENE 497 scene0600_00 21 20
CACHE_SCENE 498 scene0601_00 33 23
CACHE_SCENE 499 scene0602_00 16 14
CACHE_SCENE 500 scene0603_00 48 33
CACHE_SCENE 501 scene0604_00 27 18
CACHE_SCENE 502 scene0605_00 20 17
CACHE_SCENE 503 scene0610_00 34 24
CACHE_SCENE 504 scene0611_00 19 17
CACHE_SCENE 505 scene0612_00 39 23
CACHE_SCENE 506 scene0613_00 28 23
CACHE_SCENE 507 scene0614_00 45 33
CACHE_SCENE 508 scene0615_00 33 27
CACHE_SCENE 509 scene0617_00 21 19
CACHE_SCENE 510 scene0619_00 19 16
CACHE_SCENE 511 scene0620_00 15 15
CACHE_SCENE 512 scene0622_00 13 12
CACHE_SCENE 513 scene0623_00 38 22
CACHE_SCENE 514 scene0624_00 43 33
CACHE_SCENE 515 scene0625_00 25 15
CACHE_SCENE 516 scene0626_00 24 20
CACHE_SCENE 517 scene0627_00 57 40
CACHE_SCENE 518 scene0628_00 20 19
CACHE_SCENE 519 scene0630_00 37 20
CACHE_SCENE 520 scene0631_00 27 23
CACHE_SCENE 521 scene0632_00 16 14
CACHE_SCENE 522 scene0634_00 31 22
CACHE_SCENE 523 scene0635_00 38 24
CACHE_SCENE 524 scene0637_00 15 12
CACHE_SCENE 525 scene0638_00 6 6
CACHE_SCENE 526 scene0639_00 15 15
CACHE_SCENE 527 scene0640_00 51 26
CACHE_SCENE 528 scene0641_00 23 21
CACHE_SCENE 529 scene0642_00 49 31
CACHE_SCENE 530 scene0646_00 40 30
CACHE_SCENE 531 scene0649_00 29 26
CACHE_SCENE 532 scene0650_00 19 15
CACHE_SCENE 533 scene0654_00 27 26
CACHE_SCENE 534 scene0656_00 36 19
CACHE_SCENE 535 scene0657_00 39 39
CACHE_SCENE 536 scene0659_00 28 22
CACHE_SCENE 537 scene0661_00 20 18
CACHE_SCENE 538 scene0662_00 26 14
CACHE_SCENE 539 scene0666_00 78 39
CACHE_SCENE 540 scene0667_00 49 37
CACHE_SCENE 541 scene0668_00 40 29
CACHE_SCENE 542 scene0669_00 57 31
CACHE_SCENE 543 scene0672_00 19 16
CACHE_SCENE 544 scene0673_00 64 29
CACHE_SCENE 545 scene0674_00 19 17
CACHE_SCENE 546 scene0675_00 22 19
CACHE_SCENE 547 scene0676_00 31 28
CACHE_SCENE 548 scene0677_00 38 27
CACHE_SCENE 549 scene0679_00 38 21
CACHE_SCENE 550 scene0680_00 18 18
CACHE_SCENE 551 scene0681_00 18 18
CACHE_SCENE 552 scene0682_00 22 21
CACHE_SCENE 553 scene0683_00 20 15
CACHE_SCENE 554 scene0687_00 38 25
CACHE_SCENE 555 scene0688_00 31 24
CACHE_SCENE 556 scene0691_00 20 19
CACHE_SCENE 557 scene0692_00 58 28
CACHE_SCENE 558 scene0694_00 40 25
CACHE_SCENE 559 scene0698_00 48 29
CACHE_SCENE 560 scene0703_00 18 17
CACHE_SCENE 561 scene0705_00 15 13
CACHE_SCENE 562 scene0706_00 32 21
CACHE_COMPLETE {"status": "complete", "scene_count": 562, "object_slots": 16759, "available_slots": 12392, "manifest_sha256": "d050958ded6b8cce69a8d5366a80c5e4140e95903be42fc33fdc513cd73e2278", "source_data_sha256": "804415e82b740e92d4a8e3de4679575fe116cd1e27a9797e9da0977ad1c42be7", "scenes_sha256": "f127f5ca7cd4912f79162e77c51222cf477b84c901c138238a851029acd0de67", "elapsed_seconds": 310.1826419830322, "gpu_peak_bytes": 330714624, "gt_used_for_crop": false, "language_used": false, "optimizer_steps": 0, "mcln_forwards": 0, "formal_rows": 0, "scene_list_split": "ScanRefer train", "input_contract": "Unaugmented native 50000 points, predicted GroupFree boxes, scene-slot deterministic FPS and sampling. Missing <384 point crops have zero features and available=false."}
