Some weights of the model checkpoint at /root/autodl-tmp/DATA_ROOT_mcln_meshsp/roberta-base/ were not used when initializing RobertaModel: ['lm_head.layer_norm.bias', 'lm_head.dense.bias', 'lm_head.layer_norm.weight', 'lm_head.dense.weight', 'lm_head.decoder.weight', 'lm_head.bias']
- This IS expected if you are initializing RobertaModel from the checkpoint of a model trained on another task or with another architecture (e.g. initializing a BertForSequenceClassification model from a BertForPreTraining model).
- This IS NOT expected if you are initializing RobertaModel from the checkpoint of a model that you expect to be exactly identical (initializing a BertForSequenceClassification model from a BertForSequenceClassification model).
PVG_FINETUNE_DATASET_LOADING 2026-10-04T10:08:39.779090+08:00
Loading val files, take a breath!
Begin text decoupling......
End text decoupling!
PVG_EVAL_PROGRESS {"stage": "formal", "rows": 512, "total": 9508, "seconds": 75.65766382217407}
PVG_EVAL_PROGRESS {"stage": "formal", "rows": 1024, "total": 9508, "seconds": 145.1446349620819}
PVG_EVAL_PROGRESS {"stage": "formal", "rows": 1536, "total": 9508, "seconds": 214.5964014530182}
PVG_EVAL_PROGRESS {"stage": "formal", "rows": 2048, "total": 9508, "seconds": 286.0605299472809}
PVG_EVAL_PROGRESS {"stage": "formal", "rows": 2560, "total": 9508, "seconds": 360.10529947280884}
PVG_EVAL_PROGRESS {"stage": "formal", "rows": 3072, "total": 9508, "seconds": 432.2556838989258}
PVG_EVAL_PROGRESS {"stage": "formal", "rows": 3584, "total": 9508, "seconds": 503.3682270050049}
PVG_EVAL_PROGRESS {"stage": "formal", "rows": 4096, "total": 9508, "seconds": 572.616429567337}
PVG_EVAL_PROGRESS {"stage": "formal", "rows": 4608, "total": 9508, "seconds": 642.697103023529}
PVG_EVAL_PROGRESS {"stage": "formal", "rows": 5120, "total": 9508, "seconds": 711.4533967971802}
PVG_EVAL_PROGRESS {"stage": "formal", "rows": 5632, "total": 9508, "seconds": 782.9641826152802}
PVG_EVAL_PROGRESS {"stage": "formal", "rows": 6144, "total": 9508, "seconds": 852.4740488529205}
PVG_EVAL_PROGRESS {"stage": "formal", "rows": 6656, "total": 9508, "seconds": 922.8279309272766}
PVG_EVAL_PROGRESS {"stage": "formal", "rows": 7168, "total": 9508, "seconds": 994.0962500572205}
PVG_EVAL_PROGRESS {"stage": "formal", "rows": 7680, "total": 9508, "seconds": 1066.9040367603302}
PVG_EVAL_PROGRESS {"stage": "formal", "rows": 8192, "total": 9508, "seconds": 1138.7560720443726}
PVG_EVAL_PROGRESS {"stage": "formal", "rows": 8704, "total": 9508, "seconds": 1209.472992658615}
PVG_EVAL_PROGRESS {"stage": "formal", "rows": 9216, "total": 9508, "seconds": 1278.565976858139}
PVG_EVAL_COMPLETE {"status": "pass", "stage": "formal", "rows": 9508, "metrics": {"bbs": {"rec_hits25": 5589, "rec_hits50": 4456, "mask_hits25": 5812, "mask_hits50": 5133, "mask_iou_sum": 4479.007086057623, "mask_miou": 47.107773307295155}, "bbf": {"rec_hits25": 5622, "rec_hits50": 4480, "mask_hits25": 5847, "mask_hits50": 5156, "mask_iou_sum": 4503.713409898512, "mask_miou": 47.36762105488548}}, "elapsed_seconds": 1318.4360733032227, "time_cst": "2026-10-04T10:32:20.215491+08:00", "formal_rows": 9508, "rows_sha256": "816db11ec65d6a537c8af6c41cf99b4ecb50a0cd852212082b8085ebe884e5d7"}
