Some weights of the model checkpoint at /root/autodl-tmp/DATA_ROOT_mcln_meshsp/roberta-base/ were not used when initializing RobertaModel: ['lm_head.dense.weight', 'lm_head.layer_norm.bias', 'lm_head.layer_norm.weight', 'lm_head.decoder.weight', 'lm_head.dense.bias', 'lm_head.bias']
- This IS expected if you are initializing RobertaModel from the checkpoint of a model trained on another task or with another architecture (e.g. initializing a BertForSequenceClassification model from a BertForPreTraining model).
- This IS NOT expected if you are initializing RobertaModel from the checkpoint of a model that you expect to be exactly identical (initializing a BertForSequenceClassification model from a BertForSequenceClassification model).
PVG_FINETUNE_DATASET_LOADING 2026-10-04T13:37:22.632242+08:00
Loading val files, take a breath!
Begin text decoupling......
End text decoupling!
PVG_EVAL_PROGRESS {"stage": "formal", "rows": 512, "total": 9508, "seconds": 77.20835423469543}
PVG_EVAL_PROGRESS {"stage": "formal", "rows": 1024, "total": 9508, "seconds": 148.21260261535645}
PVG_EVAL_PROGRESS {"stage": "formal", "rows": 1536, "total": 9508, "seconds": 216.98440957069397}
PVG_EVAL_PROGRESS {"stage": "formal", "rows": 2048, "total": 9508, "seconds": 290.27363753318787}
PVG_EVAL_PROGRESS {"stage": "formal", "rows": 2560, "total": 9508, "seconds": 366.2754633426666}
PVG_EVAL_PROGRESS {"stage": "formal", "rows": 3072, "total": 9508, "seconds": 439.4762110710144}
PVG_EVAL_PROGRESS {"stage": "formal", "rows": 3584, "total": 9508, "seconds": 510.3376693725586}
PVG_EVAL_PROGRESS {"stage": "formal", "rows": 4096, "total": 9508, "seconds": 580.6432042121887}
PVG_EVAL_PROGRESS {"stage": "formal", "rows": 4608, "total": 9508, "seconds": 651.8364865779877}
PVG_EVAL_PROGRESS {"stage": "formal", "rows": 5120, "total": 9508, "seconds": 723.0887260437012}
PVG_EVAL_PROGRESS {"stage": "formal", "rows": 5632, "total": 9508, "seconds": 795.2936425209045}
PVG_EVAL_PROGRESS {"stage": "formal", "rows": 6144, "total": 9508, "seconds": 865.918913602829}
PVG_EVAL_PROGRESS {"stage": "formal", "rows": 6656, "total": 9508, "seconds": 937.9285802841187}
PVG_EVAL_PROGRESS {"stage": "formal", "rows": 7168, "total": 9508, "seconds": 1010.99511551857}
PVG_EVAL_PROGRESS {"stage": "formal", "rows": 7680, "total": 9508, "seconds": 1085.107438325882}
PVG_EVAL_PROGRESS {"stage": "formal", "rows": 8192, "total": 9508, "seconds": 1158.7361826896667}
PVG_EVAL_PROGRESS {"stage": "formal", "rows": 8704, "total": 9508, "seconds": 1230.9046580791473}
PVG_EVAL_PROGRESS {"stage": "formal", "rows": 9216, "total": 9508, "seconds": 1301.6400690078735}
PVG_EVAL_COMPLETE {"status": "pass", "stage": "formal", "rows": 9508, "metrics": {"bbs": {"rec_hits25": 5589, "rec_hits50": 4446, "mask_hits25": 5812, "mask_hits50": 5133, "mask_iou_sum": 4478.993316252192, "mask_miou": 47.10762848393134}, "bbf": {"rec_hits25": 5624, "rec_hits50": 4469, "mask_hits25": 5847, "mask_hits50": 5156, "mask_iou_sum": 4503.713409898512, "mask_miou": 47.36762105488548}}, "elapsed_seconds": 1342.3029441833496, "time_cst": "2026-10-04T14:01:28.586623+08:00", "formal_rows": 9508, "rows_sha256": "1f5aac59eeef7bf7b8b56bdbd845e0c7148d0dcf62b8cdcf2e13d7fdf1e4fbbd"}
