Some weights of the model checkpoint at /root/autodl-tmp/DATA_ROOT_mcln_meshsp/roberta-base/ were not used when initializing RobertaModel: ['lm_head.decoder.weight', 'lm_head.bias', 'lm_head.layer_norm.bias', 'lm_head.layer_norm.weight', 'lm_head.dense.weight', 'lm_head.dense.bias']
- This IS expected if you are initializing RobertaModel from the checkpoint of a model trained on another task or with another architecture (e.g. initializing a BertForSequenceClassification model from a BertForPreTraining model).
- This IS NOT expected if you are initializing RobertaModel from the checkpoint of a model that you expect to be exactly identical (initializing a BertForSequenceClassification model from a BertForSequenceClassification model).
PVG_FINETUNE_DATASET_LOADING 2026-09-17T17:41:16.888740+08:00
Loading train files, take a breath!
Begin text decoupling......
End text decoupling!
PVG_FULL_DATASET_INPUTS_PASS {"fit": 29778, "holdout": 6887, "physical_fit": 456, "physical_holdout": 106, "reference_rows": 4}
PVG_BATCH8_CAPACITY_PASS {"loss": 13.184042930603027, "grad_norm": 67.60269165039062, "seconds": 4.37521767616272, "rows": [14307, 26871, 13547, 1622, 9672, 18692, 29949, 23417], "loss_bbox": 1.862630844116211, "loss_giou": 1.9771006107330322, "loss_ce": 25.942602157592773, "loss_sem_align": 95.88494873046875, "visual_state_unchanged": true, "fixed_visual_memory": true, "visual_state_tensors": 204, "trainable_tensors": 718, "trainable_parameters": 25397851, "frozen_tensors": 301, "frozen_parameters": 128131008, "status": "pass", "optimizer_steps": 0, "batch_size": 8, "peak_allocated_bytes": 14962948608, "time_cst": "2026-09-17T17:48:15.204309+08:00"}
PVG_EVAL_PROGRESS {"stage": "initial", "rows": 512, "total": 6887, "seconds": 52.57945704460144}
PVG_EVAL_PROGRESS {"stage": "initial", "rows": 1024, "total": 6887, "seconds": 102.29525351524353}
PVG_EVAL_PROGRESS {"stage": "initial", "rows": 1536, "total": 6887, "seconds": 152.70168948173523}
PVG_EVAL_PROGRESS {"stage": "initial", "rows": 2048, "total": 6887, "seconds": 204.23065543174744}
PVG_EVAL_PROGRESS {"stage": "initial", "rows": 2560, "total": 6887, "seconds": 253.70499634742737}
PVG_EVAL_PROGRESS {"stage": "initial", "rows": 3072, "total": 6887, "seconds": 304.18916964530945}
PVG_EVAL_PROGRESS {"stage": "initial", "rows": 3584, "total": 6887, "seconds": 353.0753562450409}
PVG_EVAL_PROGRESS {"stage": "initial", "rows": 4096, "total": 6887, "seconds": 401.950722694397}
PVG_EVAL_PROGRESS {"stage": "initial", "rows": 4608, "total": 6887, "seconds": 450.3963027000427}
PVG_EVAL_PROGRESS {"stage": "initial", "rows": 5120, "total": 6887, "seconds": 500.28966641426086}
PVG_EVAL_PROGRESS {"stage": "initial", "rows": 5632, "total": 6887, "seconds": 547.3491804599762}
PVG_EVAL_PROGRESS {"stage": "initial", "rows": 6144, "total": 6887, "seconds": 602.3536541461945}
PVG_EVAL_PROGRESS {"stage": "initial", "rows": 6656, "total": 6887, "seconds": 653.148286819458}
PVG_EVAL_COMPLETE {"status": "pass", "stage": "initial", "rows": 6887, "metrics": {"bbs": {"rec_hits25": 6147, "rec_hits50": 5549, "mask_hits25": 6174, "mask_hits50": 5824, "mask_iou_sum": 5106.323576468974, "mask_miou": 74.1443818276314}, "bbf": {"rec_hits25": 6175, "rec_hits50": 5584, "mask_hits25": 6187, "mask_hits50": 5836, "mask_iou_sum": 5119.069850585423, "mask_miou": 74.32945913438978}}, "elapsed_seconds": 674.5185997486115, "time_cst": "2026-09-17T17:59:30.801188+08:00", "formal_rows": 0, "rows_sha256": "c8aaff407aaf71228ae8d76a25b12630b59d516d686e8f8652023e06d2ee83e0", "boxes_sha256": "c5b7bc1da6c71cf3c7631e3f1c95060ccc9490e654cc0a300b60a9f0e63a0a36", "scores_sha256": "b90bbdc090b6bfa95468244f2961814e889b321727e7cb820513c41b22cad720"}
PVG_TRAIN_PROGRESS {"loss": 13.184041023254395, "grad_norm": 67.6026840209961, "seconds": 1.6736323833465576, "rows": [14307, 26871, 13547, 1622, 9672, 18692, 29949, 23417], "loss_bbox": 1.862630844116211, "loss_giou": 1.9771006107330322, "loss_ce": 25.942602157592773, "loss_sem_align": 95.88494873046875, "step": 1, "total_steps": 3723, "cumulative_seconds": 3.3860812187194824}
PVG_TRAIN_PROGRESS {"loss": 14.30664348602295, "grad_norm": 44.239112854003906, "seconds": 1.1328144073486328, "rows": [7567, 30736, 20705, 8947, 23373, 33838, 25918, 26821], "loss_bbox": 1.3163256645202637, "loss_giou": 2.114300489425659, "loss_ce": 32.69977951049805, "loss_sem_align": 106.57608032226562, "step": 64, "total_steps": 3723, "cumulative_seconds": 74.80023050308228}
PVG_TRAIN_PROGRESS {"loss": 12.067549705505371, "grad_norm": 35.330623626708984, "seconds": 1.0812091827392578, "rows": [15103, 27368, 7779, 17869, 25329, 490, 12853, 4415], "loss_bbox": 0.8016073107719421, "loss_giou": 1.5751256942749023, "loss_ce": 37.5203857421875, "loss_sem_align": 101.26741790771484, "step": 128, "total_steps": 3723, "cumulative_seconds": 146.44243264198303}
PVG_TRAIN_PROGRESS {"loss": 13.201228141784668, "grad_norm": 172.99468994140625, "seconds": 1.0783123970031738, "rows": [25218, 19664, 24817, 14728, 28654, 28440, 24267, 14046], "loss_bbox": 0.9447660446166992, "loss_giou": 1.7073745727539062, "loss_ce": 30.956539154052734, "loss_sem_align": 103.08757781982422, "step": 192, "total_steps": 3723, "cumulative_seconds": 218.00292110443115}
PVG_TRAIN_PROGRESS {"loss": 14.392195701599121, "grad_norm": 87.10968017578125, "seconds": 1.1318886280059814, "rows": [36309, 19984, 20494, 25269, 24819, 21103, 28540, 305], "loss_bbox": 1.092541217803955, "loss_giou": 2.393770694732666, "loss_ce": 34.385982513427734, "loss_sem_align": 106.79669189453125, "step": 256, "total_steps": 3723, "cumulative_seconds": 289.65679812431335}
PVG_TRAIN_PROGRESS {"loss": 12.780128479003906, "grad_norm": 35.20844650268555, "seconds": 1.1042933464050293, "rows": [28438, 34330, 22735, 25175, 8695, 641, 27708, 35555], "loss_bbox": 1.1158971786499023, "loss_giou": 1.7105624675750732, "loss_ce": 28.652782440185547, "loss_sem_align": 105.71047973632812, "step": 320, "total_steps": 3723, "cumulative_seconds": 361.2661941051483}
PVG_TRAIN_PROGRESS {"loss": 13.707179069519043, "grad_norm": 83.56002807617188, "seconds": 1.1633961200714111, "rows": [27212, 26175, 19955, 26881, 503, 35988, 6434, 10007], "loss_bbox": 0.9405607581138611, "loss_giou": 1.4885679483413696, "loss_ce": 39.365821838378906, "loss_sem_align": 106.6065444946289, "step": 384, "total_steps": 3723, "cumulative_seconds": 433.1540358066559}
PVG_TRAIN_PROGRESS {"loss": 13.591009140014648, "grad_norm": 66.5595932006836, "seconds": 1.0874526500701904, "rows": [834, 17297, 15678, 2280, 4252, 33736, 8135, 21478], "loss_bbox": 1.2376888990402222, "loss_giou": 2.1884124279022217, "loss_ce": 38.35079574584961, "loss_sem_align": 102.14715576171875, "step": 448, "total_steps": 3723, "cumulative_seconds": 504.406857252121}
PVG_TRAIN_PROGRESS {"loss": 13.361824035644531, "grad_norm": 39.752498626708984, "seconds": 1.063737154006958, "rows": [26044, 25150, 28590, 29431, 31645, 17646, 17543, 18016], "loss_bbox": 1.2154432535171509, "loss_giou": 2.0159096717834473, "loss_ce": 29.963342666625977, "loss_sem_align": 104.87694549560547, "step": 512, "total_steps": 3723, "cumulative_seconds": 576.1987521648407}
PVG_TRAIN_PROGRESS {"loss": 13.006173133850098, "grad_norm": 57.22637939453125, "seconds": 1.1602692604064941, "rows": [33280, 30764, 30722, 27295, 23328, 7182, 22083, 968], "loss_bbox": 0.8409738540649414, "loss_giou": 2.028073310852051, "loss_ce": 30.702205657958984, "loss_sem_align": 106.6955337524414, "step": 576, "total_steps": 3723, "cumulative_seconds": 648.2084546089172}
PVG_TRAIN_PROGRESS {"loss": 14.134613990783691, "grad_norm": 37.26931381225586, "seconds": 1.1375541687011719, "rows": [31879, 27963, 9416, 17578, 27826, 19582, 4899, 13366], "loss_bbox": 1.0613811016082764, "loss_giou": 2.0989341735839844, "loss_ce": 32.166255950927734, "loss_sem_align": 110.5796127319336, "step": 640, "total_steps": 3723, "cumulative_seconds": 720.0923464298248}
PVG_TRAIN_PROGRESS {"loss": 13.198205947875977, "grad_norm": 46.18101119995117, "seconds": 1.25144624710083, "rows": [35165, 29381, 26455, 30002, 872, 7802, 13814, 22841], "loss_bbox": 1.072027564048767, "loss_giou": 2.0893256664276123, "loss_ce": 27.7320499420166, "loss_sem_align": 99.94694519042969, "step": 704, "total_steps": 3723, "cumulative_seconds": 792.3380582332611}
PVG_TRAIN_PROGRESS {"loss": 12.042684555053711, "grad_norm": 27.67637825012207, "seconds": 1.15220308303833, "rows": [30205, 14997, 19959, 20442, 5810, 12768, 21756, 23256], "loss_bbox": 1.0034890174865723, "loss_giou": 2.0519773960113525, "loss_ce": 27.737873077392578, "loss_sem_align": 96.68880462646484, "step": 768, "total_steps": 3723, "cumulative_seconds": 864.3166782855988}
PVG_TRAIN_PROGRESS {"loss": 15.358726501464844, "grad_norm": 70.17005157470703, "seconds": 1.1287806034088135, "rows": [28584, 34918, 15075, 15859, 3587, 8998, 26898, 35280], "loss_bbox": 0.9441595077514648, "loss_giou": 1.6037402153015137, "loss_ce": 39.91632843017578, "loss_sem_align": 118.50283813476562, "step": 832, "total_steps": 3723, "cumulative_seconds": 937.1063537597656}
PVG_TRAIN_PROGRESS {"loss": 14.254955291748047, "grad_norm": 46.78960418701172, "seconds": 1.1225626468658447, "rows": [23068, 36262, 8674, 20051, 34001, 28637, 13579, 35140], "loss_bbox": 0.8145028948783875, "loss_giou": 1.4074662923812866, "loss_ce": 39.295448303222656, "loss_sem_align": 110.72518920898438, "step": 896, "total_steps": 3723, "cumulative_seconds": 1011.006175994873}
PVG_TRAIN_PROGRESS {"loss": 14.028799057006836, "grad_norm": 58.153038024902344, "seconds": 1.1120803356170654, "rows": [22115, 21234, 2502, 10039, 29918, 10407, 21230, 12274], "loss_bbox": 1.062625527381897, "loss_giou": 1.8867547512054443, "loss_ce": 32.52351760864258, "loss_sem_align": 106.42601013183594, "step": 960, "total_steps": 3723, "cumulative_seconds": 1083.1089842319489}
PVG_TRAIN_PROGRESS {"loss": 14.06047248840332, "grad_norm": 68.02622985839844, "seconds": 1.113231897354126, "rows": [26171, 64, 31281, 30355, 33879, 21199, 29605, 12793], "loss_bbox": 0.8985544443130493, "loss_giou": 1.7517048120498657, "loss_ce": 35.51533126831055, "loss_sem_align": 107.34410858154297, "step": 1024, "total_steps": 3723, "cumulative_seconds": 1153.4342050552368}
PVG_TRAIN_PROGRESS {"loss": 15.156269073486328, "grad_norm": 59.02388381958008, "seconds": 1.1133286952972412, "rows": [8218, 2587, 3019, 3201, 12927, 24228, 32290, 19714], "loss_bbox": 0.9819085597991943, "loss_giou": 1.958307147026062, "loss_ce": 43.949180603027344, "loss_sem_align": 115.791748046875, "step": 1088, "total_steps": 3723, "cumulative_seconds": 1226.4600932598114}
PVG_TRAIN_PROGRESS {"loss": 14.836451530456543, "grad_norm": 58.559410095214844, "seconds": 1.1340253353118896, "rows": [26737, 9396, 21498, 8254, 1616, 23112, 10111, 25189], "loss_bbox": 1.0608038902282715, "loss_giou": 1.9897480010986328, "loss_ce": 42.9501953125, "loss_sem_align": 116.06288146972656, "step": 1152, "total_steps": 3723, "cumulative_seconds": 1297.4758248329163}
