Some weights of the model checkpoint at /root/autodl-tmp/DATA_ROOT_mcln_meshsp/roberta-base/ were not used when initializing RobertaModel: ['lm_head.decoder.weight', 'lm_head.bias', 'lm_head.layer_norm.bias', 'lm_head.layer_norm.weight', 'lm_head.dense.weight', 'lm_head.dense.bias']
- This IS expected if you are initializing RobertaModel from the checkpoint of a model trained on another task or with another architecture (e.g. initializing a BertForSequenceClassification model from a BertForPreTraining model).
- This IS NOT expected if you are initializing RobertaModel from the checkpoint of a model that you expect to be exactly identical (initializing a BertForSequenceClassification model from a BertForSequenceClassification model).
PVG_FINETUNE_DATASET_LOADING 2026-09-17T17:41:16.888740+08:00
Loading train files, take a breath!
Begin text decoupling......
End text decoupling!
PVG_FULL_DATASET_INPUTS_PASS {"fit": 29778, "holdout": 6887, "physical_fit": 456, "physical_holdout": 106, "reference_rows": 4}
PVG_BATCH8_CAPACITY_PASS {"loss": 13.184042930603027, "grad_norm": 67.60269165039062, "seconds": 4.37521767616272, "rows": [14307, 26871, 13547, 1622, 9672, 18692, 29949, 23417], "loss_bbox": 1.862630844116211, "loss_giou": 1.9771006107330322, "loss_ce": 25.942602157592773, "loss_sem_align": 95.88494873046875, "visual_state_unchanged": true, "fixed_visual_memory": true, "visual_state_tensors": 204, "trainable_tensors": 718, "trainable_parameters": 25397851, "frozen_tensors": 301, "frozen_parameters": 128131008, "status": "pass", "optimizer_steps": 0, "batch_size": 8, "peak_allocated_bytes": 14962948608, "time_cst": "2026-09-17T17:48:15.204309+08:00"}
PVG_EVAL_PROGRESS {"stage": "initial", "rows": 512, "total": 6887, "seconds": 52.57945704460144}
PVG_EVAL_PROGRESS {"stage": "initial", "rows": 1024, "total": 6887, "seconds": 102.29525351524353}
PVG_EVAL_PROGRESS {"stage": "initial", "rows": 1536, "total": 6887, "seconds": 152.70168948173523}
PVG_EVAL_PROGRESS {"stage": "initial", "rows": 2048, "total": 6887, "seconds": 204.23065543174744}
PVG_EVAL_PROGRESS {"stage": "initial", "rows": 2560, "total": 6887, "seconds": 253.70499634742737}
PVG_EVAL_PROGRESS {"stage": "initial", "rows": 3072, "total": 6887, "seconds": 304.18916964530945}
PVG_EVAL_PROGRESS {"stage": "initial", "rows": 3584, "total": 6887, "seconds": 353.0753562450409}
PVG_EVAL_PROGRESS {"stage": "initial", "rows": 4096, "total": 6887, "seconds": 401.950722694397}
PVG_EVAL_PROGRESS {"stage": "initial", "rows": 4608, "total": 6887, "seconds": 450.3963027000427}
PVG_EVAL_PROGRESS {"stage": "initial", "rows": 5120, "total": 6887, "seconds": 500.28966641426086}
PVG_EVAL_PROGRESS {"stage": "initial", "rows": 5632, "total": 6887, "seconds": 547.3491804599762}
PVG_EVAL_PROGRESS {"stage": "initial", "rows": 6144, "total": 6887, "seconds": 602.3536541461945}
