Some weights of the model checkpoint at /root/autodl-tmp/DATA_ROOT_mcln_meshsp/roberta-base/ were not used when initializing RobertaModel: ['lm_head.decoder.weight', 'lm_head.bias', 'lm_head.layer_norm.bias', 'lm_head.layer_norm.weight', 'lm_head.dense.weight', 'lm_head.dense.bias']
- This IS expected if you are initializing RobertaModel from the checkpoint of a model trained on another task or with another architecture (e.g. initializing a BertForSequenceClassification model from a BertForPreTraining model).
- This IS NOT expected if you are initializing RobertaModel from the checkpoint of a model that you expect to be exactly identical (initializing a BertForSequenceClassification model from a BertForSequenceClassification model).
PVG_FINETUNE_DATASET_LOADING 2026-09-17T17:41:16.888740+08:00
Loading train files, take a breath!
Begin text decoupling......
End text decoupling!
PVG_FULL_DATASET_INPUTS_PASS {"fit": 29778, "holdout": 6887, "physical_fit": 456, "physical_holdout": 106, "reference_rows": 4}
PVG_BATCH8_CAPACITY_PASS {"loss": 13.184042930603027, "grad_norm": 67.60269165039062, "seconds": 4.37521767616272, "rows": [14307, 26871, 13547, 1622, 9672, 18692, 29949, 23417], "loss_bbox": 1.862630844116211, "loss_giou": 1.9771006107330322, "loss_ce": 25.942602157592773, "loss_sem_align": 95.88494873046875, "visual_state_unchanged": true, "fixed_visual_memory": true, "visual_state_tensors": 204, "trainable_tensors": 718, "trainable_parameters": 25397851, "frozen_tensors": 301, "frozen_parameters": 128131008, "status": "pass", "optimizer_steps": 0, "batch_size": 8, "peak_allocated_bytes": 14962948608, "time_cst": "2026-09-17T17:48:15.204309+08:00"}
PVG_EVAL_PROGRESS {"stage": "initial", "rows": 512, "total": 6887, "seconds": 52.57945704460144}
PVG_EVAL_PROGRESS {"stage": "initial", "rows": 1024, "total": 6887, "seconds": 102.29525351524353}
PVG_EVAL_PROGRESS {"stage": "initial", "rows": 1536, "total": 6887, "seconds": 152.70168948173523}
PVG_EVAL_PROGRESS {"stage": "initial", "rows": 2048, "total": 6887, "seconds": 204.23065543174744}
PVG_EVAL_PROGRESS {"stage": "initial", "rows": 2560, "total": 6887, "seconds": 253.70499634742737}
PVG_EVAL_PROGRESS {"stage": "initial", "rows": 3072, "total": 6887, "seconds": 304.18916964530945}
PVG_EVAL_PROGRESS {"stage": "initial", "rows": 3584, "total": 6887, "seconds": 353.0753562450409}
PVG_EVAL_PROGRESS {"stage": "initial", "rows": 4096, "total": 6887, "seconds": 401.950722694397}
PVG_EVAL_PROGRESS {"stage": "initial", "rows": 4608, "total": 6887, "seconds": 450.3963027000427}
PVG_EVAL_PROGRESS {"stage": "initial", "rows": 5120, "total": 6887, "seconds": 500.28966641426086}
PVG_EVAL_PROGRESS {"stage": "initial", "rows": 5632, "total": 6887, "seconds": 547.3491804599762}
PVG_EVAL_PROGRESS {"stage": "initial", "rows": 6144, "total": 6887, "seconds": 602.3536541461945}
PVG_EVAL_PROGRESS {"stage": "initial", "rows": 6656, "total": 6887, "seconds": 653.148286819458}
PVG_EVAL_COMPLETE {"status": "pass", "stage": "initial", "rows": 6887, "metrics": {"bbs": {"rec_hits25": 6147, "rec_hits50": 5549, "mask_hits25": 6174, "mask_hits50": 5824, "mask_iou_sum": 5106.323576468974, "mask_miou": 74.1443818276314}, "bbf": {"rec_hits25": 6175, "rec_hits50": 5584, "mask_hits25": 6187, "mask_hits50": 5836, "mask_iou_sum": 5119.069850585423, "mask_miou": 74.32945913438978}}, "elapsed_seconds": 674.5185997486115, "time_cst": "2026-09-17T17:59:30.801188+08:00", "formal_rows": 0, "rows_sha256": "c8aaff407aaf71228ae8d76a25b12630b59d516d686e8f8652023e06d2ee83e0", "boxes_sha256": "c5b7bc1da6c71cf3c7631e3f1c95060ccc9490e654cc0a300b60a9f0e63a0a36", "scores_sha256": "b90bbdc090b6bfa95468244f2961814e889b321727e7cb820513c41b22cad720"}
PVG_TRAIN_PROGRESS {"loss": 13.184041023254395, "grad_norm": 67.6026840209961, "seconds": 1.6736323833465576, "rows": [14307, 26871, 13547, 1622, 9672, 18692, 29949, 23417], "loss_bbox": 1.862630844116211, "loss_giou": 1.9771006107330322, "loss_ce": 25.942602157592773, "loss_sem_align": 95.88494873046875, "step": 1, "total_steps": 3723, "cumulative_seconds": 3.3860812187194824}
PVG_TRAIN_PROGRESS {"loss": 14.30664348602295, "grad_norm": 44.239112854003906, "seconds": 1.1328144073486328, "rows": [7567, 30736, 20705, 8947, 23373, 33838, 25918, 26821], "loss_bbox": 1.3163256645202637, "loss_giou": 2.114300489425659, "loss_ce": 32.69977951049805, "loss_sem_align": 106.57608032226562, "step": 64, "total_steps": 3723, "cumulative_seconds": 74.80023050308228}
PVG_TRAIN_PROGRESS {"loss": 12.067549705505371, "grad_norm": 35.330623626708984, "seconds": 1.0812091827392578, "rows": [15103, 27368, 7779, 17869, 25329, 490, 12853, 4415], "loss_bbox": 0.8016073107719421, "loss_giou": 1.5751256942749023, "loss_ce": 37.5203857421875, "loss_sem_align": 101.26741790771484, "step": 128, "total_steps": 3723, "cumulative_seconds": 146.44243264198303}
PVG_TRAIN_PROGRESS {"loss": 13.201228141784668, "grad_norm": 172.99468994140625, "seconds": 1.0783123970031738, "rows": [25218, 19664, 24817, 14728, 28654, 28440, 24267, 14046], "loss_bbox": 0.9447660446166992, "loss_giou": 1.7073745727539062, "loss_ce": 30.956539154052734, "loss_sem_align": 103.08757781982422, "step": 192, "total_steps": 3723, "cumulative_seconds": 218.00292110443115}
PVG_TRAIN_PROGRESS {"loss": 14.392195701599121, "grad_norm": 87.10968017578125, "seconds": 1.1318886280059814, "rows": [36309, 19984, 20494, 25269, 24819, 21103, 28540, 305], "loss_bbox": 1.092541217803955, "loss_giou": 2.393770694732666, "loss_ce": 34.385982513427734, "loss_sem_align": 106.79669189453125, "step": 256, "total_steps": 3723, "cumulative_seconds": 289.65679812431335}
PVG_TRAIN_PROGRESS {"loss": 12.780128479003906, "grad_norm": 35.20844650268555, "seconds": 1.1042933464050293, "rows": [28438, 34330, 22735, 25175, 8695, 641, 27708, 35555], "loss_bbox": 1.1158971786499023, "loss_giou": 1.7105624675750732, "loss_ce": 28.652782440185547, "loss_sem_align": 105.71047973632812, "step": 320, "total_steps": 3723, "cumulative_seconds": 361.2661941051483}
PVG_TRAIN_PROGRESS {"loss": 13.707179069519043, "grad_norm": 83.56002807617188, "seconds": 1.1633961200714111, "rows": [27212, 26175, 19955, 26881, 503, 35988, 6434, 10007], "loss_bbox": 0.9405607581138611, "loss_giou": 1.4885679483413696, "loss_ce": 39.365821838378906, "loss_sem_align": 106.6065444946289, "step": 384, "total_steps": 3723, "cumulative_seconds": 433.1540358066559}
