Some weights of the model checkpoint at /root/autodl-tmp/DATA_ROOT_mcln_meshsp/roberta-base/ were not used when initializing RobertaModel: ['lm_head.layer_norm.bias', 'lm_head.bias', 'lm_head.decoder.weight', 'lm_head.dense.bias', 'lm_head.dense.weight', 'lm_head.layer_norm.weight']
- This IS expected if you are initializing RobertaModel from the checkpoint of a model trained on another task or with another architecture (e.g. initializing a BertForSequenceClassification model from a BertForPreTraining model).
- This IS NOT expected if you are initializing RobertaModel from the checkpoint of a model that you expect to be exactly identical (initializing a BertForSequenceClassification model from a BertForSequenceClassification model).
Loading val files, take a breath!
Begin text decoupling......
End text decoupling!
READBACK_EVAL_PROGRESS {"stage": "formal", "rows": 512, "total": 9508, "seconds": 78.10099053382874}
READBACK_EVAL_PROGRESS {"stage": "formal", "rows": 1024, "total": 9508, "seconds": 149.69606137275696}
READBACK_EVAL_PROGRESS {"stage": "formal", "rows": 1536, "total": 9508, "seconds": 219.19323253631592}
READBACK_EVAL_PROGRESS {"stage": "formal", "rows": 2048, "total": 9508, "seconds": 293.5285849571228}
READBACK_EVAL_PROGRESS {"stage": "formal", "rows": 2560, "total": 9508, "seconds": 371.16067337989807}
READBACK_EVAL_PROGRESS {"stage": "formal", "rows": 3072, "total": 9508, "seconds": 445.05960988998413}
READBACK_EVAL_PROGRESS {"stage": "formal", "rows": 3584, "total": 9508, "seconds": 518.2551453113556}
READBACK_EVAL_PROGRESS {"stage": "formal", "rows": 4096, "total": 9508, "seconds": 590.4636406898499}
READBACK_EVAL_PROGRESS {"stage": "formal", "rows": 4608, "total": 9508, "seconds": 663.2235860824585}
READBACK_EVAL_PROGRESS {"stage": "formal", "rows": 5120, "total": 9508, "seconds": 734.4923334121704}
READBACK_EVAL_PROGRESS {"stage": "formal", "rows": 5632, "total": 9508, "seconds": 808.2853834629059}
READBACK_EVAL_PROGRESS {"stage": "formal", "rows": 6144, "total": 9508, "seconds": 880.353001832962}
READBACK_EVAL_PROGRESS {"stage": "formal", "rows": 6656, "total": 9508, "seconds": 953.4893591403961}
READBACK_EVAL_PROGRESS {"stage": "formal", "rows": 7168, "total": 9508, "seconds": 1027.347013950348}
READBACK_EVAL_PROGRESS {"stage": "formal", "rows": 7680, "total": 9508, "seconds": 1102.693438053131}
READBACK_EVAL_PROGRESS {"stage": "formal", "rows": 8192, "total": 9508, "seconds": 1176.2369828224182}
READBACK_EVAL_PROGRESS {"stage": "formal", "rows": 8704, "total": 9508, "seconds": 1248.2080461978912}
READBACK_EVAL_PROGRESS {"stage": "formal", "rows": 9216, "total": 9508, "seconds": 1318.3614103794098}
READBACK_EVAL_COMPLETE {"status": "pass", "stage": "formal", "rows": 9508, "metrics": {"bbs": {"rec_hits25": 5615, "rec_hits50": 4477, "mask_hits25": 5817, "mask_hits50": 5137, "mask_miou": 47.1315861115407}}, "fixed_frame_readback_effect": {"0.25": {"fixes": 55, "damages": 56, "net": -1}, "0.5": {"fixes": 66, "damages": 95, "net": -29}}, "primary_mode": "bbs", "primary_threshold": 0.5, "elapsed_seconds": 1358.9859437942505, "time_cst": "2026-10-05T03:43:10.253952+08:00", "formal_rows": 9508, "rows_sha256": "f7e9e3306d6eb497ea2c53878ea93b5f2713b1720174b1ab6b05884b0468556f"}
