Some weights of the model checkpoint at /root/autodl-tmp/DATA_ROOT_mcln_meshsp/roberta-base/ were not used when initializing RobertaModel: ['lm_head.decoder.weight', 'lm_head.bias', 'lm_head.layer_norm.weight', 'lm_head.dense.bias', 'lm_head.dense.weight', 'lm_head.layer_norm.bias']
- This IS expected if you are initializing RobertaModel from the checkpoint of a model trained on another task or with another architecture (e.g. initializing a BertForSequenceClassification model from a BertForPreTraining model).
- This IS NOT expected if you are initializing RobertaModel from the checkpoint of a model that you expect to be exactly identical (initializing a BertForSequenceClassification model from a BertForSequenceClassification model).
PVG_FINETUNE_DATASET_LOADING 2026-10-03T04:05:55.691514+08:00
Loading val files, take a breath!
Begin text decoupling......
End text decoupling!
CANDIDATE_AUDIT_PROGRESS {"rows": 512, "seconds": 59.319544315338135}
CANDIDATE_AUDIT_PROGRESS {"rows": 1024, "seconds": 112.38170981407166}
CANDIDATE_AUDIT_PROGRESS {"rows": 1536, "seconds": 164.11072492599487}
CANDIDATE_AUDIT_PROGRESS {"rows": 2048, "seconds": 219.7743318080902}
CANDIDATE_AUDIT_PROGRESS {"rows": 2560, "seconds": 277.0054597854614}
CANDIDATE_AUDIT_PROGRESS {"rows": 3072, "seconds": 332.6034595966339}
CANDIDATE_AUDIT_PROGRESS {"rows": 3584, "seconds": 386.67568349838257}
CANDIDATE_AUDIT_PROGRESS {"rows": 4096, "seconds": 439.7980992794037}
CANDIDATE_AUDIT_PROGRESS {"rows": 4608, "seconds": 493.2437002658844}
CANDIDATE_AUDIT_PROGRESS {"rows": 5120, "seconds": 545.446620464325}
CANDIDATE_AUDIT_PROGRESS {"rows": 5632, "seconds": 599.6859385967255}
CANDIDATE_AUDIT_PROGRESS {"rows": 6144, "seconds": 652.9178757667542}
CANDIDATE_AUDIT_PROGRESS {"rows": 6656, "seconds": 707.1886444091797}
CANDIDATE_AUDIT_PROGRESS {"rows": 7168, "seconds": 763.5580236911774}
CANDIDATE_AUDIT_PROGRESS {"rows": 7680, "seconds": 820.5223348140717}
CANDIDATE_AUDIT_PROGRESS {"rows": 8192, "seconds": 876.0275232791901}
CANDIDATE_AUDIT_PROGRESS {"rows": 8704, "seconds": 930.3031339645386}
CANDIDATE_AUDIT_PROGRESS {"rows": 9216, "seconds": 983.1052558422089}
CANDIDATE_AUDIT_COMPLETE {"status": "pass", "time_cst": "2026-10-03T04:24:33.503118+08:00", "rows": 9508, "chunks": 1189, "rec_hits": {"25": 5566, "50": 4406}, "elapsed_seconds": 1014.3697700500488, "optimizer_updates": 0, "optimizer_constructed": false, "all_candidates_retained": 256, "model_state_unchanged": true, "official_evaluator_counts_exact": true, "root_excluded_from_scene_detection_GT_rows": 87, "parent_arm": "tail_fused", "terminal_step": 3723, "input_manifest": "/root/autodl-tmp/mcln_scanrefer_detection_aligned_source_20260908_v1/input_manifest.json", "rows_sha256": "957d321f7820418d33aa09a9275944b92a75a3337db6861873fd60a92220a58f", "evidence_limits": "Read-only full-candidate diagnostic, not a retrained ablation. Native matcher is applied to evaluation inputs; unmatched status is not physical background identity. IoU qualification and overlap against detection-vocabulary scene GT are GT-only geometric proxies, not a deployed selection rule. Root GT is scored independently even when excluded from the detection-vocabulary scene list; that exclusion is recorded. All 256 are kept; no new pruning, supervision or optimizer update. Fresh forward may differ numerically from archived formal output."}
