Some weights of the model checkpoint at /root/autodl-tmp/DATA_ROOT_mcln_meshsp/roberta-base/ were not used when initializing RobertaModel: ['lm_head.decoder.weight', 'lm_head.layer_norm.bias', 'lm_head.layer_norm.weight', 'lm_head.dense.bias', 'lm_head.bias', 'lm_head.dense.weight']
- This IS expected if you are initializing RobertaModel from the checkpoint of a model trained on another task or with another architecture (e.g. initializing a BertForSequenceClassification model from a BertForPreTraining model).
- This IS NOT expected if you are initializing RobertaModel from the checkpoint of a model that you expect to be exactly identical (initializing a BertForSequenceClassification model from a BertForSequenceClassification model).
Loading val files, take a breath!
Begin text decoupling......
End text decoupling!
{"event": "PROGRESS", "phase": "formal", "batch": 8, "rows": 512, "total": 9508, "seconds": 54.064245864748955}
{"event": "PROGRESS", "phase": "formal", "batch": 8, "rows": 1024, "total": 9508, "seconds": 100.46725993603468}
{"event": "PROGRESS", "phase": "formal", "batch": 8, "rows": 1536, "total": 9508, "seconds": 145.12324776500463}
{"event": "PROGRESS", "phase": "formal", "batch": 8, "rows": 2048, "total": 9508, "seconds": 191.9916315972805}
{"event": "PROGRESS", "phase": "formal", "batch": 8, "rows": 2560, "total": 9508, "seconds": 241.28178215026855}
{"event": "PROGRESS", "phase": "formal", "batch": 8, "rows": 3072, "total": 9508, "seconds": 288.15896290540695}
{"event": "PROGRESS", "phase": "formal", "batch": 8, "rows": 3584, "total": 9508, "seconds": 334.9859654903412}
{"event": "PROGRESS", "phase": "formal", "batch": 8, "rows": 4096, "total": 9508, "seconds": 380.8086002096534}
{"event": "PROGRESS", "phase": "formal", "batch": 8, "rows": 4608, "total": 9508, "seconds": 426.82357976585627}
{"event": "PROGRESS", "phase": "formal", "batch": 8, "rows": 5120, "total": 9508, "seconds": 472.3430105820298}
{"event": "PROGRESS", "phase": "formal", "batch": 8, "rows": 5632, "total": 9508, "seconds": 519.3669937849045}
{"event": "PROGRESS", "phase": "formal", "batch": 8, "rows": 6144, "total": 9508, "seconds": 564.905143737793}
{"event": "PROGRESS", "phase": "formal", "batch": 8, "rows": 6656, "total": 9508, "seconds": 611.3189759403467}
{"event": "PROGRESS", "phase": "formal", "batch": 8, "rows": 7168, "total": 9508, "seconds": 658.3284810632467}
{"event": "PROGRESS", "phase": "formal", "batch": 8, "rows": 7680, "total": 9508, "seconds": 706.6288354247808}
{"event": "PROGRESS", "phase": "formal", "batch": 8, "rows": 8192, "total": 9508, "seconds": 753.9186901301146}
{"event": "PROGRESS", "phase": "formal", "batch": 8, "rows": 8704, "total": 9508, "seconds": 800.2977293655276}
{"event": "PROGRESS", "phase": "formal", "batch": 8, "rows": 9216, "total": 9508, "seconds": 845.3159629628062}
{"status": "ACTUAL_PARENT_BATCH_EVALUATION_COMPLETED", "phase": "formal", "rows": 9508, "batch": 8, "metrics": {"bbs": {"rec_hits25": 5579, "rec_hits50": 4381, "mask_hits25": 5816, "mask_hits50": 5104}, "bbf": {"rec_hits25": 5608, "rec_hits50": 4395, "mask_hits25": 5838, "mask_hits50": 5129}}, "seconds": 872.2952726185322, "seed": 2027, "allocation_peak": 3620247040, "reservation_peak": 4877975552, "weight_state_unchanged": true, "model_state_tensors": 1234, "observation_reader_installed": false, "state_free_observation_groupers": 10, "optimizer_updates": 0, "new_weights": 0, "all256_candidates": true, "modes_reported_separately": true, "spec_sha256": "f53c2df78b933629b6d0758c8cefed55711160df9be5a0f0aaec7b39fd922d60", "files": {"boxes.npy": {"bytes": 58417280, "sha256": "4d1c8716672376bb7fe717832aa47a5b4dba5a52ff6410869f9ee55ffc7318c2"}, "scores.npy": {"bytes": 19472512, "sha256": "5ff8014a25f3ad27abe28d55494af618d8253e48e5a5547935cdcd4c272ab4d2"}, "rows.jsonl": {"bytes": 9320454, "sha256": "70a43c294d4b47ceaa375f3fb5b279c9b7b3c0129e70d0ab85083d6194b4903b"}}}
{"event": "PROGRESS", "phase": "formal", "batch": 24, "rows": 528, "total": 9508, "seconds": 45.05731286108494}
{"event": "PROGRESS", "phase": "formal", "batch": 24, "rows": 1032, "total": 9508, "seconds": 82.22283613681793}
{"event": "PROGRESS", "phase": "formal", "batch": 24, "rows": 1536, "total": 9508, "seconds": 120.07942236959934}
{"event": "PROGRESS", "phase": "formal", "batch": 24, "rows": 2064, "total": 9508, "seconds": 161.06416260451078}
{"event": "PROGRESS", "phase": "formal", "batch": 24, "rows": 2568, "total": 9508, "seconds": 203.26024813950062}
{"event": "PROGRESS", "phase": "formal", "batch": 24, "rows": 3072, "total": 9508, "seconds": 241.87853341549635}
{"event": "PROGRESS", "phase": "formal", "batch": 24, "rows": 3600, "total": 9508, "seconds": 285.0094880461693}
{"event": "PROGRESS", "phase": "formal", "batch": 24, "rows": 4104, "total": 9508, "seconds": 323.5468275696039}
{"event": "PROGRESS", "phase": "formal", "batch": 24, "rows": 4608, "total": 9508, "seconds": 361.59425481408834}
{"event": "PROGRESS", "phase": "formal", "batch": 24, "rows": 5136, "total": 9508, "seconds": 400.7028755992651}
{"event": "PROGRESS", "phase": "formal", "batch": 24, "rows": 5640, "total": 9508, "seconds": 438.9150598272681}
{"event": "PROGRESS", "phase": "formal", "batch": 24, "rows": 6144, "total": 9508, "seconds": 476.30904648453}
{"event": "PROGRESS", "phase": "formal", "batch": 24, "rows": 6672, "total": 9508, "seconds": 516.1734859570861}
{"event": "PROGRESS", "phase": "formal", "batch": 24, "rows": 7176, "total": 9508, "seconds": 553.9874455481768}
{"event": "PROGRESS", "phase": "formal", "batch": 24, "rows": 7680, "total": 9508, "seconds": 592.8706013634801}
{"event": "PROGRESS", "phase": "formal", "batch": 24, "rows": 8208, "total": 9508, "seconds": 634.5949755460024}
{"event": "PROGRESS", "phase": "formal", "batch": 24, "rows": 8712, "total": 9508, "seconds": 673.5624093934894}
{"event": "PROGRESS", "phase": "formal", "batch": 24, "rows": 9216, "total": 9508, "seconds": 710.0219728201628}
{"status": "ACTUAL_PARENT_BATCH_EVALUATION_COMPLETED", "phase": "formal", "rows": 9508, "batch": 24, "metrics": {"bbs": {"rec_hits25": 5582, "rec_hits50": 4416, "mask_hits25": 5816, "mask_hits50": 5118}, "bbf": {"rec_hits25": 5603, "rec_hits50": 4420, "mask_hits25": 5839, "mask_hits50": 5129}}, "seconds": 732.741301394999, "seed": 2027, "allocation_peak": 9590106112, "reservation_peak": 16500391936, "weight_state_unchanged": true, "model_state_tensors": 1234, "observation_reader_installed": false, "state_free_observation_groupers": 10, "optimizer_updates": 0, "new_weights": 0, "all256_candidates": true, "modes_reported_separately": true, "spec_sha256": "f53c2df78b933629b6d0758c8cefed55711160df9be5a0f0aaec7b39fd922d60", "files": {"boxes.npy": {"bytes": 58417280, "sha256": "5bf83c6ae5248bacbe80713dabb9eeea6d126ac4e12d6183a8dca3a0d96f8a00"}, "scores.npy": {"bytes": 19472512, "sha256": "35e480b377adba1e0b3db08bd252a82b1b08fe746e39588daa89e2bc93d1d362"}, "rows.jsonl": {"bytes": 9321946, "sha256": "ff15989bbe588225edcda7434f008d1cd3e648c61e732b56479eda9a6ee6ca21"}}}
