Some weights of the model checkpoint at /root/autodl-tmp/DATA_ROOT_mcln_meshsp/roberta-base/ were not used when initializing RobertaModel: ['lm_head.layer_norm.weight', 'lm_head.decoder.weight', 'lm_head.bias', 'lm_head.dense.weight', 'lm_head.dense.bias', 'lm_head.layer_norm.bias']
- This IS expected if you are initializing RobertaModel from the checkpoint of a model trained on another task or with another architecture (e.g. initializing a BertForSequenceClassification model from a BertForPreTraining model).
- This IS NOT expected if you are initializing RobertaModel from the checkpoint of a model that you expect to be exactly identical (initializing a BertForSequenceClassification model from a BertForSequenceClassification model).
Loading val files, take a breath!
Begin text decoupling......
End text decoupling!
READBACK_EVAL_PROGRESS {"stage": "formal", "rows": 512, "total": 9508, "seconds": 75.3757848739624}
READBACK_EVAL_PROGRESS {"stage": "formal", "rows": 1024, "total": 9508, "seconds": 145.42677879333496}
READBACK_EVAL_PROGRESS {"stage": "formal", "rows": 1536, "total": 9508, "seconds": 213.7654218673706}
READBACK_EVAL_PROGRESS {"stage": "formal", "rows": 2048, "total": 9508, "seconds": 285.81340312957764}
READBACK_EVAL_PROGRESS {"stage": "formal", "rows": 2560, "total": 9508, "seconds": 361.5094082355499}
READBACK_EVAL_PROGRESS {"stage": "formal", "rows": 3072, "total": 9508, "seconds": 433.74226212501526}
READBACK_EVAL_PROGRESS {"stage": "formal", "rows": 3584, "total": 9508, "seconds": 506.1294729709625}
READBACK_EVAL_PROGRESS {"stage": "formal", "rows": 4096, "total": 9508, "seconds": 576.9181001186371}
READBACK_EVAL_PROGRESS {"stage": "formal", "rows": 4608, "total": 9508, "seconds": 647.934249162674}
READBACK_EVAL_PROGRESS {"stage": "formal", "rows": 5120, "total": 9508, "seconds": 718.5306386947632}
READBACK_EVAL_PROGRESS {"stage": "formal", "rows": 5632, "total": 9508, "seconds": 789.940188407898}
READBACK_EVAL_PROGRESS {"stage": "formal", "rows": 6144, "total": 9508, "seconds": 860.6801941394806}
READBACK_EVAL_PROGRESS {"stage": "formal", "rows": 6656, "total": 9508, "seconds": 931.7505958080292}
READBACK_EVAL_PROGRESS {"stage": "formal", "rows": 7168, "total": 9508, "seconds": 1004.938713312149}
READBACK_EVAL_PROGRESS {"stage": "formal", "rows": 7680, "total": 9508, "seconds": 1078.8633120059967}
READBACK_EVAL_PROGRESS {"stage": "formal", "rows": 8192, "total": 9508, "seconds": 1151.382312297821}
READBACK_EVAL_PROGRESS {"stage": "formal", "rows": 8704, "total": 9508, "seconds": 1222.769170999527}
READBACK_EVAL_PROGRESS {"stage": "formal", "rows": 9216, "total": 9508, "seconds": 1292.6929972171783}
QUERY_SUPPORTED_GEOMETRY_EVAL_COMPLETE {"status": "pass", "stage": "formal", "rows": 9508, "metrics": {"bbs": {"rec_hits25": 5616, "rec_hits50": 4499, "mask_hits25": 5812, "mask_hits50": 5133, "mask_miou": 47.10762969990089}}, "primary_mode": "bbs", "primary_threshold": 0.5, "elapsed_seconds": 1333.0556302070618, "time_cst": "2026-10-05T11:36:27.856836+08:00", "formal_rows": 9508, "rows_sha256": "f21000ce1dfa75309627d71d0e56f1580b7d1d3f6d758a5f8acdad8a2179b00f"}
