Some weights of the model checkpoint at /root/autodl-tmp/DATA_ROOT_mcln_meshsp/roberta-base/ were not used when initializing RobertaModel: ['lm_head.bias', 'lm_head.decoder.weight', 'lm_head.layer_norm.bias', 'lm_head.dense.weight', 'lm_head.dense.bias', 'lm_head.layer_norm.weight']
- This IS expected if you are initializing RobertaModel from the checkpoint of a model trained on another task or with another architecture (e.g. initializing a BertForSequenceClassification model from a BertForPreTraining model).
- This IS NOT expected if you are initializing RobertaModel from the checkpoint of a model that you expect to be exactly identical (initializing a BertForSequenceClassification model from a BertForSequenceClassification model).
Loading train files, take a breath!
Begin text decoupling......
End text decoupling!
NATIVE_SCORE_BATCH {"forwards": 1, "rows": 8, "gradient_max_error": 3.725290298461914e-08}
NATIVE_SCORE_BATCH {"forwards": 2, "rows": 16, "gradient_max_error": 2.9802322387695312e-08}
NATIVE_SCORE_BATCH {"forwards": 3, "rows": 24, "gradient_max_error": 2.9802322387695312e-08}
NATIVE_SCORE_BATCH {"forwards": 4, "rows": 32, "gradient_max_error": 2.514570951461792e-08}
NATIVE_SCORE_BATCH {"forwards": 5, "rows": 40, "gradient_max_error": 2.9802322387695312e-08}
NATIVE_SCORE_BATCH {"forwards": 6, "rows": 48, "gradient_max_error": 2.9802322387695312e-08}
NATIVE_SCORE_BATCH {"forwards": 7, "rows": 56, "gradient_max_error": 2.9802322387695312e-08}
NATIVE_SCORE_BATCH {"forwards": 8, "rows": 64, "gradient_max_error": 2.9802322387695312e-08}
NATIVE_SCORE_BATCH {"forwards": 9, "rows": 72, "gradient_max_error": 2.9802322387695312e-08}
NATIVE_SCORE_BATCH {"forwards": 10, "rows": 80, "gradient_max_error": 2.2351741790771484e-08}
NATIVE_SCORE_BATCH {"forwards": 11, "rows": 88, "gradient_max_error": 2.9802322387695312e-08}
NATIVE_SCORE_BATCH {"forwards": 12, "rows": 96, "gradient_max_error": 3.725290298461914e-08}
NATIVE_SCORE_BATCH {"forwards": 13, "rows": 104, "gradient_max_error": 2.9802322387695312e-08}
NATIVE_SCORE_BATCH {"forwards": 14, "rows": 112, "gradient_max_error": 2.9802322387695312e-08}
NATIVE_SCORE_BATCH {"forwards": 15, "rows": 120, "gradient_max_error": 2.9802322387695312e-08}
NATIVE_SCORE_BATCH {"forwards": 16, "rows": 128, "gradient_max_error": 2.9802322387695312e-08}
PVG_NATIVE_SCORE_DIAGNOSTIC_COMPLETE {"status": "complete", "time_cst": "2026-09-17T16:29:19.751653+08:00", "elapsed_seconds": 443.5821259021759, "training_rows": 128, "physical_scenes": 128, "model_forwards": 16, "optimizer_steps": 0, "formal_rows": 0, "new_checkpoints": 0, "summary": {"0.25": {"selected_hits": 114, "matched_root_hits": 128, "raw_oracle_hits": 128, "errors_with_good_candidate": 14, "covered_error_best_margin_increasing": 14, "covered_error_matched_margin_increasing": 14, "covered_error_matched_root_good": 14, "good_unmatched_candidates": 8259, "good_unmatched_score_decreasing": 8258}, "0.5": {"selected_hits": 106, "matched_root_hits": 127, "raw_oracle_hits": 127, "errors_with_good_candidate": 21, "covered_error_best_margin_increasing": 21, "covered_error_matched_margin_increasing": 21, "covered_error_matched_root_good": 21, "good_unmatched_candidates": 6802, "good_unmatched_score_decreasing": 6802}}, "score_direction": "negative native CE gradient at fixed final logits and matching; not shared-parameter or total-loss update", "score_formula_selection_differences": 0, "analysis_dtype": "float32", "gradient_analytic_tolerance": 1e-06, "gradient_analytic_max_error": 3.725290298461914e-08, "strict_terminal_restore": true, "all_model_gradients_none": true, "state_unchanged": true, "terminal_sha256": "ce03188965491a82bcb1c5a6d26f590d3a243a01985457f220d5503c75b2fcf5", "training_spec_sha256": "895430216793cfe64c365023c878c4890d9bef804325065a6a1e8900d078149b", "loss_source_sha256": "920051cc7d1009493829eebbb6185da834a4efd037e9d73ad43ce918a81031de", "source_port_sha256": "0375886f9df2b3ac18a63ce7571d672ceb433613b6defdfcd9f8d244a20bf855", "input_selection_sha256": "d2fbed7e9aa4546af703f90cff47928e7950c783be03f49c9ed916b66192ca22", "rows_sha256": "42e9bff1058c09d01e831c71a354163de6f677831f71e8ee3dc17d28f8fa1db1", "arrays_sha256": "7d311074f1b1cd3f18a815ba0bd03e082f7e82c82d48d81b4b7739d5429b00ed", "script_sha256": "1d51a20431793062b041745a39965515597e3c75f3ea6fec1241792b613ad31c"}
