Some weights of the model checkpoint at /root/autodl-tmp/DATA_ROOT_mcln_meshsp/roberta-base/ were not used when initializing RobertaModel: ['lm_head.bias', 'lm_head.layer_norm.weight', 'lm_head.decoder.weight', 'lm_head.layer_norm.bias', 'lm_head.dense.weight', 'lm_head.dense.bias']
- This IS expected if you are initializing RobertaModel from the checkpoint of a model trained on another task or with another architecture (e.g. initializing a BertForSequenceClassification model from a BertForPreTraining model).
- This IS NOT expected if you are initializing RobertaModel from the checkpoint of a model that you expect to be exactly identical (initializing a BertForSequenceClassification model from a BertForSequenceClassification model).
Loading val files, take a breath!
Begin text decoupling......
End text decoupling!
READBACK_EVAL_PROGRESS {"stage": "formal", "rows": 512, "total": 9508, "seconds": 77.0125162601471}
READBACK_EVAL_PROGRESS {"stage": "formal", "rows": 1024, "total": 9508, "seconds": 148.32434129714966}
READBACK_EVAL_PROGRESS {"stage": "formal", "rows": 1536, "total": 9508, "seconds": 218.15394282341003}
READBACK_EVAL_PROGRESS {"stage": "formal", "rows": 2048, "total": 9508, "seconds": 291.52233934402466}
READBACK_EVAL_PROGRESS {"stage": "formal", "rows": 2560, "total": 9508, "seconds": 366.000874042511}
READBACK_EVAL_PROGRESS {"stage": "formal", "rows": 3072, "total": 9508, "seconds": 438.2179126739502}
READBACK_EVAL_PROGRESS {"stage": "formal", "rows": 3584, "total": 9508, "seconds": 509.90617656707764}
READBACK_EVAL_PROGRESS {"stage": "formal", "rows": 4096, "total": 9508, "seconds": 580.4791650772095}
READBACK_EVAL_PROGRESS {"stage": "formal", "rows": 4608, "total": 9508, "seconds": 651.587320804596}
READBACK_EVAL_PROGRESS {"stage": "formal", "rows": 5120, "total": 9508, "seconds": 721.9421241283417}
READBACK_EVAL_PROGRESS {"stage": "formal", "rows": 5632, "total": 9508, "seconds": 794.5016100406647}
READBACK_EVAL_PROGRESS {"stage": "formal", "rows": 6144, "total": 9508, "seconds": 865.3821349143982}
READBACK_EVAL_PROGRESS {"stage": "formal", "rows": 6656, "total": 9508, "seconds": 937.0137047767639}
READBACK_EVAL_PROGRESS {"stage": "formal", "rows": 7168, "total": 9508, "seconds": 1009.4408571720123}
READBACK_EVAL_PROGRESS {"stage": "formal", "rows": 7680, "total": 9508, "seconds": 1083.0545971393585}
READBACK_EVAL_PROGRESS {"stage": "formal", "rows": 8192, "total": 9508, "seconds": 1155.4305386543274}
READBACK_EVAL_PROGRESS {"stage": "formal", "rows": 8704, "total": 9508, "seconds": 1226.5138499736786}
READBACK_EVAL_PROGRESS {"stage": "formal", "rows": 9216, "total": 9508, "seconds": 1296.2483348846436}
QUERY_SUPPORTED_GEOMETRY_EVAL_COMPLETE {"status": "pass", "stage": "formal", "rows": 9508, "metrics": {"bbs": {"rec_hits25": 5616, "rec_hits50": 4511, "mask_hits25": 5812, "mask_hits50": 5133, "mask_miou": 47.10762848393134}}, "primary_mode": "bbs", "primary_threshold": 0.5, "elapsed_seconds": 1336.9157409667969, "time_cst": "2026-10-05T19:30:38.989777+08:00", "formal_rows": 9508, "rows_sha256": "ec73b6acb9691d6c591136c5e5a34e80a8d7d716bedef714ca960bbbd324716c"}
