{
  "status": "PASS_CLOSED_OFFLINE_GEOMETRY_RECOMPUTATION",
  "execution_scope": "CLOSED_OFFLINE_GEOMETRY_DIAGNOSTIC",
  "generated_at": "2026-10-09T20:17:30.753827+00:00",
  "python": "D:\\Program Files\\UserCache\\gb\\uv\\builds-v0\\.tmpqTIS3G\\Scripts\\python.exe",
  "numpy": "2.5.3",
  "source_rows_sha256": "7b29b1646e52e8d3d253b3167b6895df9d789e7325022b0d9440814ec143c7b9",
  "rows": 9508,
  "unique_scenes": 141,
  "unique_scene_targets": 2068,
  "deployed_counts": {
    "native": [
      5615,
      4495
    ],
    "mask": [
      5606,
      4881
    ],
    "fixed_half": [
      5675,
      4857
    ],
    "whole_support": [
      5676,
      4921
    ],
    "extremal_support": [
      5677,
      4920
    ]
  },
  "exact_coupled_oracle_hits_margin_1e_6": [
    5839,
    5379
  ],
  "independent_projection_hits_margin_1e_6": [
    5877,
    5472
  ],
  "table": {
    "all": {
      "rows": 9508,
      "opposite_faces_prefer_different_endpoints": 6738,
      "opposite_preferences_both_margins_over_2cm": 3519,
      "coupled_projection_upper_bound_below_half": 3883,
      "exact_continuous_coupled_oracle_below_half": 4129,
      "exact_continuous_coupled_oracle_above_half": 5379,
      "independent_GT_face_projection_above_half": 5472,
      "independent_projection_qualifies_but_all_coupled_axis_gates_excluded_by_bound": 93
    },
    "selected_strict_errors": {
      "rows": 4588,
      "opposite_faces_prefer_different_endpoints": 3936,
      "opposite_preferences_both_margins_over_2cm": 2210,
      "coupled_projection_upper_bound_below_half": 3883,
      "exact_continuous_coupled_oracle_below_half": 4129,
      "exact_continuous_coupled_oracle_above_half": 459,
      "independent_GT_face_projection_above_half": 552,
      "independent_projection_qualifies_but_all_coupled_axis_gates_excluded_by_bound": 93
    },
    "selected_fused_mask_qualified_strict_errors": {
      "rows": 499,
      "opposite_faces_prefer_different_endpoints": 447,
      "opposite_preferences_both_margins_over_2cm": 312,
      "coupled_projection_upper_bound_below_half": 127,
      "exact_continuous_coupled_oracle_below_half": 227,
      "exact_continuous_coupled_oracle_above_half": 272,
      "independent_GT_face_projection_above_half": 316,
      "independent_projection_qualifies_but_all_coupled_axis_gates_excluded_by_bound": 44
    }
  },
  "constant_lower_slopes": 129,
  "constant_upper_slopes": 129,
  "constant_both_faces_same_axis": 129,
  "minimum_native_mask_gt_size": 9.999999974752427e-07,
  "minimum_coupled_candidate_size": 9.999999974752427e-07,
  "minimum_independent_projection_size": 9.999999974752427e-07,
  "unique_breakpoints_min_max": [
    2,
    6
  ],
  "maximum_exact_minus_projected_bound": 5.551115123125783e-16,
  "maximum_exact_minus_independent_projection": 0.0,
  "observed_boxes_maximum_excess_over_exact": {
    "native": 0.0,
    "mask": 0.0,
    "fixed_half": 0.0,
    "whole_support": 0.0,
    "extremal_support": 0.0
  },
  "observed_boxes_maximum_excess_over_projected_bound": {
    "native": 0.0,
    "mask": 3.3306690738754696e-16,
    "fixed_half": 0.0,
    "whole_support": 0.0,
    "extremal_support": 0.0
  },
  "gate_reconstruction": {
    "whole_support": {
      "maximum_absolute_center_or_size_residual": 5.832539500261191e-07,
      "minimum_gate": 0.0,
      "maximum_gate": 0.4092366099357605
    },
    "extremal_support": {
      "maximum_absolute_center_or_size_residual": 6.46173880625156e-07,
      "minimum_gate": 0.0,
      "maximum_gate": 0.42665284872055054
    }
  },
  "threshold_neighborhood_counts": {
    "0.25": {
      "exact": 0,
      "independent": 0
    },
    "0.5": {
      "exact": 0,
      "independent": 0
    }
  },
  "witnesses": {
    "count": 93,
    "fused_mask_qualified_count": 44,
    "minimum_half_minus_exact": 7.424903953773265e-05,
    "minimum_independent_minus_half": 0.00015952315141365414,
    "minimum_independent_minus_exact": 0.0032643763012064064,
    "loose_projection_bound_alone_exclusion_count": 9,
    "exact_but_not_loose_exclusion_count": 84
  },
  "native_mask_disjoint_intervals": {
    "axis_order": [
      "x",
      "y",
      "z"
    ],
    "per_axis_count": [
      12,
      8,
      11
    ],
    "total_row_axis_count": 31,
    "expressions_with_any_axis": 30,
    "strict_definition": "native_low > mask_high or mask_low > native_high"
  },
  "csv_maximum_absolute_residuals": {
    "native_iou": 2.9800415024539006e-08,
    "mask_iou": 4.632568351148336e-08,
    "fixed_half_iou": 2.979507440770135e-08,
    "extremal_iou": 2.980194091506405e-08,
    "coupled_3d_upper_bound": 4.107825191113079e-15,
    "GT_independent_face_projection_iou": 0.0,
    "exact_coupled_iou": 2.631228568361621e-14,
    "fused_mask_iou": 0.0
  },
  "torch_imported": false,
  "ssh_calls": 0,
  "neural_calls": 0,
  "gpu_calls": 0,
  "new_formal_evaluations": 0,
  "limits": [
    "Independent face projection is a GT-informed feasible witness, not a learned policy.",
    "Only the same stored selected query and native/Mask endpoint boxes are considered.",
    "The legacy CSV bound_below_half label encodes the exact-oracle condition in this version.",
    "FUSED mask qualification does not establish own-query mask qualification."
  ]
}
