Some weights of the model checkpoint at /root/autodl-tmp/DATA_ROOT_mcln_meshsp/roberta-base/ were not used when initializing RobertaModel: ['lm_head.bias', 'lm_head.layer_norm.bias', 'lm_head.layer_norm.weight', 'lm_head.dense.bias', 'lm_head.dense.weight', 'lm_head.decoder.weight']
- This IS expected if you are initializing RobertaModel from the checkpoint of a model trained on another task or with another architecture (e.g. initializing a BertForSequenceClassification model from a BertForPreTraining model).
- This IS NOT expected if you are initializing RobertaModel from the checkpoint of a model that you expect to be exactly identical (initializing a BertForSequenceClassification model from a BertForSequenceClassification model).
Loading val files, take a breath!
Begin text decoupling......
End text decoupling!
READBACK_EVAL_PROGRESS {"stage": "formal", "rows": 512, "total": 9508, "seconds": 76.42905783653259}
READBACK_EVAL_PROGRESS {"stage": "formal", "rows": 1024, "total": 9508, "seconds": 146.38092303276062}
READBACK_EVAL_PROGRESS {"stage": "formal", "rows": 1536, "total": 9508, "seconds": 215.9120111465454}
READBACK_EVAL_PROGRESS {"stage": "formal", "rows": 2048, "total": 9508, "seconds": 287.13251399993896}
READBACK_EVAL_PROGRESS {"stage": "formal", "rows": 2560, "total": 9508, "seconds": 363.07479643821716}
READBACK_EVAL_PROGRESS {"stage": "formal", "rows": 3072, "total": 9508, "seconds": 435.5701813697815}
READBACK_EVAL_PROGRESS {"stage": "formal", "rows": 3584, "total": 9508, "seconds": 506.9524278640747}
READBACK_EVAL_PROGRESS {"stage": "formal", "rows": 4096, "total": 9508, "seconds": 577.5743689537048}
READBACK_EVAL_PROGRESS {"stage": "formal", "rows": 4608, "total": 9508, "seconds": 648.4230065345764}
READBACK_EVAL_PROGRESS {"stage": "formal", "rows": 5120, "total": 9508, "seconds": 719.41938829422}
READBACK_EVAL_PROGRESS {"stage": "formal", "rows": 5632, "total": 9508, "seconds": 791.6438932418823}
READBACK_EVAL_PROGRESS {"stage": "formal", "rows": 6144, "total": 9508, "seconds": 862.3282432556152}
READBACK_EVAL_PROGRESS {"stage": "formal", "rows": 6656, "total": 9508, "seconds": 933.0370619297028}
READBACK_EVAL_PROGRESS {"stage": "formal", "rows": 7168, "total": 9508, "seconds": 1005.1696374416351}
READBACK_EVAL_PROGRESS {"stage": "formal", "rows": 7680, "total": 9508, "seconds": 1079.4659795761108}
READBACK_EVAL_PROGRESS {"stage": "formal", "rows": 8192, "total": 9508, "seconds": 1151.9814884662628}
READBACK_EVAL_PROGRESS {"stage": "formal", "rows": 8704, "total": 9508, "seconds": 1223.0982949733734}
READBACK_EVAL_PROGRESS {"stage": "formal", "rows": 9216, "total": 9508, "seconds": 1293.7760028839111}
QUERY_SUPPORTED_GEOMETRY_EVAL_COMPLETE {"status": "pass", "stage": "formal", "rows": 9508, "metrics": {"bbs": {"rec_hits25": 5614, "rec_hits50": 4509, "mask_hits25": 5812, "mask_hits50": 5133, "mask_miou": 47.10762848393134}}, "primary_mode": "bbs", "primary_threshold": 0.5, "elapsed_seconds": 1334.0982456207275, "time_cst": "2026-10-05T13:53:43.313232+08:00", "formal_rows": 9508, "rows_sha256": "5ef50c722abb31f10e02a06615d0f2cd437b0bcb354b32f5135ebf1304db9e16"}
