Some weights of the model checkpoint at /root/autodl-tmp/DATA_ROOT_mcln_meshsp/roberta-base/ were not used when initializing RobertaModel: ['lm_head.dense.weight', 'lm_head.layer_norm.weight', 'lm_head.layer_norm.bias', 'lm_head.bias', 'lm_head.dense.bias', 'lm_head.decoder.weight']
- This IS expected if you are initializing RobertaModel from the checkpoint of a model trained on another task or with another architecture (e.g. initializing a BertForSequenceClassification model from a BertForPreTraining model).
- This IS NOT expected if you are initializing RobertaModel from the checkpoint of a model that you expect to be exactly identical (initializing a BertForSequenceClassification model from a BertForSequenceClassification model).
PVG_FINETUNE_DATASET_LOADING 2026-09-08T14:26:40.005717+08:00
Loading train files, take a breath!
Begin text decoupling......
End text decoupling!
PVG_FULL_DATASET_INPUTS_PASS {"fit": 29778, "holdout": 6887, "physical_fit": 456, "physical_holdout": 106, "reference_rows": 4}
PVG_BATCH8_CAPACITY_PASS {"loss": 13.411377906799316, "grad_norm": 61.9925422668457, "seconds": 23.03287959098816, "rows": [14307, 26871, 13547, 1622, 9672, 18692, 29949, 23417], "loss_bbox": 1.8883376121520996, "loss_giou": 1.9945976734161377, "loss_ce": 26.6719970703125, "loss_sem_align": 97.2357177734375, "status": "pass", "optimizer_steps": 0, "batch_size": 8, "peak_allocated_bytes": 16433301504, "time_cst": "2026-09-08T14:33:49.442287+08:00"}
PVG_EVAL_PROGRESS {"stage": "initial", "rows": 512, "total": 6887, "seconds": 49.38866353034973}
PVG_EVAL_PROGRESS {"stage": "initial", "rows": 1024, "total": 6887, "seconds": 97.78053140640259}
PVG_EVAL_PROGRESS {"stage": "initial", "rows": 1536, "total": 6887, "seconds": 145.32454705238342}
PVG_EVAL_PROGRESS {"stage": "initial", "rows": 2048, "total": 6887, "seconds": 194.74967551231384}
PVG_EVAL_PROGRESS {"stage": "initial", "rows": 2560, "total": 6887, "seconds": 243.5315089225769}
PVG_EVAL_PROGRESS {"stage": "initial", "rows": 3072, "total": 6887, "seconds": 292.8279414176941}
PVG_EVAL_PROGRESS {"stage": "initial", "rows": 3584, "total": 6887, "seconds": 343.9526414871216}
PVG_EVAL_PROGRESS {"stage": "initial", "rows": 4096, "total": 6887, "seconds": 393.03976106643677}
PVG_EVAL_PROGRESS {"stage": "initial", "rows": 4608, "total": 6887, "seconds": 442.4983208179474}
PVG_EVAL_PROGRESS {"stage": "initial", "rows": 5120, "total": 6887, "seconds": 492.6555359363556}
PVG_EVAL_PROGRESS {"stage": "initial", "rows": 5632, "total": 6887, "seconds": 539.2402920722961}
PVG_EVAL_PROGRESS {"stage": "initial", "rows": 6144, "total": 6887, "seconds": 591.5053133964539}
PVG_EVAL_PROGRESS {"stage": "initial", "rows": 6656, "total": 6887, "seconds": 642.7021992206573}
PVG_EVAL_COMPLETE {"status": "pass", "stage": "initial", "rows": 6887, "metrics": {"bbs": {"rec_hits25": 6147, "rec_hits50": 5549, "mask_hits25": 6174, "mask_hits50": 5824, "mask_iou_sum": 5106.323576468974, "mask_miou": 74.1443818276314}, "bbf": {"rec_hits25": 6174, "rec_hits50": 5583, "mask_hits25": 6187, "mask_hits50": 5836, "mask_iou_sum": 5119.069850585423, "mask_miou": 74.32945913438978}}, "elapsed_seconds": 663.9429228305817, "time_cst": "2026-09-08T14:44:54.441337+08:00", "formal_rows": 0, "rows_sha256": "28aa9b0cfbbce28174b92cdc4ca08d4c32327e7934328bdac8eb2f878be5ceeb", "boxes_sha256": "11b36d12c1d2030ee5a754771c876d2caac1d0504f2ebc9a979c7ac4d0d7fa36", "scores_sha256": "ea8c6869b9760157794c813693c314315111c9462829307cce1e051f459c2931"}
PVG_TRAIN_PROGRESS {"loss": 13.411382675170898, "grad_norm": 61.881019592285156, "seconds": 2.789799690246582, "rows": [14307, 26871, 13547, 1622, 9672, 18692, 29949, 23417], "loss_bbox": 1.888338327407837, "loss_giou": 1.9945967197418213, "loss_ce": 26.672012329101562, "loss_sem_align": 97.23575592041016, "step": 1, "total_steps": 3723, "cumulative_seconds": 4.5925538539886475}
PVG_TRAIN_PROGRESS {"loss": 14.133419036865234, "grad_norm": 61.14006805419922, "seconds": 2.2886910438537598, "rows": [7567, 30736, 20705, 8947, 23373, 33838, 25918, 26821], "loss_bbox": 1.4116384983062744, "loss_giou": 2.2127227783203125, "loss_ce": 30.9386043548584, "loss_sem_align": 102.97101593017578, "step": 64, "total_steps": 3723, "cumulative_seconds": 154.51615810394287}
PVG_TRAIN_PROGRESS {"loss": 12.40569019317627, "grad_norm": 33.16865539550781, "seconds": 2.6283044815063477, "rows": [15103, 27368, 7779, 17869, 25329, 490, 12853, 4415], "loss_bbox": 0.8122998476028442, "loss_giou": 1.5614413022994995, "loss_ce": 39.184165954589844, "loss_sem_align": 103.4400405883789, "step": 128, "total_steps": 3723, "cumulative_seconds": 304.0931587219238}
PVG_TRAIN_PROGRESS {"loss": 12.99277114868164, "grad_norm": 37.0252799987793, "seconds": 2.1882779598236084, "rows": [25218, 19664, 24817, 14728, 28654, 28440, 24267, 14046], "loss_bbox": 0.9900344014167786, "loss_giou": 1.7599793672561646, "loss_ce": 29.87065887451172, "loss_sem_align": 101.98416137695312, "step": 192, "total_steps": 3723, "cumulative_seconds": 457.01583552360535}
PVG_TRAIN_PROGRESS {"loss": 14.629422187805176, "grad_norm": 75.4442138671875, "seconds": 2.2865066528320312, "rows": [36309, 19984, 20494, 25269, 24819, 21103, 28540, 305], "loss_bbox": 1.1112096309661865, "loss_giou": 2.4634690284729004, "loss_ce": 34.42605972290039, "loss_sem_align": 106.82808685302734, "step": 256, "total_steps": 3723, "cumulative_seconds": 606.9855952262878}
PVG_TRAIN_PROGRESS {"loss": 12.481972694396973, "grad_norm": 46.37094497680664, "seconds": 2.735321283340454, "rows": [28438, 34330, 22735, 25175, 8695, 641, 27708, 35555], "loss_bbox": 1.0750651359558105, "loss_giou": 1.7149744033813477, "loss_ce": 26.98107147216797, "loss_sem_align": 104.21600341796875, "step": 320, "total_steps": 3723, "cumulative_seconds": 757.2702181339264}
PVG_TRAIN_PROGRESS {"loss": 13.544609069824219, "grad_norm": 72.16947174072266, "seconds": 2.3122754096984863, "rows": [27212, 26175, 19955, 26881, 503, 35988, 6434, 10007], "loss_bbox": 0.9122552871704102, "loss_giou": 1.4755859375, "loss_ce": 39.80585861206055, "loss_sem_align": 105.28028869628906, "step": 384, "total_steps": 3723, "cumulative_seconds": 906.8813927173615}
PVG_TRAIN_PROGRESS {"loss": 13.946937561035156, "grad_norm": 50.56498336791992, "seconds": 2.2469747066497803, "rows": [834, 17297, 15678, 2280, 4252, 33736, 8135, 21478], "loss_bbox": 1.2809079885482788, "loss_giou": 2.2444093227386475, "loss_ce": 38.53245544433594, "loss_sem_align": 103.80760955810547, "step": 448, "total_steps": 3723, "cumulative_seconds": 1057.5415425300598}
PVG_TRAIN_PROGRESS {"loss": 13.685905456542969, "grad_norm": 146.4706268310547, "seconds": 2.692624092102051, "rows": [26044, 25150, 28590, 29431, 31645, 17646, 17543, 18016], "loss_bbox": 1.2897403240203857, "loss_giou": 2.0252957344055176, "loss_ce": 30.921472549438477, "loss_sem_align": 106.73942565917969, "step": 512, "total_steps": 3723, "cumulative_seconds": 1208.0589399337769}
PVG_TRAIN_PROGRESS {"loss": 13.12125015258789, "grad_norm": 45.51101303100586, "seconds": 2.2460718154907227, "rows": [33280, 30764, 30722, 27295, 23328, 7182, 22083, 968], "loss_bbox": 0.949384331703186, "loss_giou": 2.194420337677002, "loss_ce": 30.551061630249023, "loss_sem_align": 105.86016845703125, "step": 576, "total_steps": 3723, "cumulative_seconds": 1358.6020681858063}
PVG_TRAIN_PROGRESS {"loss": 14.150657653808594, "grad_norm": 32.97364807128906, "seconds": 2.2507150173187256, "rows": [31879, 27963, 9416, 17578, 27826, 19582, 4899, 13366], "loss_bbox": 1.0255274772644043, "loss_giou": 2.0773062705993652, "loss_ce": 31.97393798828125, "loss_sem_align": 110.94647216796875, "step": 640, "total_steps": 3723, "cumulative_seconds": 1508.9274680614471}
PVG_TRAIN_PROGRESS {"loss": 13.698962211608887, "grad_norm": 101.39544677734375, "seconds": 2.8387224674224854, "rows": [35165, 29381, 26455, 30002, 872, 7802, 13814, 22841], "loss_bbox": 1.1425654888153076, "loss_giou": 2.13508939743042, "loss_ce": 28.909015655517578, "loss_sem_align": 102.39165496826172, "step": 704, "total_steps": 3723, "cumulative_seconds": 1659.6851844787598}
PVG_TRAIN_PROGRESS {"loss": 11.856112480163574, "grad_norm": 308.6185607910156, "seconds": 2.259183645248413, "rows": [30205, 14997, 19959, 20442, 5810, 12768, 21756, 23256], "loss_bbox": 1.0237431526184082, "loss_giou": 2.162020444869995, "loss_ce": 26.218568801879883, "loss_sem_align": 95.51719665527344, "step": 768, "total_steps": 3723, "cumulative_seconds": 1809.4270777702332}
PVG_TRAIN_PROGRESS {"loss": 15.311097145080566, "grad_norm": 95.39877319335938, "seconds": 2.218224287033081, "rows": [28584, 34918, 15075, 15859, 3587, 8998, 26898, 35280], "loss_bbox": 1.101257085800171, "loss_giou": 1.6452192068099976, "loss_ce": 39.68297576904297, "loss_sem_align": 118.8582992553711, "step": 832, "total_steps": 3723, "cumulative_seconds": 1960.5327072143555}
PVG_TRAIN_PROGRESS {"loss": 14.796831130981445, "grad_norm": 131.23211669921875, "seconds": 2.681032419204712, "rows": [23068, 36262, 8674, 20051, 34001, 28637, 13579, 35140], "loss_bbox": 0.9040969610214233, "loss_giou": 1.4913561344146729, "loss_ce": 40.736366271972656, "loss_sem_align": 114.24893188476562, "step": 896, "total_steps": 3723, "cumulative_seconds": 2111.767488718033}
PVG_TRAIN_PROGRESS {"loss": 14.196853637695312, "grad_norm": 58.18183898925781, "seconds": 2.2560949325561523, "rows": [22115, 21234, 2502, 10039, 29918, 10407, 21230, 12274], "loss_bbox": 0.9667530655860901, "loss_giou": 1.8231374025344849, "loss_ce": 33.85844039916992, "loss_sem_align": 108.9620132446289, "step": 960, "total_steps": 3723, "cumulative_seconds": 2261.6677780151367}
PVG_TRAIN_PROGRESS {"loss": 13.977690696716309, "grad_norm": 62.51093292236328, "seconds": 2.289456844329834, "rows": [26171, 64, 31281, 30355, 33879, 21199, 29605, 12793], "loss_bbox": 0.9453604221343994, "loss_giou": 1.7928781509399414, "loss_ce": 35.55985641479492, "loss_sem_align": 105.95100402832031, "step": 1024, "total_steps": 3723, "cumulative_seconds": 2412.471591949463}
PVG_TRAIN_PROGRESS {"loss": 14.79580307006836, "grad_norm": 53.816917419433594, "seconds": 2.3032679557800293, "rows": [8218, 2587, 3019, 3201, 12927, 24228, 32290, 19714], "loss_bbox": 1.010607361793518, "loss_giou": 2.0136823654174805, "loss_ce": 41.20551300048828, "loss_sem_align": 113.95457458496094, "step": 1088, "total_steps": 3723, "cumulative_seconds": 2564.3166155815125}
PVG_TRAIN_PROGRESS {"loss": 14.951803207397461, "grad_norm": 40.62823486328125, "seconds": 2.2398765087127686, "rows": [26737, 9396, 21498, 8254, 1616, 23112, 10111, 25189], "loss_bbox": 1.0488476753234863, "loss_giou": 1.9346928596496582, "loss_ce": 43.60015869140625, "loss_sem_align": 116.38565063476562, "step": 1152, "total_steps": 3723, "cumulative_seconds": 2713.4039540290833}
PVG_TRAIN_PROGRESS {"loss": 13.774490356445312, "grad_norm": 46.220035552978516, "seconds": 2.2534902095794678, "rows": [26189, 24236, 17788, 12530, 13273, 21123, 19958, 28982], "loss_bbox": 0.8885254263877869, "loss_giou": 1.7757689952850342, "loss_ce": 38.030250549316406, "loss_sem_align": 108.80127716064453, "step": 1216, "total_steps": 3723, "cumulative_seconds": 2862.3891611099243}
PVG_TRAIN_PROGRESS {"loss": 14.315156936645508, "grad_norm": 64.90524291992188, "seconds": 2.562652826309204, "rows": [31842, 29958, 33502, 29638, 30891, 8819, 12757, 2916], "loss_bbox": 0.8497096300125122, "loss_giou": 1.6866323947906494, "loss_ce": 37.84311294555664, "loss_sem_align": 111.84007263183594, "step": 1280, "total_steps": 3723, "cumulative_seconds": 3012.129311323166}
PVG_TRAIN_PROGRESS {"loss": 14.871004104614258, "grad_norm": 94.71729278564453, "seconds": 2.2709977626800537, "rows": [32836, 25503, 30082, 7079, 15313, 9742, 25371, 32786], "loss_bbox": 1.2078721523284912, "loss_giou": 1.945979118347168, "loss_ce": 42.60425567626953, "loss_sem_align": 108.76465606689453, "step": 1344, "total_steps": 3723, "cumulative_seconds": 3160.0670149326324}
PVG_TRAIN_PROGRESS {"loss": 14.253485679626465, "grad_norm": 39.64496994018555, "seconds": 2.2935476303100586, "rows": [21160, 1682, 1714, 10140, 23676, 7706, 1852, 33495], "loss_bbox": 0.7965167760848999, "loss_giou": 2.190343141555786, "loss_ce": 39.84174346923828, "loss_sem_align": 111.88758850097656, "step": 1408, "total_steps": 3723, "cumulative_seconds": 3310.0992181301117}
PVG_TRAIN_PROGRESS {"loss": 13.92279052734375, "grad_norm": 336.7563781738281, "seconds": 2.730056047439575, "rows": [26457, 26192, 7465, 30088, 14089, 22394, 33242, 12458], "loss_bbox": 0.6876170635223389, "loss_giou": 1.4702101945877075, "loss_ce": 39.889713287353516, "loss_sem_align": 111.16310119628906, "step": 1472, "total_steps": 3723, "cumulative_seconds": 3459.260045528412}
PVG_TRAIN_PROGRESS {"loss": 12.139057159423828, "grad_norm": 39.39889907836914, "seconds": 2.2078487873077393, "rows": [7072, 8887, 18709, 12564, 19523, 31107, 7945, 22628], "loss_bbox": 0.9723215103149414, "loss_giou": 1.7972369194030762, "loss_ce": 26.37495994567871, "loss_sem_align": 98.97592163085938, "step": 1536, "total_steps": 3723, "cumulative_seconds": 3607.330126285553}
