Some weights of the model checkpoint at /root/autodl-tmp/DATA_ROOT_mcln_meshsp/roberta-base/ were not used when initializing RobertaModel: ['lm_head.layer_norm.bias', 'lm_head.bias', 'lm_head.dense.weight', 'lm_head.dense.bias', 'lm_head.decoder.weight', 'lm_head.layer_norm.weight']
- This IS expected if you are initializing RobertaModel from the checkpoint of a model trained on another task or with another architecture (e.g. initializing a BertForSequenceClassification model from a BertForPreTraining model).
- This IS NOT expected if you are initializing RobertaModel from the checkpoint of a model that you expect to be exactly identical (initializing a BertForSequenceClassification model from a BertForSequenceClassification model).
PVG_FINETUNE_DATASET_LOADING 2026-10-04T00:45:13.239643+08:00
Loading val files, take a breath!
Begin text decoupling......
End text decoupling!
PVG_EVAL_PROGRESS {"stage": "formal", "rows": 512, "total": 9508, "seconds": 76.3308470249176}
PVG_EVAL_PROGRESS {"stage": "formal", "rows": 1024, "total": 9508, "seconds": 145.81732869148254}
PVG_EVAL_PROGRESS {"stage": "formal", "rows": 1536, "total": 9508, "seconds": 214.49396085739136}
PVG_EVAL_PROGRESS {"stage": "formal", "rows": 2048, "total": 9508, "seconds": 285.59144592285156}
PVG_EVAL_PROGRESS {"stage": "formal", "rows": 2560, "total": 9508, "seconds": 359.8578944206238}
PVG_EVAL_PROGRESS {"stage": "formal", "rows": 3072, "total": 9508, "seconds": 432.77912998199463}
PVG_EVAL_PROGRESS {"stage": "formal", "rows": 3584, "total": 9508, "seconds": 503.6388568878174}
PVG_EVAL_PROGRESS {"stage": "formal", "rows": 4096, "total": 9508, "seconds": 573.0112566947937}
PVG_EVAL_PROGRESS {"stage": "formal", "rows": 4608, "total": 9508, "seconds": 642.5711448192596}
PVG_EVAL_PROGRESS {"stage": "formal", "rows": 5120, "total": 9508, "seconds": 711.709979057312}
PVG_EVAL_PROGRESS {"stage": "formal", "rows": 5632, "total": 9508, "seconds": 782.3097546100616}
PVG_EVAL_PROGRESS {"stage": "formal", "rows": 6144, "total": 9508, "seconds": 851.4920377731323}
PVG_EVAL_PROGRESS {"stage": "formal", "rows": 6656, "total": 9508, "seconds": 921.7282407283783}
PVG_EVAL_PROGRESS {"stage": "formal", "rows": 7168, "total": 9508, "seconds": 992.6096796989441}
PVG_EVAL_PROGRESS {"stage": "formal", "rows": 7680, "total": 9508, "seconds": 1065.410284280777}
PVG_EVAL_PROGRESS {"stage": "formal", "rows": 8192, "total": 9508, "seconds": 1136.7106988430023}
PVG_EVAL_PROGRESS {"stage": "formal", "rows": 8704, "total": 9508, "seconds": 1206.9880816936493}
PVG_EVAL_PROGRESS {"stage": "formal", "rows": 9216, "total": 9508, "seconds": 1275.9653482437134}
PVG_EVAL_COMPLETE {"status": "pass", "stage": "formal", "rows": 9508, "metrics": {"bbs": {"rec_hits25": 5603, "rec_hits50": 4428, "mask_hits25": 5806, "mask_hits50": 5114, "mask_iou_sum": 4462.276562188286, "mask_miou": 46.93181070875354}, "bbf": {"rec_hits25": 5637, "rec_hits50": 4431, "mask_hits25": 5823, "mask_hits50": 5137, "mask_iou_sum": 4475.353055896645, "mask_miou": 47.0693421949584}}, "elapsed_seconds": 1316.1185002326965, "time_cst": "2026-10-04T01:08:51.723224+08:00", "formal_rows": 9508, "rows_sha256": "5a5703d80ef6b1b48e315a9a6374f91764c3790a2e33d698d4f8b83265897e4a"}
