Some weights of the model checkpoint at /root/autodl-tmp/DATA_ROOT_mcln_meshsp/roberta-base/ were not used when initializing RobertaModel: ['lm_head.dense.weight', 'lm_head.decoder.weight', 'lm_head.dense.bias', 'lm_head.layer_norm.weight', 'lm_head.bias', 'lm_head.layer_norm.bias']
- This IS expected if you are initializing RobertaModel from the checkpoint of a model trained on another task or with another architecture (e.g. initializing a BertForSequenceClassification model from a BertForPreTraining model).
- This IS NOT expected if you are initializing RobertaModel from the checkpoint of a model that you expect to be exactly identical (initializing a BertForSequenceClassification model from a BertForSequenceClassification model).
Loading train files, take a breath!
Begin text decoupling......
End text decoupling!
PVG_BN_INTERVENTION_BATCH {"batch": 1, "rows": [0, 173, 237, 455, 496, 539, 785, 848], "seconds": 3.556823492050171, "peak_allocated_bytes": 3907996160}
PVG_BN_INTERVENTION_BATCH {"batch": 2, "rows": [977, 1016, 1039, 1103, 1175, 1226, 1275, 1316], "seconds": 1.6357214450836182, "peak_allocated_bytes": 3907996160}
PVG_BN_INTERVENTION_BATCH {"batch": 3, "rows": [1351, 1418, 1471, 1563, 1628, 1666, 1850, 1875], "seconds": 1.7503623962402344, "peak_allocated_bytes": 3907996160}
PVG_BN_INTERVENTION_BATCH {"batch": 4, "rows": [1998, 2085, 2123, 2182, 2222, 2334, 2431, 2455], "seconds": 1.739077091217041, "peak_allocated_bytes": 3907996160}
PVG_BN_INTERVENTION_BATCH {"batch": 5, "rows": [2496, 2572, 2624, 2689, 2796, 2820, 2852, 3139], "seconds": 1.8317956924438477, "peak_allocated_bytes": 3907996160}
PVG_BN_INTERVENTION_BATCH {"batch": 6, "rows": [3238, 3309, 3508, 3562, 3636, 3839, 3925, 3935], "seconds": 1.7512288093566895, "peak_allocated_bytes": 3907996160}
PVG_BN_INTERVENTION_BATCH {"batch": 7, "rows": [3988, 4087, 4140, 4171, 4215, 4323, 4384, 4424], "seconds": 1.748837947845459, "peak_allocated_bytes": 3907996160}
PVG_BN_INTERVENTION_BATCH {"batch": 8, "rows": [4472, 4512, 4592, 4642, 4696, 4891, 4965, 5064], "seconds": 1.6741349697113037, "peak_allocated_bytes": 3907996160}
PVG_BN_INTERVENTION_BATCH {"batch": 9, "rows": [5208, 5389, 5468, 5506, 5591, 5625, 5759, 5911], "seconds": 1.7829360961914062, "peak_allocated_bytes": 3907996160}
PVG_BN_INTERVENTION_BATCH {"batch": 10, "rows": [5948, 6032, 6111, 6145, 6163, 6249, 6336, 6420], "seconds": 1.7090659141540527, "peak_allocated_bytes": 3907996160}
PVG_BN_INTERVENTION_BATCH {"batch": 11, "rows": [6459, 6504, 6546, 6616, 6673, 6734, 6758, 6854], "seconds": 1.682206392288208, "peak_allocated_bytes": 3907996160}
PVG_BN_INTERVENTION_BATCH {"batch": 12, "rows": [6926, 6995, 7048, 7088, 7164, 7193, 7272, 7343], "seconds": 1.7013752460479736, "peak_allocated_bytes": 3907996160}
PVG_BN_INTERVENTION_BATCH {"batch": 13, "rows": [7459, 7598, 7707, 7927, 7977, 8102, 8117, 8151], "seconds": 1.7556934356689453, "peak_allocated_bytes": 3907996160}
PVG_BN_INTERVENTION_BATCH {"batch": 14, "rows": [8205, 8261, 8281, 8405, 8459, 8498, 8578, 8598], "seconds": 1.7072479724884033, "peak_allocated_bytes": 3907996160}
PVG_BN_INTERVENTION_BATCH {"batch": 15, "rows": [8672, 8728, 8802, 8822, 8935, 9026, 9182, 9218], "seconds": 1.6956737041473389, "peak_allocated_bytes": 3907996160}
PVG_BN_INTERVENTION_BATCH {"batch": 16, "rows": [9248, 9388, 9442, 9457, 9561, 9654, 9704, 9828], "seconds": 1.7315888404846191, "peak_allocated_bytes": 3907996160}
PVG_BN_INTERVENTION_COMPLETE {"status": "complete", "time_cst": "2026-09-17T17:15:22.341661+08:00", "elapsed_seconds": 103.33884596824646, "training_rows": 128, "physical_scenes": 128, "model_forwards": 48, "optimizer_steps": 0, "formal_rows": 0, "new_checkpoints": 0, "backwards": 0, "summary": {"normal": {"0.25": {"hits": 114, "fixes": 0, "breaks": 0}, "0.5": {"hits": 106, "fixes": 0, "breaks": 0}}, "repeat": {"0.25": {"hits": 114, "fixes": 0, "breaks": 0}, "0.5": {"hits": 106, "fixes": 0, "breaks": 0}}, "parent_bn": {"0.25": {"hits": 114, "fixes": 1, "breaks": 1}, "0.5": {"hits": 110, "fixes": 6, "breaks": 2}}}, "differences": {"repeat": {"selection_changes": 0, "box_max_abs": 0.0, "score_max_abs": 0.0}, "parent_bn": {"selection_changes": 80, "box_max_abs": 6.302164077758789, "score_max_abs": 0.9603556394577026}}, "bn_buffer_tensors": 252, "state_unchanged": true, "all_model_gradients_none": true, "terminal_sha256": "ce03188965491a82bcb1c5a6d26f590d3a243a01985457f220d5503c75b2fcf5", "training_spec_sha256": "895430216793cfe64c365023c878c4890d9bef804325065a6a1e8900d078149b", "input_selection_sha256": "d2fbed7e9aa4546af703f90cff47928e7950c783be03f49c9ed916b66192ca22", "rows_sha256": "f2a99d0b39e158e18c4fc884c3d98ee782872507dc1e7cb69ad2aeb462fce33b", "batches_sha256": "66e6f489d8d37a0fbfd448c62d4fa48d223d7feeb191c3f7f4f6bf369f27c8bd", "arrays_sha256": "04ca3fc81e8a239fdfc37501ec89beb62deb07e276ac2cb28192cedb99d3004e", "script_sha256": "bb0d8f2878e45ba78ca064add0b358434f6d263456a0b6261e68116a10234110", "scope": "Fixed train-input eval intervention; no training benefit, formal accuracy, Mask or promotion claim"}
