[32m[10/10 19:26:38 witness]: [0mFull config saved to /root/autodl-tmp/pvground_native_joint_controls_20261010/selected_mask_off/engineering/witness/scanrefer/engineering_two_batch_preflight/1791631598/config.json
[32m[10/10 19:26:38 witness]: [0m{'native_init_spec': '/root/autodl-tmp/pvground_native_joint_controls_20261010/selected_mask_off/init.json', 'lr_modules': 1e-05, 'num_target': 256, 'sampling': 'kps', 'num_encoder_layers': 3, 'num_decoder_layers': 6, 'self_position_embedding': 'loc_learned', 'self_attend': True, 'model': 'PVGround', 'query_points_obj_topk': 4, 'use_contrastive_align': True, 'use_soft_token_loss': True, 'detect_intermediate': False, 'joint_det': False, 'batch_size': 8, 'dataset': ['scanrefer'], 'test_dataset': 'scanrefer', 'data_root': '/root/autodl-tmp/DATA_ROOT_mcln_meshsp/', 'use_height': False, 'use_color': True, 'use_multiview': False, 'wo_obj_name': 'None', 'butd': True, 'butd_gt': False, 'butd_cls': False, 'augment_det': False, 'num_workers': 4, 'start_epoch': 1, 'max_epoch': 3, 'optimizer': 'adamW', 'weight_decay': 0.0005, 'lr': 1e-06, 'lr_backbone': 1e-06, 'text_encoder_lr': 1e-05, 'lr_scheduler': 'step', 'lr_decay_epochs': [280, 340], 'lr_decay_rate': 0.1, 'clip_norm': 0.1, 'bn_momentum': 0.1, 'syncbn': False, 'warmup_epoch': -1, 'warmup_multiplier': 100, 'frozen': False, 'small_lr': False, 'checkpoint_path': None, 'log_dir': '/root/autodl-tmp/pvground_native_joint_controls_20261010/selected_mask_off/engineering/witness/scanrefer/engineering_two_batch_preflight/1791631598', 'exp': 'engineering_two_batch_preflight', 'print_freq': 1, 'save_freq': 10, 'val_freq': 1, 'local_rank': 0, 'ap_iou_thresholds': [0.25, 0.5], 'rng_seed': 2027, 'debug': False, 'eval': False, 'eval_train': False, 'pp_checkpoint': None, 'reduce_lr': False}
Loading datasets: ['scanrefer']
Loading train files, take a breath!
Begin text decoupling......
End text decoupling!
Loading val files, take a breath!
Begin text decoupling......
End text decoupling!
Some weights of the model checkpoint at /root/autodl-tmp/DATA_ROOT_mcln_meshsp/roberta-base/ were not used when initializing RobertaModel: ['lm_head.layer_norm.bias', 'lm_head.layer_norm.weight', 'lm_head.dense.bias', 'lm_head.bias', 'lm_head.decoder.weight', 'lm_head.dense.weight']
- This IS expected if you are initializing RobertaModel from the checkpoint of a model trained on another task or with another architecture (e.g. initializing a BertForSequenceClassification model from a BertForPreTraining model).
- This IS NOT expected if you are initializing RobertaModel from the checkpoint of a model that you expect to be exactly identical (initializing a BertForSequenceClassification model from a BertForSequenceClassification model).
  0%|          | 0/2 [00:00<?, ?it/s][32m[10/10 19:36:48 witness]: [0mTrain: [1][1/2]  
[32m[10/10 19:36:48 witness]: [0madaptive_weight_loss_dice 0.1149 	adaptive_weight_loss_mask 0.0054 	corresponding_loss_dice 0.0594 	corresponding_loss_mask 0.0022 	loss 13.8389 	loss_bbox 1.0837 	loss_ce 40.5548 	loss_dice 0.1394 	loss_giou 2.3345 	loss_mask 0.0048 	loss_sem_align 108.3938 	query_points_generation_loss 0.0000 	sp_loss_dice 0.1156 	sp_loss_mask 0.0055 	
 50%|#####     | 1/2 [00:22<00:22, 22.11s/it][32m[10/10 19:36:52 witness]: [0mTrain: [1][2/2]  
[32m[10/10 19:36:52 witness]: [0madaptive_weight_loss_dice 0.1085 	adaptive_weight_loss_mask 0.0040 	corresponding_loss_dice 0.1576 	corresponding_loss_mask 0.0050 	loss 14.0516 	loss_bbox 1.0929 	loss_ce 39.0766 	loss_dice 0.2150 	loss_giou 2.2306 	loss_mask 0.0059 	loss_sem_align 105.9764 	query_points_generation_loss 0.0000 	sp_loss_dice 0.1091 	sp_loss_mask 0.0040 	
100%|##########| 2/2 [00:25<00:00, 11.32s/it]100%|##########| 2/2 [00:25<00:00, 12.94s/it]
Saved complete native checkpoint /root/autodl-tmp/pvground_native_joint_controls_20261010/selected_mask_off/engineering/witness/scanrefer/engineering_two_batch_preflight/1791631598/best.pth
Some weights of the model checkpoint at /root/autodl-tmp/DATA_ROOT_mcln_meshsp/roberta-base/ were not used when initializing RobertaModel: ['lm_head.layer_norm.bias', 'lm_head.layer_norm.weight', 'lm_head.dense.bias', 'lm_head.bias', 'lm_head.decoder.weight', 'lm_head.dense.weight']
- This IS expected if you are initializing RobertaModel from the checkpoint of a model trained on another task or with another architecture (e.g. initializing a BertForSequenceClassification model from a BertForPreTraining model).
- This IS NOT expected if you are initializing RobertaModel from the checkpoint of a model that you expect to be exactly identical (initializing a BertForSequenceClassification model from a BertForSequenceClassification model).
{"status": "ACTUAL_NATIVE_C_OFF_TWO_STEP_INITIAL_E0_EQUALITY_AND_FULL_RECOVERY_COMPLETE", "source_mode": "extremal_support", "actual_updates": 2, "checkpoint_bytes": 841675936, "step_seconds": 25.904242292046547, "formal_accuracy": null}
