Prepared618sourcefiles; original native and live Scan sources unchanged
..............................................................           [100%]
=============================== warnings summary ===============================
tests/test_main_utils_source_choice_checkpoint.py::test_checkpoint_migrates_gradual_warmup_after_scheduler_state[cosine]
tests/test_main_utils_source_choice_checkpoint.py::test_checkpoint_migrates_gradual_warmup_after_scheduler_state[multistep]
  /root/miniconda3/envs/bdetr/lib/python3.7/site-packages/torch/optim/lr_scheduler.py:154: UserWarning: The epoch parameter in `scheduler.step()` was not necessary and is being deprecated where possible. Please use `scheduler.step()` to step the scheduler. During the deprecation, if epoch is different from None, the closed form is used instead of the new chainable form, where available. Please open an issue if you are unable to replicate your use case: https://github.com/pytorch/pytorch/issues/new/choose.
    warnings.warn(EPOCH_DEPRECATION_WARNING, UserWarning)

-- Docs: https://docs.pytest.org/en/stable/how-to/capture-warnings.html
62 passed, 2 warnings in 2.39s
Some weights of the model checkpoint at /root/autodl-tmp/DATA_ROOT/roberta-base/ were not used when initializing RobertaModel: ['lm_head.layer_norm.weight', 'lm_head.bias', 'lm_head.layer_norm.bias', 'lm_head.dense.bias', 'lm_head.dense.weight', 'lm_head.decoder.weight']
- This IS expected if you are initializing RobertaModel from the checkpoint of a model trained on another task or with another architecture (e.g. initializing a BertForSequenceClassification model from a BertForPreTraining model).
- This IS NOT expected if you are initializing RobertaModel from the checkpoint of a model that you expect to be exactly identical (initializing a BertForSequenceClassification model from a BertForSequenceClassification model).
Some weights of the model checkpoint at /root/autodl-tmp/DATA_ROOT/roberta-base/ were not used when initializing RobertaModel: ['lm_head.layer_norm.weight', 'lm_head.bias', 'lm_head.layer_norm.bias', 'lm_head.dense.bias', 'lm_head.dense.weight', 'lm_head.decoder.weight']
- This IS expected if you are initializing RobertaModel from the checkpoint of a model trained on another task or with another architecture (e.g. initializing a BertForSequenceClassification model from a BertForPreTraining model).
- This IS NOT expected if you are initializing RobertaModel from the checkpoint of a model that you expect to be exactly identical (initializing a BertForSequenceClassification model from a BertForSequenceClassification model).
=> loading checkpoint '/root/autodl-tmp/DATA_ROOT/output/network_v99_baseline_gt/nr3d/control/official_rec_monitor/official_best_rec025_epoch_57_0p56652741.pth'
=> overriding checkpoint epoch; first requested epoch is 1
=> model-only initialization loaded 1144 tensors (96 backbone); ignored 0 source-only tensors; optimizer and scheduler remain fresh
=> loaded successfully '/root/autodl-tmp/DATA_ROOT/output/network_v99_baseline_gt/nr3d/control/official_rec_monitor/official_best_rec025_epoch_57_0p56652741.pth' (epoch 57)
=> loading checkpoint '/root/autodl-tmp/DATA_ROOT/output/network_v99_baseline_gt/nr3d/control/official_rec_monitor/official_best_rec025_epoch_57_0p56652741.pth'
=> overriding checkpoint epoch; first requested epoch is 1
=> model-only initialization loaded 1144 tensors (96 backbone); ignored 0 source-only tensors; optimizer and scheduler remain fresh
=> loaded successfully '/root/autodl-tmp/DATA_ROOT/output/network_v99_baseline_gt/nr3d/control/official_rec_monitor/official_best_rec025_epoch_57_0p56652741.pth' (epoch 57)
{"schema": "mcln-candidate-range-native-preparation-v1", "reader_variant": "extent", "status": "pass", "time_cst": "2026-09-07T03:25:05.058721+08:00", "source_manifest_sha256": "270843db4eeb20ac71966c06808134d4d494deba5e9aca567ea43bf03a04c42f", "nr_checkpoint_sha256": "76aa6cd49ca20a34e78509465f1185b1b9040e60807ad327d6b0876aeb6edba1", "protocols": {"nr3d": {"model_tensors": 1154, "pretrained_tensors_equal": 1144, "new_tensors_unchanged_from_initialization": 10, "model_parameter_count": 149779949, "local_parameter_count": 145008, "native_weights_only_loader_pass": true, "fresh_optimizer_and_scheduler": true, "optimizer_groups": [{"name": "decoder", "tensors": 625, "lr": 1e-06}, {"name": "backbone", "tensors": 48, "lr": 1e-06}, {"name": "mask_head", "tensors": 58, "lr": 1e-06}, {"name": "selector", "tensors": 9, "lr": 1e-06}, {"name": "candidate_local_visual", "tensors": 10, "lr": 0.0001}], "native_filter_non_gt_boxes": true, "native_selector_output": true, "train_start_epoch": 1, "native_model_updates": 0}, "sr3d": {"model_tensors": 1154, "pretrained_tensors_equal": 1144, "new_tensors_unchanged_from_initialization": 10, "model_parameter_count": 149779949, "local_parameter_count": 145008, "native_weights_only_loader_pass": true, "fresh_optimizer_and_scheduler": true, "optimizer_groups": [{"name": "decoder", "tensors": 625, "lr": 1e-06}, {"name": "backbone", "tensors": 48, "lr": 1e-06}, {"name": "mask_head", "tensors": 58, "lr": 1e-06}, {"name": "selector", "tensors": 9, "lr": 1e-06}, {"name": "candidate_local_visual", "tensors": 10, "lr": 0.0001}], "native_filter_non_gt_boxes": true, "native_selector_output": true, "train_start_epoch": 1, "native_model_updates": 0}}, "data_root": "/root/autodl-tmp/DATA_ROOT_mcln_meshsp/", "superpoint_files_verified": {"train": 1201, "val": 312}, "gpu_forwards": 0, "real_dataset_rows": 0, "native_model_optimizer_updates": 0, "checkpoint_writes": 0, "formal_rows": 0, "sr_protected_checkpoint_restored": false, "limits": "Original-environment CPU native model/loading/optimizer integration only; neither Nr/Sr data preflight nor training nor benchmark performance. Scan promotion remains required."}
