Some weights of the model checkpoint at /root/autodl-tmp/DATA_ROOT_mcln_meshsp/roberta-base/ were not used when initializing RobertaModel: ['lm_head.bias', 'lm_head.dense.weight', 'lm_head.layer_norm.bias', 'lm_head.dense.bias', 'lm_head.decoder.weight', 'lm_head.layer_norm.weight']
- This IS expected if you are initializing RobertaModel from the checkpoint of a model trained on another task or with another architecture (e.g. initializing a BertForSequenceClassification model from a BertForPreTraining model).
- This IS NOT expected if you are initializing RobertaModel from the checkpoint of a model that you expect to be exactly identical (initializing a BertForSequenceClassification model from a BertForSequenceClassification model).
PVG_SOURCE_QUERY_CPU_RESTORE_PASS {"status": "pass", "time_cst": "2026-09-18T03:19:08.496412+08:00", "scope": "actual fixed terminal delta", "parent_tensors": 1234, "added_tensors": 37, "delta_tensors": 1072, "expanded_tensors": 1271, "changed_added_tensors": 37, "strict_terminal_and_parent_restore": true, "missing_added_state_rejected": null, "cpu_only": true, "torch_cuda_initialized": false, "model_forwards": 0, "optimizer_steps": 0, "formal_rows": 0, "new_checkpoint_files": 0, "checkpoint_sha256": "6f24c67cc3409f44befdef188f14383497a824d8ab309b8fd572a999ae8bdec3", "source_port_sha256": "0375886f9df2b3ac18a63ce7571d672ceb433613b6defdfcd9f8d244a20bf855", "module_sha256": "39349bf1fe8f3f51149f0872911020ecd0ede98fc9a8278cecb5ae466ed8643d", "evaluator_sha256": "49c185dcf9d774318c8df8483feed87599c464c4bf22925788da5da38fc2379c", "terminal_sha256": "0575dfae333dabdf288a470fc09d8967f9867d1853a5f61d9cfc3cbcf7964522", "training_spec_sha256": "90d95a9baa87822bece1d482a3e083b761118bc3a06a301e8f19cc85206153f6", "elapsed_seconds": 14.417953491210938, "script_sha256": "3cae9ace2ec1be0d09bda0433ffcfe4072f6b0a8b4ba110f58151eef70cb8a48"}
PVG_FORMAL_LAUNCH {"status": "launching_fixed_formal", "time_cst": "2026-09-18T03:19:09.033029+08:00", "training_receipt_sha256": "8a6e490d73a8870d46bbabf009c7da4a8c97f72797ee83943abb605ec0a6b4be", "training_audit_sha256": "0b5e007fb371e35907411b35fc7ef3ee6b4ec4e071ad4f90406eb92a6f52fec6", "formal_rows_expected": 9508}
Some weights of the model checkpoint at /root/autodl-tmp/DATA_ROOT_mcln_meshsp/roberta-base/ were not used when initializing RobertaModel: ['lm_head.bias', 'lm_head.decoder.weight', 'lm_head.layer_norm.bias', 'lm_head.dense.weight', 'lm_head.layer_norm.weight', 'lm_head.dense.bias']
- This IS expected if you are initializing RobertaModel from the checkpoint of a model trained on another task or with another architecture (e.g. initializing a BertForSequenceClassification model from a BertForPreTraining model).
- This IS NOT expected if you are initializing RobertaModel from the checkpoint of a model that you expect to be exactly identical (initializing a BertForSequenceClassification model from a BertForSequenceClassification model).
PVG_FORMAL_DATASET_LOADING 2026-09-18T03:19:33.256452+08:00
Loading val files, take a breath!
Begin text decoupling......
End text decoupling!
PVG_FORMAL_PROGRESS {"arm": "published_parent", "rows": 512, "total": 9508, "seconds": 54.01571750640869}
PVG_FORMAL_PROGRESS {"arm": "published_parent", "rows": 1024, "total": 9508, "seconds": 100.53332901000977}
PVG_FORMAL_PROGRESS {"arm": "published_parent", "rows": 1536, "total": 9508, "seconds": 145.92212629318237}
PVG_FORMAL_PROGRESS {"arm": "published_parent", "rows": 2048, "total": 9508, "seconds": 193.53897976875305}
PVG_FORMAL_PROGRESS {"arm": "published_parent", "rows": 2560, "total": 9508, "seconds": 246.0447108745575}
PVG_FORMAL_PROGRESS {"arm": "published_parent", "rows": 3072, "total": 9508, "seconds": 294.30112862586975}
PVG_FORMAL_PROGRESS {"arm": "published_parent", "rows": 3584, "total": 9508, "seconds": 341.5436635017395}
PVG_FORMAL_PROGRESS {"arm": "published_parent", "rows": 4096, "total": 9508, "seconds": 389.72441959381104}
PVG_FORMAL_PROGRESS {"arm": "published_parent", "rows": 4608, "total": 9508, "seconds": 436.6088902950287}
PVG_FORMAL_PROGRESS {"arm": "published_parent", "rows": 5120, "total": 9508, "seconds": 483.05011677742004}
PVG_FORMAL_PROGRESS {"arm": "published_parent", "rows": 5632, "total": 9508, "seconds": 532.2207005023956}
PVG_FORMAL_PROGRESS {"arm": "published_parent", "rows": 6144, "total": 9508, "seconds": 578.6481826305389}
PVG_FORMAL_PROGRESS {"arm": "published_parent", "rows": 6656, "total": 9508, "seconds": 625.7617430686951}
PVG_FORMAL_PROGRESS {"arm": "published_parent", "rows": 7168, "total": 9508, "seconds": 673.2112786769867}
PVG_FORMAL_PROGRESS {"arm": "published_parent", "rows": 7680, "total": 9508, "seconds": 724.2874503135681}
PVG_FORMAL_PROGRESS {"arm": "published_parent", "rows": 8192, "total": 9508, "seconds": 772.4464094638824}
PVG_FORMAL_PROGRESS {"arm": "published_parent", "rows": 8704, "total": 9508, "seconds": 819.8669736385345}
PVG_FORMAL_PROGRESS {"arm": "published_parent", "rows": 9216, "total": 9508, "seconds": 867.6923916339874}
PVG_FORMAL_ARM_COMPLETE {"status": "pass", "arm": "published_parent", "rows": 9508, "formal_rows": 9508, "metrics": {"bbs": {"rec_hits25": 5579, "rec_hits50": 4381, "mask_hits25": 5816, "mask_hits50": 5104, "mask_iou_sum": 4462.035193361808, "mask_miou": 46.92927212202154}, "bbf": {"rec_hits25": 5608, "rec_hits50": 4395, "mask_hits25": 5838, "mask_hits50": 5129, "mask_iou_sum": 4478.715750100964, "mask_miou": 47.104709193321035}}, "time_cst": "2026-09-18T03:36:11.244428+08:00", "elapsed_seconds": 893.565426826477, "state_unchanged": true, "rows_sha256": "3b8f6a871083b27c07d503d92bc452b07617f89c5cc2dbe721dd2b274134212e", "boxes_sha256": "4d1c8716672376bb7fe717832aa47a5b4dba5a52ff6410869f9ee55ffc7318c2", "scores_sha256": "5ff8014a25f3ad27abe28d55494af618d8253e48e5a5547935cdcd4c272ab4d2"}
PVG_FORMAL_PROGRESS {"arm": "fit_terminal", "rows": 512, "total": 9508, "seconds": 52.5274133682251}
PVG_FORMAL_PROGRESS {"arm": "fit_terminal", "rows": 1024, "total": 9508, "seconds": 98.76611495018005}
PVG_FORMAL_PROGRESS {"arm": "fit_terminal", "rows": 1536, "total": 9508, "seconds": 144.2942659854889}
PVG_FORMAL_PROGRESS {"arm": "fit_terminal", "rows": 2048, "total": 9508, "seconds": 194.59517693519592}
PVG_FORMAL_PROGRESS {"arm": "fit_terminal", "rows": 2560, "total": 9508, "seconds": 245.85378193855286}
PVG_FORMAL_PROGRESS {"arm": "fit_terminal", "rows": 3072, "total": 9508, "seconds": 294.82753586769104}
PVG_FORMAL_PROGRESS {"arm": "fit_terminal", "rows": 3584, "total": 9508, "seconds": 344.77206444740295}
PVG_FORMAL_PROGRESS {"arm": "fit_terminal", "rows": 4096, "total": 9508, "seconds": 391.6286208629608}
PVG_FORMAL_PROGRESS {"arm": "fit_terminal", "rows": 4608, "total": 9508, "seconds": 438.94342708587646}
PVG_FORMAL_PROGRESS {"arm": "fit_terminal", "rows": 5120, "total": 9508, "seconds": 488.07867336273193}
PVG_FORMAL_PROGRESS {"arm": "fit_terminal", "rows": 5632, "total": 9508, "seconds": 536.0075182914734}
PVG_FORMAL_PROGRESS {"arm": "fit_terminal", "rows": 6144, "total": 9508, "seconds": 582.2398669719696}
PVG_FORMAL_PROGRESS {"arm": "fit_terminal", "rows": 6656, "total": 9508, "seconds": 630.3407044410706}
PVG_FORMAL_PROGRESS {"arm": "fit_terminal", "rows": 7168, "total": 9508, "seconds": 679.1097013950348}
PVG_FORMAL_PROGRESS {"arm": "fit_terminal", "rows": 7680, "total": 9508, "seconds": 729.2798960208893}
PVG_FORMAL_PROGRESS {"arm": "fit_terminal", "rows": 8192, "total": 9508, "seconds": 779.8094334602356}
PVG_FORMAL_PROGRESS {"arm": "fit_terminal", "rows": 8704, "total": 9508, "seconds": 827.601847410202}
PVG_FORMAL_PROGRESS {"arm": "fit_terminal", "rows": 9216, "total": 9508, "seconds": 873.7007124423981}
PVG_FORMAL_ARM_COMPLETE {"status": "pass", "arm": "fit_terminal", "rows": 9508, "formal_rows": 9508, "metrics": {"bbs": {"rec_hits25": 5615, "rec_hits50": 4495, "mask_hits25": 5812, "mask_hits50": 5133, "mask_iou_sum": 4478.997386772593, "mask_miou": 47.107671295462694}, "bbf": {"rec_hits25": 5654, "rec_hits50": 4520, "mask_hits25": 5847, "mask_hits50": 5156, "mask_iou_sum": 4503.713409898512, "mask_miou": 47.36762105488548}}, "time_cst": "2026-09-18T03:51:13.559386+08:00", "elapsed_seconds": 901.6288154125214, "state_unchanged": true, "rows_sha256": "2d1edf5b477962bd285ea8ae09df299988ded5d1b502f00be83f255e583537cd", "boxes_sha256": "feb63bfc55f5bd2347a35c1e8b08ff9e0087fad0dded0d26a6d786bf4227fd69", "scores_sha256": "56fc306f918369b9e72c9f7823886287718aa1a14c999727100979444e65844e"}
PVG_FORMAL_COMPLETE {"status": "complete", "time_cst": "2026-09-18T03:51:17.122515+08:00", "formal_rows": 9508, "rows_per_arm": 9508, "optimizer_steps": 0, "new_checkpoint_files": 0, "primary_mode": "bbs", "all_model_states_unchanged": true, "metrics": {"published_parent": {"bbs": {"rec_hits25": 5579, "rec_hits50": 4381, "mask_hits25": 5816, "mask_hits50": 5104, "mask_iou_sum": 4462.035193361808, "mask_miou": 46.92927212202154}, "bbf": {"rec_hits25": 5608, "rec_hits50": 4395, "mask_hits25": 5838, "mask_hits50": 5129, "mask_iou_sum": 4478.715750100964, "mask_miou": 47.104709193321035}}, "fit_terminal": {"bbs": {"rec_hits25": 5615, "rec_hits50": 4495, "mask_hits25": 5812, "mask_hits50": 5133, "mask_iou_sum": 4478.997386772593, "mask_miou": 47.107671295462694}, "bbf": {"rec_hits25": 5654, "rec_hits50": 4520, "mask_hits25": 5847, "mask_hits50": 5156, "mask_iou_sum": 4503.713409898512, "mask_miou": 47.36762105488548}}}, "transitions": {"bbs": {"0.25": {"fixes": 346, "breaks": 310, "net": 36}, "0.5": {"fixes": 494, "breaks": 380, "net": 114}}, "bbf": {"0.25": {"fixes": 331, "breaks": 285, "net": 46}, "0.5": {"fixes": 494, "breaks": 369, "net": 125}}}, "promotion": {"checks": {"rec25_historical_v99": true, "rec50_historical_v99": false}, "advance_to_nr3d_sr3d_rec": false, "requires_independent_formal_audit": true, "scanrefer_mask_gate": false, "nr3d_sr3d_mask_gate": false}, "parent_checkpoint_sha256": "6f24c67cc3409f44befdef188f14383497a824d8ab309b8fd572a999ae8bdec3", "terminal_checkpoint_sha256": "0575dfae333dabdf288a470fc09d8967f9867d1853a5f61d9cfc3cbcf7964522", "training_receipt_sha256": "8a6e490d73a8870d46bbabf009c7da4a8c97f72797ee83943abb605ec0a6b4be", "training_audit_sha256": "0b5e007fb371e35907411b35fc7ef3ee6b4ec4e071ad4f90406eb92a6f52fec6", "spec_sha256": "ba7e581c959499daaa73a2296f6517a3a5e0e95f3ba7fb23cefe8a611ee9c64e", "script_sha256": "49c185dcf9d774318c8df8483feed87599c464c4bf22925788da5da38fc2379c", "protocol_sha256": "953f7074fbad0cd5b8fae139c7a4d80db77d5d6f64927f18bd9937bc9a8271de"}
PVG_FORMAL_AUDIT_COMPLETE {"integrity_pass": true, "time_cst": "2026-09-18T03:51:26.982981+08:00", "formal_rows": 9508, "metrics": {"published_parent": {"bbs": {"rec_hits25": 5579, "rec_hits50": 4381, "mask_hits25": 5816, "mask_hits50": 5104, "mask_iou_sum": 4462.035193361808, "mask_miou": 46.92927212202154}, "bbf": {"rec_hits25": 5608, "rec_hits50": 4395, "mask_hits25": 5838, "mask_hits50": 5129, "mask_iou_sum": 4478.715750100964, "mask_miou": 47.104709193321035}}, "fit_terminal": {"bbs": {"rec_hits25": 5615, "rec_hits50": 4495, "mask_hits25": 5812, "mask_hits50": 5133, "mask_iou_sum": 4478.997386772593, "mask_miou": 47.107671295462694}, "bbf": {"rec_hits25": 5654, "rec_hits50": 4520, "mask_hits25": 5847, "mask_hits50": 5156, "mask_iou_sum": 4503.713409898512, "mask_miou": 47.36762105488548}}}, "transitions": {"bbs": {"0.25": {"fixes": 346, "breaks": 310, "net": 36}, "0.5": {"fixes": 494, "breaks": 380, "net": 114}}, "bbf": {"0.25": {"fixes": 331, "breaks": 285, "net": 46}, "0.5": {"fixes": 494, "breaks": 369, "net": 125}}}, "transition_counts": {"bbs": [[3583, 118, 228], [122, 810, 266], [188, 192, 4001]], "bbf": [[3569, 116, 215], [105, 829, 279], [180, 189, 4026]]}, "transition_bands": ["[0,0.25]", "(0.25,0.50]", "(0.50,1]"], "checks": {"rec25_historical_v99": true, "rec50_historical_v99": false}, "advance_to_nr3d_sr3d_rec": false, "scanrefer_mask_gate": false, "stages": {"published_parent": {"rows": 9508, "candidate_boxes_checked": 2434048, "selection_checks": 19016, "max_selected_iou_error": 2.7642739371946945e-06}, "fit_terminal": {"rows": 9508, "candidate_boxes_checked": 2434048, "selection_checks": 19016, "max_selected_iou_error": 2.829381748670201e-06}}, "mask_audit_scope": "exported per-row IoU recount; binary predictions not reloaded", "v99_reference": "historical protected complete system; not a contemporaneous rerun", "receipt_sha256": "60af173412696ee53ac13e60116460afa6bae5050cd96af84249088dba296374", "auditor_sha256": "b33ba826e43fe25de52f43365b40c52e622da15be3d3377ac068c649985e4da2"}
