Some weights of the model checkpoint at /root/autodl-tmp/DATA_ROOT_mcln_meshsp/roberta-base/ were not used when initializing RobertaModel: ['lm_head.layer_norm.weight', 'lm_head.dense.weight', 'lm_head.decoder.weight', 'lm_head.bias', 'lm_head.layer_norm.bias', 'lm_head.dense.bias']
- This IS expected if you are initializing RobertaModel from the checkpoint of a model trained on another task or with another architecture (e.g. initializing a BertForSequenceClassification model from a BertForPreTraining model).
- This IS NOT expected if you are initializing RobertaModel from the checkpoint of a model that you expect to be exactly identical (initializing a BertForSequenceClassification model from a BertForSequenceClassification model).
PVG_FINETUNE_DATASET_LOADING 2026-10-04T15:50:00.071424+08:00
Loading val files, take a breath!
Begin text decoupling......
End text decoupling!
PVG_EVAL_PROGRESS {"stage": "formal", "rows": 512, "total": 9508, "seconds": 78.10014081001282}
PVG_EVAL_PROGRESS {"stage": "formal", "rows": 1024, "total": 9508, "seconds": 150.73757314682007}
PVG_EVAL_PROGRESS {"stage": "formal", "rows": 1536, "total": 9508, "seconds": 222.90230798721313}
PVG_EVAL_PROGRESS {"stage": "formal", "rows": 2048, "total": 9508, "seconds": 297.6522240638733}
PVG_EVAL_PROGRESS {"stage": "formal", "rows": 2560, "total": 9508, "seconds": 375.6758825778961}
PVG_EVAL_PROGRESS {"stage": "formal", "rows": 3072, "total": 9508, "seconds": 450.78960394859314}
PVG_EVAL_PROGRESS {"stage": "formal", "rows": 3584, "total": 9508, "seconds": 525.0190789699554}
PVG_EVAL_PROGRESS {"stage": "formal", "rows": 4096, "total": 9508, "seconds": 598.4751329421997}
PVG_EVAL_PROGRESS {"stage": "formal", "rows": 4608, "total": 9508, "seconds": 671.1583504676819}
PVG_EVAL_PROGRESS {"stage": "formal", "rows": 5120, "total": 9508, "seconds": 743.3837125301361}
PVG_EVAL_PROGRESS {"stage": "formal", "rows": 5632, "total": 9508, "seconds": 817.2776384353638}
PVG_EVAL_PROGRESS {"stage": "formal", "rows": 6144, "total": 9508, "seconds": 889.4872233867645}
PVG_EVAL_PROGRESS {"stage": "formal", "rows": 6656, "total": 9508, "seconds": 963.6525135040283}
PVG_EVAL_PROGRESS {"stage": "formal", "rows": 7168, "total": 9508, "seconds": 1038.1291317939758}
PVG_EVAL_PROGRESS {"stage": "formal", "rows": 7680, "total": 9508, "seconds": 1114.3919196128845}
PVG_EVAL_PROGRESS {"stage": "formal", "rows": 8192, "total": 9508, "seconds": 1189.1741139888763}
PVG_EVAL_PROGRESS {"stage": "formal", "rows": 8704, "total": 9508, "seconds": 1262.7103629112244}
PVG_EVAL_PROGRESS {"stage": "formal", "rows": 9216, "total": 9508, "seconds": 1335.108808040619}
PVG_EVAL_COMPLETE {"status": "pass", "stage": "formal", "rows": 9508, "metrics": {"bbs": {"rec_hits25": 5616, "rec_hits50": 4506, "mask_hits25": 5812, "mask_hits50": 5133, "mask_iou_sum": 4478.997386772593, "mask_miou": 47.107671295462694}, "bbf": {"rec_hits25": 5653, "rec_hits50": 4526, "mask_hits25": 5847, "mask_hits50": 5156, "mask_iou_sum": 4503.713409898512, "mask_miou": 47.36762105488548}}, "elapsed_seconds": 1377.7663686275482, "time_cst": "2026-10-04T16:14:41.293370+08:00", "formal_rows": 9508, "rows_sha256": "5bcdaed7649f833ef52251ac5d481628cec0bcd3b9830b6f6b6736367abc6a0e"}
