Some weights of the model checkpoint at /root/autodl-tmp/DATA_ROOT/roberta-base/ were not used when initializing RobertaModel: ['lm_head.decoder.weight', 'lm_head.dense.bias', 'lm_head.layer_norm.weight', 'lm_head.dense.weight', 'lm_head.bias', 'lm_head.layer_norm.bias']
- This IS expected if you are initializing RobertaModel from the checkpoint of a model trained on another task or with another architecture (e.g. initializing a BertForSequenceClassification model from a BertForPreTraining model).
- This IS NOT expected if you are initializing RobertaModel from the checkpoint of a model that you expect to be exactly identical (initializing a BertForSequenceClassification model from a BertForSequenceClassification model).
Some weights of the model checkpoint at /root/autodl-tmp/DATA_ROOT/roberta-base/ were not used when initializing RobertaModel: ['lm_head.decoder.weight', 'lm_head.dense.bias', 'lm_head.layer_norm.weight', 'lm_head.dense.weight', 'lm_head.bias', 'lm_head.layer_norm.bias']
- This IS expected if you are initializing RobertaModel from the checkpoint of a model trained on another task or with another architecture (e.g. initializing a BertForSequenceClassification model from a BertForPreTraining model).
- This IS NOT expected if you are initializing RobertaModel from the checkpoint of a model that you expect to be exactly identical (initializing a BertForSequenceClassification model from a BertForSequenceClassification model).
Loading train files, take a breath!
Begin text decoupling......
End text decoupling!
M5 PREFLIGHT {"native": {"loss": 16.18368148803711, "gradient_norms": {"rel_encoder.0.weight": 0.13723599910736084, "rel_encoder.0.bias": 1.1106524467468262, "rel_encoder.2.weight": 2.371427536010742, "rel_encoder.2.bias": 1.878521203994751, "x_mask.0.weight": 5.399118423461914, "x_mask.0.bias": 0.44919854402542114, "x_mask.2.weight": 6.808021545410156, "x_mask.2.bias": 0.9735933542251587, "x_mask.4.weight": 6.586859703063965, "x_mask.4.bias": 1.878521203994751, "x_query.0.weight": 1.0664376020431519, "x_query.0.bias": 0.06220626085996628, "x_query.2.weight": 0.9692898988723755, "x_query.2.bias": 0.07664259523153305, "x_query.4.weight": 1.1690175533294678, "x_query.4.bias": 0.08711637556552887}}, "nearest": {"loss": 15.682594299316406, "gradient_norms": {"rel_encoder.0.weight": 0.28120914101600647, "rel_encoder.0.bias": 2.239884376525879, "rel_encoder.2.weight": 1.7963969707489014, "rel_encoder.2.bias": 1.3137354850769043, "x_mask.0.weight": 5.338756561279297, "x_mask.0.bias": 0.4613925516605377, "x_mask.2.weight": 6.665078639984131, "x_mask.2.bias": 0.9266943335533142, "x_mask.4.weight": 6.16524076461792, "x_mask.4.bias": 1.3137354850769043, "x_query.0.weight": 2.3247230052948, "x_query.0.bias": 0.1369365155696869, "x_query.2.weight": 1.906389832496643, "x_query.2.bias": 0.1380300372838974, "x_query.4.weight": 2.28083872795105, "x_query.4.bias": 0.16451138257980347}}, "optimizer_steps": 0, "trainable_parameters": 1348960, "learning_rate": 1e-05, "weight_decay": 0.0005, "clip_norm": 0.1, "fit_rows": 2048, "fit_scenes": 262, "holdout_rows": 6172, "holdout_scenes": 98, "identical_grounding": true, "frozen_state_unchanged": true}
M5 EVAL {"stage": "baseline", "batches": 50, "rows": 800, "elapsed_seconds": 151.3261182308197}
M5 EVAL {"stage": "baseline", "batches": 100, "rows": 1600, "elapsed_seconds": 301.0460515022278}
M5 EVAL {"stage": "baseline", "batches": 150, "rows": 2400, "elapsed_seconds": 450.5358421802521}
M5 EVAL {"stage": "baseline", "batches": 200, "rows": 3200, "elapsed_seconds": 600.4230346679688}
M5 EVAL {"stage": "baseline", "batches": 250, "rows": 4000, "elapsed_seconds": 750.0136742591858}
M5 EVAL {"stage": "baseline", "batches": 300, "rows": 4800, "elapsed_seconds": 899.5145077705383}
M5 EVAL {"stage": "baseline", "batches": 350, "rows": 5600, "elapsed_seconds": 1050.159203529358}
M5 TRAIN {"step": 64, "epoch": 0, "arms": {"native": {"loss": 15.429747581481934, "gradient_norm_before_clip": 8.689377784729004}, "nearest": {"loss": 15.419426918029785, "gradient_norm_before_clip": 7.137975692749023}}, "elapsed_seconds": 1234.6025822162628}
M5 TRAIN {"step": 128, "epoch": 0, "arms": {"native": {"loss": 13.554308891296387, "gradient_norm_before_clip": 5.462703704833984}, "nearest": {"loss": 13.590126037597656, "gradient_norm_before_clip": 9.01315975189209}}, "elapsed_seconds": 1310.8304262161255}
M5 TRAIN {"step": 192, "epoch": 0, "arms": {"native": {"loss": 15.900468826293945, "gradient_norm_before_clip": 4.242307186126709}, "nearest": {"loss": 15.74337100982666, "gradient_norm_before_clip": 6.832731246948242}}, "elapsed_seconds": 1387.4362888336182}
M5 TRAIN {"step": 256, "epoch": 0, "arms": {"native": {"loss": 14.823772430419922, "gradient_norm_before_clip": 7.712058067321777}, "nearest": {"loss": 14.95613956451416, "gradient_norm_before_clip": 9.722380638122559}}, "elapsed_seconds": 1463.811274766922}
