Some weights of the model checkpoint at /root/autodl-tmp/DATA_ROOT/roberta-base/ were not used when initializing RobertaModel: ['lm_head.decoder.weight', 'lm_head.dense.bias', 'lm_head.layer_norm.weight', 'lm_head.dense.weight', 'lm_head.bias', 'lm_head.layer_norm.bias']
- This IS expected if you are initializing RobertaModel from the checkpoint of a model trained on another task or with another architecture (e.g. initializing a BertForSequenceClassification model from a BertForPreTraining model).
- This IS NOT expected if you are initializing RobertaModel from the checkpoint of a model that you expect to be exactly identical (initializing a BertForSequenceClassification model from a BertForSequenceClassification model).
Some weights of the model checkpoint at /root/autodl-tmp/DATA_ROOT/roberta-base/ were not used when initializing RobertaModel: ['lm_head.decoder.weight', 'lm_head.dense.bias', 'lm_head.layer_norm.weight', 'lm_head.dense.weight', 'lm_head.bias', 'lm_head.layer_norm.bias']
- This IS expected if you are initializing RobertaModel from the checkpoint of a model trained on another task or with another architecture (e.g. initializing a BertForSequenceClassification model from a BertForPreTraining model).
- This IS NOT expected if you are initializing RobertaModel from the checkpoint of a model that you expect to be exactly identical (initializing a BertForSequenceClassification model from a BertForSequenceClassification model).
Loading train files, take a breath!
Begin text decoupling......
End text decoupling!
M5 PREFLIGHT {"native": {"loss": 16.18368148803711, "gradient_norms": {"rel_encoder.0.weight": 0.13723599910736084, "rel_encoder.0.bias": 1.1106524467468262, "rel_encoder.2.weight": 2.371427536010742, "rel_encoder.2.bias": 1.878521203994751, "x_mask.0.weight": 5.399118423461914, "x_mask.0.bias": 0.44919854402542114, "x_mask.2.weight": 6.808021545410156, "x_mask.2.bias": 0.9735933542251587, "x_mask.4.weight": 6.586859703063965, "x_mask.4.bias": 1.878521203994751, "x_query.0.weight": 1.0664376020431519, "x_query.0.bias": 0.06220626085996628, "x_query.2.weight": 0.9692898988723755, "x_query.2.bias": 0.07664259523153305, "x_query.4.weight": 1.1690175533294678, "x_query.4.bias": 0.08711637556552887}}, "nearest": {"loss": 15.682594299316406, "gradient_norms": {"rel_encoder.0.weight": 0.28120914101600647, "rel_encoder.0.bias": 2.239884376525879, "rel_encoder.2.weight": 1.7963969707489014, "rel_encoder.2.bias": 1.3137354850769043, "x_mask.0.weight": 5.338756561279297, "x_mask.0.bias": 0.4613925516605377, "x_mask.2.weight": 6.665078639984131, "x_mask.2.bias": 0.9266943335533142, "x_mask.4.weight": 6.16524076461792, "x_mask.4.bias": 1.3137354850769043, "x_query.0.weight": 2.3247230052948, "x_query.0.bias": 0.1369365155696869, "x_query.2.weight": 1.906389832496643, "x_query.2.bias": 0.1380300372838974, "x_query.4.weight": 2.28083872795105, "x_query.4.bias": 0.16451138257980347}}, "optimizer_steps": 0, "trainable_parameters": 1348960, "learning_rate": 1e-05, "weight_decay": 0.0005, "clip_norm": 0.1, "fit_rows": 2048, "fit_scenes": 262, "holdout_rows": 6172, "holdout_scenes": 98, "identical_grounding": true, "frozen_state_unchanged": true}
M5 EVAL {"stage": "baseline", "batches": 50, "rows": 800, "elapsed_seconds": 151.3261182308197}
M5 EVAL {"stage": "baseline", "batches": 100, "rows": 1600, "elapsed_seconds": 301.0460515022278}
M5 EVAL {"stage": "baseline", "batches": 150, "rows": 2400, "elapsed_seconds": 450.5358421802521}
M5 EVAL {"stage": "baseline", "batches": 200, "rows": 3200, "elapsed_seconds": 600.4230346679688}
M5 EVAL {"stage": "baseline", "batches": 250, "rows": 4000, "elapsed_seconds": 750.0136742591858}
M5 EVAL {"stage": "baseline", "batches": 300, "rows": 4800, "elapsed_seconds": 899.5145077705383}
M5 EVAL {"stage": "baseline", "batches": 350, "rows": 5600, "elapsed_seconds": 1050.159203529358}
M5 TRAIN {"step": 64, "epoch": 0, "arms": {"native": {"loss": 15.429747581481934, "gradient_norm_before_clip": 8.689377784729004}, "nearest": {"loss": 15.419426918029785, "gradient_norm_before_clip": 7.137975692749023}}, "elapsed_seconds": 1234.6025822162628}
M5 TRAIN {"step": 128, "epoch": 0, "arms": {"native": {"loss": 13.554308891296387, "gradient_norm_before_clip": 5.462703704833984}, "nearest": {"loss": 13.590126037597656, "gradient_norm_before_clip": 9.01315975189209}}, "elapsed_seconds": 1310.8304262161255}
M5 TRAIN {"step": 192, "epoch": 0, "arms": {"native": {"loss": 15.900468826293945, "gradient_norm_before_clip": 4.242307186126709}, "nearest": {"loss": 15.74337100982666, "gradient_norm_before_clip": 6.832731246948242}}, "elapsed_seconds": 1387.4362888336182}
M5 TRAIN {"step": 256, "epoch": 0, "arms": {"native": {"loss": 14.823772430419922, "gradient_norm_before_clip": 7.712058067321777}, "nearest": {"loss": 14.95613956451416, "gradient_norm_before_clip": 9.722380638122559}}, "elapsed_seconds": 1463.811274766922}
M5 TRAIN {"step": 320, "epoch": 0, "arms": {"native": {"loss": 13.111517906188965, "gradient_norm_before_clip": 4.212726593017578}, "nearest": {"loss": 13.055880546569824, "gradient_norm_before_clip": 4.518001079559326}}, "elapsed_seconds": 1540.1146657466888}
M5 TRAIN {"step": 384, "epoch": 0, "arms": {"native": {"loss": 16.62891960144043, "gradient_norm_before_clip": 10.815916061401367}, "nearest": {"loss": 16.42348861694336, "gradient_norm_before_clip": 10.374863624572754}}, "elapsed_seconds": 1616.6591234207153}
M5 TRAIN {"step": 448, "epoch": 0, "arms": {"native": {"loss": 19.3321590423584, "gradient_norm_before_clip": 19.216543197631836}, "nearest": {"loss": 19.563514709472656, "gradient_norm_before_clip": 12.66377067565918}}, "elapsed_seconds": 1692.6238865852356}
M5 TRAIN {"step": 512, "epoch": 0, "arms": {"native": {"loss": 15.489801406860352, "gradient_norm_before_clip": 9.4165620803833}, "nearest": {"loss": 15.386523246765137, "gradient_norm_before_clip": 12.119903564453125}}, "elapsed_seconds": 1769.4170129299164}
M5 TRAIN {"step": 576, "epoch": 1, "arms": {"native": {"loss": 16.148160934448242, "gradient_norm_before_clip": 9.258951187133789}, "nearest": {"loss": 15.810701370239258, "gradient_norm_before_clip": 7.503969669342041}}, "elapsed_seconds": 1845.27308511734}
M5 TRAIN {"step": 640, "epoch": 1, "arms": {"native": {"loss": 14.903098106384277, "gradient_norm_before_clip": 4.374835014343262}, "nearest": {"loss": 14.761923789978027, "gradient_norm_before_clip": 5.930940628051758}}, "elapsed_seconds": 1921.7578570842743}
M5 TRAIN {"step": 704, "epoch": 1, "arms": {"native": {"loss": 14.883153915405273, "gradient_norm_before_clip": 9.749122619628906}, "nearest": {"loss": 14.77668285369873, "gradient_norm_before_clip": 5.814209461212158}}, "elapsed_seconds": 1998.171899318695}
M5 TRAIN {"step": 768, "epoch": 1, "arms": {"native": {"loss": 14.85352897644043, "gradient_norm_before_clip": 5.825058937072754}, "nearest": {"loss": 14.731765747070312, "gradient_norm_before_clip": 8.764510154724121}}, "elapsed_seconds": 2074.081866502762}
M5 TRAIN {"step": 832, "epoch": 1, "arms": {"native": {"loss": 14.87777042388916, "gradient_norm_before_clip": 7.3792219161987305}, "nearest": {"loss": 15.045300483703613, "gradient_norm_before_clip": 7.992616653442383}}, "elapsed_seconds": 2150.1179530620575}
M5 TRAIN {"step": 896, "epoch": 1, "arms": {"native": {"loss": 18.165090560913086, "gradient_norm_before_clip": 6.253526210784912}, "nearest": {"loss": 17.956148147583008, "gradient_norm_before_clip": 7.367936611175537}}, "elapsed_seconds": 2227.5461246967316}
M5 TRAIN {"step": 960, "epoch": 1, "arms": {"native": {"loss": 17.623310089111328, "gradient_norm_before_clip": 11.997957229614258}, "nearest": {"loss": 17.311813354492188, "gradient_norm_before_clip": 11.630766868591309}}, "elapsed_seconds": 2304.19783616066}
M5 TRAIN {"step": 1024, "epoch": 1, "arms": {"native": {"loss": 16.276094436645508, "gradient_norm_before_clip": 10.187056541442871}, "nearest": {"loss": 16.391597747802734, "gradient_norm_before_clip": 11.056621551513672}}, "elapsed_seconds": 2380.8152890205383}
M5 EVAL {"stage": "terminal", "batches": 50, "rows": 800, "elapsed_seconds": 2531.3884603977203}
M5 EVAL {"stage": "terminal", "batches": 100, "rows": 1600, "elapsed_seconds": 2681.296229124069}
M5 EVAL {"stage": "terminal", "batches": 150, "rows": 2400, "elapsed_seconds": 2829.591517686844}
M5 EVAL {"stage": "terminal", "batches": 200, "rows": 3200, "elapsed_seconds": 2976.9662392139435}
M5 EVAL {"stage": "terminal", "batches": 250, "rows": 4000, "elapsed_seconds": 3123.742997407913}
M5 EVAL {"stage": "terminal", "batches": 300, "rows": 4800, "elapsed_seconds": 3272.348217487335}
M5 EVAL {"stage": "terminal", "batches": 350, "rows": 5600, "elapsed_seconds": 3420.1145029067993}
M5 COMPLETE {"schema": "mcln-nr3d-mask-neighborhood-m5-v1", "status": "complete", "optimizer_steps_per_arm": 1024, "fit_rows": 2048, "epochs": 2, "holdout_rows": 6172, "formal_rows": 0, "formal_promotion": false, "fit_order_sha256": "904c1f93742c150de87c930ce1a2d4312f0cc429dc34d5e4ede0694845388dde", "frozen_parameters_and_buffers_unchanged": true, "source_data_and_parent_checkpoint_unchanged": true, "grounding_and_query_selection_exactly_equal_to_start": true, "changed_parameter_names": {"native": ["rel_encoder.0.weight", "rel_encoder.0.bias", "rel_encoder.2.weight", "rel_encoder.2.bias", "x_mask.0.weight", "x_mask.0.bias", "x_mask.2.weight", "x_mask.2.bias", "x_mask.4.weight", "x_mask.4.bias", "x_query.0.weight", "x_query.0.bias", "x_query.2.weight", "x_query.2.bias", "x_query.4.weight", "x_query.4.bias"], "nearest": ["rel_encoder.0.weight", "rel_encoder.0.bias", "rel_encoder.2.weight", "rel_encoder.2.bias", "x_mask.0.weight", "x_mask.0.bias", "x_mask.2.weight", "x_mask.2.bias", "x_mask.4.weight", "x_mask.4.bias", "x_query.0.weight", "x_query.0.bias", "x_query.2.weight", "x_query.2.bias", "x_query.4.weight", "x_query.4.bias"]}, "baseline_rows_sha256": "ba9968e48a3b39cac92802a94053eba90f8d11db70ebbfc0b1168273ccbd6f81", "terminal_rows_sha256": "18a529911fe94d8f35c5f13621624bc8980d710c3a71d91215b2f121894a93d2", "artifacts": {"native": {"path": "/root/autodl-tmp/mcln_mask_neighborhood_m5_20260905_v1/native_mask_projection_state.pt", "bytes": 16201173, "sha256": "46ec0d5ebe44c7e94e46afe976126177897e7350c1c133b4051d0648931cd69d"}, "nearest": {"path": "/root/autodl-tmp/mcln_mask_neighborhood_m5_20260905_v1/nearest_mask_projection_state.pt", "bytes": 16201173, "sha256": "544058b298ae52fc00fc32acae66c4a994209c4660b57684aae124fdde9798a7"}}, "manifest_sha256": "abc46c2e543ec05ade30523f83cbded0689d7d88def07ca8dd06b4f79ba439c1", "elapsed_seconds": 3552.0805883407593, "max_gpu_allocated_bytes": 6885751808}
