Some weights of the model checkpoint at /root/autodl-tmp/DATA_ROOT_mcln_meshsp/roberta-base/ were not used when initializing RobertaModel: ['lm_head.decoder.weight', 'lm_head.layer_norm.bias', 'lm_head.dense.weight', 'lm_head.bias', 'lm_head.layer_norm.weight', 'lm_head.dense.bias']
- This IS expected if you are initializing RobertaModel from the checkpoint of a model trained on another task or with another architecture (e.g. initializing a BertForSequenceClassification model from a BertForPreTraining model).
- This IS NOT expected if you are initializing RobertaModel from the checkpoint of a model that you expect to be exactly identical (initializing a BertForSequenceClassification model from a BertForSequenceClassification model).
Loading val files, take a breath!
Begin text decoupling......
End text decoupling!
READBACK_EVAL_PROGRESS {"stage": "formal", "rows": 512, "total": 9508, "seconds": 73.43434548377991}
READBACK_EVAL_PROGRESS {"stage": "formal", "rows": 1024, "total": 9508, "seconds": 141.60258293151855}
READBACK_EVAL_PROGRESS {"stage": "formal", "rows": 1536, "total": 9508, "seconds": 209.0254111289978}
READBACK_EVAL_PROGRESS {"stage": "formal", "rows": 2048, "total": 9508, "seconds": 278.85086131095886}
READBACK_EVAL_PROGRESS {"stage": "formal", "rows": 2560, "total": 9508, "seconds": 351.1853439807892}
READBACK_EVAL_PROGRESS {"stage": "formal", "rows": 3072, "total": 9508, "seconds": 420.97748589515686}
READBACK_EVAL_PROGRESS {"stage": "formal", "rows": 3584, "total": 9508, "seconds": 490.30728578567505}
READBACK_EVAL_PROGRESS {"stage": "formal", "rows": 4096, "total": 9508, "seconds": 558.4684228897095}
READBACK_EVAL_PROGRESS {"stage": "formal", "rows": 4608, "total": 9508, "seconds": 627.7288873195648}
READBACK_EVAL_PROGRESS {"stage": "formal", "rows": 5120, "total": 9508, "seconds": 696.214480638504}
READBACK_EVAL_PROGRESS {"stage": "formal", "rows": 5632, "total": 9508, "seconds": 766.3077123165131}
READBACK_EVAL_PROGRESS {"stage": "formal", "rows": 6144, "total": 9508, "seconds": 834.5066821575165}
READBACK_EVAL_PROGRESS {"stage": "formal", "rows": 6656, "total": 9508, "seconds": 902.8346240520477}
READBACK_EVAL_PROGRESS {"stage": "formal", "rows": 7168, "total": 9508, "seconds": 973.2131915092468}
READBACK_EVAL_PROGRESS {"stage": "formal", "rows": 7680, "total": 9508, "seconds": 1044.987995147705}
READBACK_EVAL_PROGRESS {"stage": "formal", "rows": 8192, "total": 9508, "seconds": 1115.8055441379547}
READBACK_EVAL_PROGRESS {"stage": "formal", "rows": 8704, "total": 9508, "seconds": 1185.411502122879}
READBACK_EVAL_PROGRESS {"stage": "formal", "rows": 9216, "total": 9508, "seconds": 1253.234368801117}
READBACK_EVAL_COMPLETE {"status": "pass", "stage": "formal", "rows": 9508, "metrics": {"bbs": {"rec_hits25": 5606, "rec_hits50": 4460, "mask_hits25": 5815, "mask_hits50": 5138, "mask_miou": 47.10337000455823}}, "fixed_frame_readback_effect": {"0.25": {"fixes": 56, "damages": 66, "net": -10}, "0.5": {"fixes": 72, "damages": 118, "net": -46}}, "primary_mode": "bbs", "primary_threshold": 0.5, "elapsed_seconds": 1292.5547251701355, "time_cst": "2026-10-05T06:57:48.824157+08:00", "formal_rows": 9508, "rows_sha256": "d347bd4f3d80e2689cca6ca2dbbdc9936d0eecbb106a5e1aae02b9e8e790fef4"}
