Traceback (most recent call last):
  File "/root/autodl-tmp/mcln_pvground_initial_replay_20260908_v1/replay.py", line 156, in <module>
    if __name__=='__main__':main()
  File "/root/autodl-tmp/mcln_pvground_initial_replay_20260908_v1/replay.py", line 41, in main
    from models.pv_ground import PVGround
  File "/root/autodl-tmp/mcln_pvground_runtime_20260908_v1/PV-Ground/models/__init__.py", line 7, in <module>
    from .pv_ground import PVGround
  File "/root/autodl-tmp/mcln_pvground_runtime_20260908_v1/PV-Ground/models/pv_ground.py", line 17, in <module>
    from transformers import RobertaModel, RobertaTokenizerFast
  File "/root/miniconda3/envs/bdetr/lib/python3.7/site-packages/transformers/__init__.py", line 30, in <module>
    from . import dependency_versions_check
  File "/root/miniconda3/envs/bdetr/lib/python3.7/site-packages/transformers/dependency_versions_check.py", line 36, in <module>
    from .file_utils import is_tokenizers_available
  File "/root/miniconda3/envs/bdetr/lib/python3.7/site-packages/transformers/file_utils.py", line 49, in <module>
    import requests
  File "/root/miniconda3/envs/bdetr/lib/python3.7/site-packages/requests/__init__.py", line 43, in <module>
    import urllib3
  File "/root/miniconda3/envs/bdetr/lib/python3.7/site-packages/urllib3/__init__.py", line 13, in <module>
    from .connectionpool import HTTPConnectionPool, HTTPSConnectionPool, connection_from_url
  File "/root/miniconda3/envs/bdetr/lib/python3.7/site-packages/urllib3/connectionpool.py", line 43, in <module>
    from .util.queue import LifoQueue
  File "/root/miniconda3/envs/bdetr/lib/python3.7/site-packages/urllib3/util/queue.py", line 11, in <module>
    class LifoQueue(queue.Queue):
AttributeError: module 'queue' has no attribute 'Queue'
