Traceback (most recent call last):
  File "/root/miniconda3/envs/bdetr/lib/python3.7/urllib/request.py", line 1350, in do_open
    encode_chunked=req.has_header('Transfer-encoding'))
  File "/root/miniconda3/envs/bdetr/lib/python3.7/http/client.py", line 1281, in request
    self._send_request(method, url, body, headers, encode_chunked)
  File "/root/miniconda3/envs/bdetr/lib/python3.7/http/client.py", line 1327, in _send_request
    self.endheaders(body, encode_chunked=encode_chunked)
  File "/root/miniconda3/envs/bdetr/lib/python3.7/http/client.py", line 1276, in endheaders
    self._send_output(message_body, encode_chunked=encode_chunked)
  File "/root/miniconda3/envs/bdetr/lib/python3.7/http/client.py", line 1036, in _send_output
    self.send(msg)
  File "/root/miniconda3/envs/bdetr/lib/python3.7/http/client.py", line 976, in send
    self.connect()
  File "/root/miniconda3/envs/bdetr/lib/python3.7/http/client.py", line 1443, in connect
    super().connect()
  File "/root/miniconda3/envs/bdetr/lib/python3.7/http/client.py", line 948, in connect
    (self.host,self.port), self.timeout, self.source_address)
  File "/root/miniconda3/envs/bdetr/lib/python3.7/socket.py", line 728, in create_connection
    raise err
  File "/root/miniconda3/envs/bdetr/lib/python3.7/socket.py", line 716, in create_connection
    sock.connect(sa)
OSError: [Errno 99] Cannot assign requested address

During handling of the above exception, another exception occurred:

Traceback (most recent call last):
  File "inspect_checkpoint.py", line 12, in <module>
    with urllib.request.urlopen(plan['url'],timeout=60) as response, part.open('xb') as target:
  File "/root/miniconda3/envs/bdetr/lib/python3.7/urllib/request.py", line 222, in urlopen
    return opener.open(url, data, timeout)
  File "/root/miniconda3/envs/bdetr/lib/python3.7/urllib/request.py", line 525, in open
    response = self._open(req, data)
  File "/root/miniconda3/envs/bdetr/lib/python3.7/urllib/request.py", line 543, in _open
    '_open', req)
  File "/root/miniconda3/envs/bdetr/lib/python3.7/urllib/request.py", line 503, in _call_chain
    result = func(*args)
  File "/root/miniconda3/envs/bdetr/lib/python3.7/urllib/request.py", line 1393, in https_open
    context=self._context, check_hostname=self._check_hostname)
  File "/root/miniconda3/envs/bdetr/lib/python3.7/urllib/request.py", line 1352, in do_open
    raise URLError(err)
urllib.error.URLError: <urlopen error [Errno 99] Cannot assign requested address>
