Loading train files, take a breath!
Begin text decoupling......
End text decoupling!
huggingface/tokenizers: The current process just got forked, after parallelism has already been used. Disabling parallelism to avoid deadlocks...
To disable this warning, you can either:
	- Avoid using `tokenizers` before the fork if possible
	- Explicitly set the environment variable TOKENIZERS_PARALLELISM=(true | false)
huggingface/tokenizers: The current process just got forked, after parallelism has already been used. Disabling parallelism to avoid deadlocks...
To disable this warning, you can either:
	- Avoid using `tokenizers` before the fork if possible
	- Explicitly set the environment variable TOKENIZERS_PARALLELISM=(true | false)
{"completed_rows": 8, "elapsed_seconds": 408.3187625333667}
{"completed_rows": 16, "elapsed_seconds": 408.8773125708103}
{"completed_rows": 24, "elapsed_seconds": 411.9994381517172}
{"completed_rows": 32, "elapsed_seconds": 412.2771533355117}
{"completed_rows": 40, "elapsed_seconds": 415.7316837236285}
{"completed_rows": 48, "elapsed_seconds": 416.00175408273935}
{"completed_rows": 56, "elapsed_seconds": 419.36314610391855}
{"completed_rows": 64, "elapsed_seconds": 419.56417863816023}
{"status": "complete", "finished_cst": "2026-10-05T15:28:47.939361+08:00", "rows": 64, "sampled_points_and_native_noisy_GT_exact": true, "root_only": true, "elapsed_seconds": 422.92293848097324, "optimizer_steps": 0, "model_forwards": 0, "weights_loaded": 0, "weights_created": 0, "CUDA_initialized": false, "accuracy_result": false, "dataset_source": "/root/autodl-tmp/mcln_scanrefer_detection_aligned_source_20260908_v1/model_source/src/joint_det_dataset.py", "dataset_source_sha256": "3afebfc69232f9547e6810563ba6dd4f34a0f770f929df2f4203b21493de0e3d", "native_gt_protocol_changed": false, "clean_target": "Annotation object members in the full augmented scan before independent native box jitter"}
