Some weights of the model checkpoint at /root/autodl-tmp/DATA_ROOT_mcln_meshsp/roberta-base/ were not used when initializing RobertaModel: ['lm_head.layer_norm.weight', 'lm_head.bias', 'lm_head.decoder.weight', 'lm_head.dense.bias', 'lm_head.layer_norm.bias', 'lm_head.dense.weight']
- This IS expected if you are initializing RobertaModel from the checkpoint of a model trained on another task or with another architecture (e.g. initializing a BertForSequenceClassification model from a BertForPreTraining model).
- This IS NOT expected if you are initializing RobertaModel from the checkpoint of a model that you expect to be exactly identical (initializing a BertForSequenceClassification model from a BertForSequenceClassification model).
PVG_FINETUNE_DATASET_LOADING 2026-09-08T22:11:34.116110+08:00
Loading train files, take a breath!
Begin text decoupling......
End text decoupling!
PVG_FULL_DATASET_INPUTS_PASS {"fit": 29778, "holdout": 6887, "physical_fit": 456, "physical_holdout": 106, "reference_rows": 4}
PVG_BATCH8_CAPACITY_PASS {"loss": 13.411378860473633, "grad_norm": 61.88496780395508, "seconds": 23.281036138534546, "rows": [14307, 26871, 13547, 1622, 9672, 18692, 29949, 23417], "loss_bbox": 1.8883376121520996, "loss_giou": 1.9945969581604004, "loss_ce": 26.67200469970703, "loss_sem_align": 97.23573303222656, "status": "pass", "optimizer_steps": 0, "batch_size": 8, "peak_allocated_bytes": 17748743168, "time_cst": "2026-09-08T22:19:00.435594+08:00"}
PVG_EVAL_PROGRESS {"stage": "initial", "rows": 512, "total": 6887, "seconds": 51.585845947265625}
PVG_EVAL_PROGRESS {"stage": "initial", "rows": 1024, "total": 6887, "seconds": 101.48005771636963}
PVG_EVAL_PROGRESS {"stage": "initial", "rows": 1536, "total": 6887, "seconds": 152.51625847816467}
PVG_EVAL_PROGRESS {"stage": "initial", "rows": 2048, "total": 6887, "seconds": 203.03539037704468}
PVG_EVAL_PROGRESS {"stage": "initial", "rows": 2560, "total": 6887, "seconds": 252.77912545204163}
PVG_EVAL_PROGRESS {"stage": "initial", "rows": 3072, "total": 6887, "seconds": 303.3480770587921}
PVG_EVAL_PROGRESS {"stage": "initial", "rows": 3584, "total": 6887, "seconds": 354.8667845726013}
PVG_EVAL_PROGRESS {"stage": "initial", "rows": 4096, "total": 6887, "seconds": 404.53731083869934}
PVG_EVAL_PROGRESS {"stage": "initial", "rows": 4608, "total": 6887, "seconds": 453.0056035518646}
PVG_EVAL_PROGRESS {"stage": "initial", "rows": 5120, "total": 6887, "seconds": 504.30827140808105}
PVG_EVAL_PROGRESS {"stage": "initial", "rows": 5632, "total": 6887, "seconds": 553.0613589286804}
PVG_EVAL_PROGRESS {"stage": "initial", "rows": 6144, "total": 6887, "seconds": 606.7113218307495}
PVG_EVAL_PROGRESS {"stage": "initial", "rows": 6656, "total": 6887, "seconds": 657.0099940299988}
PVG_EVAL_COMPLETE {"status": "pass", "stage": "initial", "rows": 6887, "metrics": {"bbs": {"rec_hits25": 6147, "rec_hits50": 5549, "mask_hits25": 6174, "mask_hits50": 5824, "mask_iou_sum": 5106.323576468974, "mask_miou": 74.1443818276314}, "bbf": {"rec_hits25": 6174, "rec_hits50": 5583, "mask_hits25": 6187, "mask_hits50": 5836, "mask_iou_sum": 5119.069850585423, "mask_miou": 74.32945913438978}}, "elapsed_seconds": 679.8490152359009, "time_cst": "2026-09-08T22:30:21.492293+08:00", "formal_rows": 0, "rows_sha256": "28aa9b0cfbbce28174b92cdc4ca08d4c32327e7934328bdac8eb2f878be5ceeb", "boxes_sha256": "11b36d12c1d2030ee5a754771c876d2caac1d0504f2ebc9a979c7ac4d0d7fa36", "scores_sha256": "ea8c6869b9760157794c813693c314315111c9462829307cce1e051f459c2931"}
PVG_TRAIN_PROGRESS {"loss": 13.411378860473633, "grad_norm": 61.884742736816406, "seconds": 2.78926944732666, "rows": [14307, 26871, 13547, 1622, 9672, 18692, 29949, 23417], "loss_bbox": 1.8883371353149414, "loss_giou": 1.994596242904663, "loss_ce": 26.67200469970703, "loss_sem_align": 97.2357406616211, "step": 1, "total_steps": 3723, "cumulative_seconds": 4.665936231613159}
PVG_TRAIN_PROGRESS {"loss": 14.166452407836914, "grad_norm": 116.11361694335938, "seconds": 4.540991306304932, "rows": [7567, 30736, 20705, 8947, 23373, 33838, 25918, 26821], "loss_bbox": 1.3549946546554565, "loss_giou": 2.2309622764587402, "loss_ce": 31.249773025512695, "loss_sem_align": 103.75541687011719, "step": 64, "total_steps": 3723, "cumulative_seconds": 156.73688626289368}
