Loading train files, take a breath!
Begin text decoupling......
End text decoupling!
OBJECT POINT INPUT {"fit_row_id": 0, "objects": 66, "empty_crops": 0, "empty_seed_rois": 2}
OBJECT POINT INPUT {"fit_row_id": 1, "objects": 31, "empty_crops": 0, "empty_seed_rois": 1}
OBJECT POINT INPUT {"fit_row_id": 3, "objects": 36, "empty_crops": 0, "empty_seed_rois": 0}
OBJECT POINT INPUT {"fit_row_id": 4, "objects": 57, "empty_crops": 0, "empty_seed_rois": 0}
OBJECT POINT INPUT {"fit_row_id": 5, "objects": 27, "empty_crops": 0, "empty_seed_rois": 0}
OBJECT POINT INPUT {"fit_row_id": 6, "objects": 27, "empty_crops": 0, "empty_seed_rois": 1}
OBJECT POINT INPUT {"fit_row_id": 8, "objects": 52, "empty_crops": 0, "empty_seed_rois": 0}
OBJECT POINT INPUT {"fit_row_id": 10, "objects": 35, "empty_crops": 0, "empty_seed_rois": 0}
OBJECT POINT INPUT {"fit_row_id": 12, "objects": 55, "empty_crops": 0, "empty_seed_rois": 1}
OBJECT POINT INPUT {"fit_row_id": 13, "objects": 42, "empty_crops": 0, "empty_seed_rois": 0}
OBJECT POINT INPUT {"fit_row_id": 15, "objects": 63, "empty_crops": 0, "empty_seed_rois": 3}
OBJECT POINT INPUT {"fit_row_id": 16, "objects": 33, "empty_crops": 0, "empty_seed_rois": 0}
OBJECT POINT INPUT {"fit_row_id": 17, "objects": 45, "empty_crops": 0, "empty_seed_rois": 0}
OBJECT POINT INPUT {"fit_row_id": 18, "objects": 41, "empty_crops": 0, "empty_seed_rois": 0}
OBJECT POINT INPUT {"fit_row_id": 19, "objects": 59, "empty_crops": 0, "empty_seed_rois": 0}
OBJECT POINT INPUT {"fit_row_id": 21, "objects": 14, "empty_crops": 0, "empty_seed_rois": 0}
OBJECT POINT INPUT COMPLETE {"rows": 16, "scenes": 16, "objects": 683, "empty_raw_crops": 0, "empty_seed_rois": 8, "empty_seed_rois_with_at_least32_raw_points": 4, "objects_with_nonpositive_box_axis": 0, "crop_purity_median_audit_only": 0.7429577464788732, "crops_with_less_than_half_instance_points": 123}
