Some weights of the model checkpoint at /root/autodl-tmp/DATA_ROOT_mcln_meshsp/roberta-base/ were not used when initializing RobertaModel: ['lm_head.layer_norm.bias', 'lm_head.layer_norm.weight', 'lm_head.dense.bias', 'lm_head.bias', 'lm_head.decoder.weight', 'lm_head.dense.weight']
- This IS expected if you are initializing RobertaModel from the checkpoint of a model trained on another task or with another architecture (e.g. initializing a BertForSequenceClassification model from a BertForPreTraining model).
- This IS NOT expected if you are initializing RobertaModel from the checkpoint of a model that you expect to be exactly identical (initializing a BertForSequenceClassification model from a BertForSequenceClassification model).
PVG_FINETUNE_DATASET_LOADING 2026-09-08T10:57:52.230823+08:00
Loading train files, take a breath!
Begin text decoupling......
End text decoupling!
PVG_FULL_DATASET_INPUTS_PASS {"fit": 29778, "holdout": 6887, "physical_fit": 456, "physical_holdout": 106, "reference_rows": 4}
PVG_BATCH8_CAPACITY_PASS {"loss": 13.387002944946289, "grad_norm": 53.30950164794922, "seconds": 23.075252771377563, "rows": [14307, 26871, 13547, 1622, 9672, 18692, 29949, 23417], "loss_bbox": 1.8646161556243896, "loss_giou": 1.9331542253494263, "loss_ce": 27.315771102905273, "loss_sem_align": 97.9670639038086, "status": "pass", "optimizer_steps": 0, "batch_size": 8, "peak_allocated_bytes": 16430602752, "time_cst": "2026-09-08T11:05:17.026912+08:00"}
PVG_EVAL_PROGRESS {"stage": "initial", "rows": 512, "total": 6887, "seconds": 51.8381884098053}
PVG_EVAL_PROGRESS {"stage": "initial", "rows": 1024, "total": 6887, "seconds": 102.87567567825317}
PVG_EVAL_PROGRESS {"stage": "initial", "rows": 1536, "total": 6887, "seconds": 150.41576886177063}
PVG_EVAL_PROGRESS {"stage": "initial", "rows": 2048, "total": 6887, "seconds": 200.48889994621277}
PVG_EVAL_PROGRESS {"stage": "initial", "rows": 2560, "total": 6887, "seconds": 247.23515033721924}
PVG_EVAL_PROGRESS {"stage": "initial", "rows": 3072, "total": 6887, "seconds": 297.74207949638367}
PVG_EVAL_PROGRESS {"stage": "initial", "rows": 3584, "total": 6887, "seconds": 346.484117269516}
PVG_EVAL_PROGRESS {"stage": "initial", "rows": 4096, "total": 6887, "seconds": 395.4254722595215}
PVG_EVAL_PROGRESS {"stage": "initial", "rows": 4608, "total": 6887, "seconds": 442.81823897361755}
PVG_EVAL_PROGRESS {"stage": "initial", "rows": 5120, "total": 6887, "seconds": 493.4676082134247}
PVG_EVAL_PROGRESS {"stage": "initial", "rows": 5632, "total": 6887, "seconds": 539.7419555187225}
PVG_EVAL_PROGRESS {"stage": "initial", "rows": 6144, "total": 6887, "seconds": 592.17351770401}
PVG_EVAL_PROGRESS {"stage": "initial", "rows": 6656, "total": 6887, "seconds": 642.3552594184875}
PVG_EVAL_COMPLETE {"status": "pass", "stage": "initial", "rows": 6887, "metrics": {"bbs": {"rec_hits25": 6204, "rec_hits50": 5605, "mask_hits25": 6214, "mask_hits50": 5867, "mask_iou_sum": 5146.795796687249, "mask_miou": 74.73204293142514}, "bbf": {"rec_hits25": 6224, "rec_hits50": 5626, "mask_hits25": 6233, "mask_hits50": 5879, "mask_iou_sum": 5155.154879601672, "mask_miou": 74.85341773779109}}, "elapsed_seconds": 664.5650231838226, "time_cst": "2026-09-08T11:16:22.693972+08:00", "formal_rows": 0, "rows_sha256": "eaf533d0aca7384134bca0f264647d62e6cec8f1ae6a536adbb5bafa938b810d", "boxes_sha256": "bfc1b74091fb2ce5574e4322fe43747e1150b9415ab3a1a1d17df9182e2d815b", "scores_sha256": "891bb2cd6e0a0d1af23ec36c0d2603c1ad682b5949a208d25cded24003088b92"}
PVG_TRAIN_PROGRESS {"loss": 13.450674057006836, "grad_norm": 117.84552001953125, "seconds": 2.7712812423706055, "rows": [14307, 26871, 13547, 1622, 9672, 18692, 29949, 23417], "loss_bbox": 1.8373667001724243, "loss_giou": 1.881722331047058, "loss_ce": 27.980331420898438, "loss_sem_align": 98.92540740966797, "step": 1, "total_steps": 3723, "cumulative_seconds": 4.606035947799683}
PVG_TRAIN_PROGRESS {"loss": 14.093939781188965, "grad_norm": 55.05438995361328, "seconds": 2.7636735439300537, "rows": [7567, 30736, 20705, 8947, 23373, 33838, 25918, 26821], "loss_bbox": 1.2751814126968384, "loss_giou": 2.1614131927490234, "loss_ce": 32.275020599365234, "loss_sem_align": 103.84005737304688, "step": 64, "total_steps": 3723, "cumulative_seconds": 153.90096926689148}
PVG_TRAIN_PROGRESS {"loss": 12.272380828857422, "grad_norm": 26.606000900268555, "seconds": 2.2082159519195557, "rows": [15103, 27368, 7779, 17869, 25329, 490, 12853, 4415], "loss_bbox": 0.858399510383606, "loss_giou": 1.7003116607666016, "loss_ce": 37.43031311035156, "loss_sem_align": 102.42603302001953, "step": 128, "total_steps": 3723, "cumulative_seconds": 306.7457127571106}
