Some weights of the model checkpoint at /root/autodl-tmp/DATA_ROOT_mcln_meshsp/roberta-base/ were not used when initializing RobertaModel: ['lm_head.layer_norm.bias', 'lm_head.dense.bias', 'lm_head.layer_norm.weight', 'lm_head.decoder.weight', 'lm_head.dense.weight', 'lm_head.bias']
- This IS expected if you are initializing RobertaModel from the checkpoint of a model trained on another task or with another architecture (e.g. initializing a BertForSequenceClassification model from a BertForPreTraining model).
- This IS NOT expected if you are initializing RobertaModel from the checkpoint of a model that you expect to be exactly identical (initializing a BertForSequenceClassification model from a BertForSequenceClassification model).
Loading val files, take a breath!
Traceback (most recent call last):
  File "/root/autodl-tmp/mcln_eg3dvg_acceptance_20260920_v1/evaluate.py", line 199, in <module>
    main()
  File "/root/autodl-tmp/mcln_eg3dvg_acceptance_20260920_v1/evaluate.py", line 119, in main
    end = model(inputs)
  File "/root/miniconda3/envs/bdetr/lib/python3.7/site-packages/torch/nn/modules/module.py", line 1102, in _call_impl
    return forward_call(*input, **kwargs)
  File "/root/autodl-tmp/mcln_eg3dvg_acceptance_20260920_v1/source/models/eg.py", line 415, in forward
    attn_mask_list=attn_mask_list
  File "/root/miniconda3/envs/bdetr/lib/python3.7/site-packages/torch/nn/modules/module.py", line 1102, in _call_impl
    return forward_call(*input, **kwargs)
  File "/root/autodl-tmp/mcln_eg3dvg_acceptance_20260920_v1/source/models/encoder_decoder_layers.py", line 634, in forward
    txt_embeds=torch.max(lang_feats,dim=1)[0]
  File "/root/miniconda3/envs/bdetr/lib/python3.7/site-packages/torch/nn/modules/module.py", line 1102, in _call_impl
    return forward_call(*input, **kwargs)
  File "/root/autodl-tmp/mcln_eg3dvg_acceptance_20260920_v1/source/models/encoder_decoder_layers.py", line 81, in forward
    spatial_weights = einops.rearrange(spatial_weights, 'b l (h d) -> h b l d', h=self.spatial_n_head)
  File "/root/miniconda3/envs/bdetr/lib/python3.7/site-packages/torch/nn/modules/module.py", line 1178, in __getattr__
    type(self).__name__, name))
AttributeError: 'GMA' object has no attribute 'spatial_n_head'
