Some weights of the model checkpoint at /root/autodl-tmp/DATA_ROOT_mcln_meshsp/roberta-base/ were not used when initializing RobertaModel: ['lm_head.decoder.weight', 'lm_head.dense.weight', 'lm_head.layer_norm.weight', 'lm_head.dense.bias', 'lm_head.layer_norm.bias', 'lm_head.bias']
- This IS expected if you are initializing RobertaModel from the checkpoint of a model trained on another task or with another architecture (e.g. initializing a BertForSequenceClassification model from a BertForPreTraining model).
- This IS NOT expected if you are initializing RobertaModel from the checkpoint of a model that you expect to be exactly identical (initializing a BertForSequenceClassification model from a BertForSequenceClassification model).
Loading val files, take a breath!
EG_EVAL_PROGRESS {"rows": 8, "total": 9508, "elapsed_seconds": 4.293356418609619, "metrics": {"bbs": {"rec_hits25": 3, "rec_hits50": 2}, "bbf": {"rec_hits25": 3, "rec_hits50": 2}}}
EG_EVAL_PROGRESS {"rows": 512, "total": 9508, "elapsed_seconds": 97.75370264053345, "metrics": {"bbs": {"rec_hits25": 261, "rec_hits50": 225}, "bbf": {"rec_hits25": 263, "rec_hits50": 227}}}
EG_EVAL_PROGRESS {"rows": 1024, "total": 9508, "elapsed_seconds": 191.94905972480774, "metrics": {"bbs": {"rec_hits25": 554, "rec_hits50": 490}, "bbf": {"rec_hits25": 556, "rec_hits50": 491}}}
EG_EVAL_PROGRESS {"rows": 1536, "total": 9508, "elapsed_seconds": 284.9242045879364, "metrics": {"bbs": {"rec_hits25": 896, "rec_hits50": 766}, "bbf": {"rec_hits25": 896, "rec_hits50": 769}}}
EG_EVAL_PROGRESS {"rows": 2048, "total": 9508, "elapsed_seconds": 378.58118963241577, "metrics": {"bbs": {"rec_hits25": 1153, "rec_hits50": 1002}, "bbf": {"rec_hits25": 1157, "rec_hits50": 1009}}}
EG_EVAL_PROGRESS {"rows": 2560, "total": 9508, "elapsed_seconds": 473.0049366950989, "metrics": {"bbs": {"rec_hits25": 1442, "rec_hits50": 1232}, "bbf": {"rec_hits25": 1446, "rec_hits50": 1242}}}
EG_EVAL_PROGRESS {"rows": 3072, "total": 9508, "elapsed_seconds": 565.2415208816528, "metrics": {"bbs": {"rec_hits25": 1750, "rec_hits50": 1511}, "bbf": {"rec_hits25": 1760, "rec_hits50": 1527}}}
EG_EVAL_PROGRESS {"rows": 3584, "total": 9508, "elapsed_seconds": 658.5569145679474, "metrics": {"bbs": {"rec_hits25": 2013, "rec_hits50": 1736}, "bbf": {"rec_hits25": 2024, "rec_hits50": 1751}}}
EG_EVAL_PROGRESS {"rows": 4096, "total": 9508, "elapsed_seconds": 751.9899170398712, "metrics": {"bbs": {"rec_hits25": 2379, "rec_hits50": 2082}, "bbf": {"rec_hits25": 2395, "rec_hits50": 2100}}}
EG_EVAL_PROGRESS {"rows": 4608, "total": 9508, "elapsed_seconds": 846.1341245174408, "metrics": {"bbs": {"rec_hits25": 2677, "rec_hits50": 2352}, "bbf": {"rec_hits25": 2691, "rec_hits50": 2371}}}
EG_EVAL_PROGRESS {"rows": 5120, "total": 9508, "elapsed_seconds": 939.0260982513428, "metrics": {"bbs": {"rec_hits25": 3023, "rec_hits50": 2693}, "bbf": {"rec_hits25": 3034, "rec_hits50": 2708}}}
EG_EVAL_PROGRESS {"rows": 5632, "total": 9508, "elapsed_seconds": 1032.5721881389618, "metrics": {"bbs": {"rec_hits25": 3244, "rec_hits50": 2891}, "bbf": {"rec_hits25": 3257, "rec_hits50": 2908}}}
EG_EVAL_PROGRESS {"rows": 6144, "total": 9508, "elapsed_seconds": 1126.7817289829254, "metrics": {"bbs": {"rec_hits25": 3558, "rec_hits50": 3179}, "bbf": {"rec_hits25": 3570, "rec_hits50": 3194}}}
EG_EVAL_PROGRESS {"rows": 6656, "total": 9508, "elapsed_seconds": 1221.2861633300781, "metrics": {"bbs": {"rec_hits25": 3895, "rec_hits50": 3486}, "bbf": {"rec_hits25": 3908, "rec_hits50": 3502}}}
EG_EVAL_PROGRESS {"rows": 7168, "total": 9508, "elapsed_seconds": 1314.9436123371124, "metrics": {"bbs": {"rec_hits25": 4145, "rec_hits50": 3713}, "bbf": {"rec_hits25": 4159, "rec_hits50": 3730}}}
EG_EVAL_PROGRESS {"rows": 7680, "total": 9508, "elapsed_seconds": 1407.8418374061584, "metrics": {"bbs": {"rec_hits25": 4429, "rec_hits50": 3966}, "bbf": {"rec_hits25": 4443, "rec_hits50": 3984}}}
EG_EVAL_PROGRESS {"rows": 8192, "total": 9508, "elapsed_seconds": 1501.7682905197144, "metrics": {"bbs": {"rec_hits25": 4729, "rec_hits50": 4218}, "bbf": {"rec_hits25": 4742, "rec_hits50": 4234}}}
EG_EVAL_PROGRESS {"rows": 8704, "total": 9508, "elapsed_seconds": 1595.315058708191, "metrics": {"bbs": {"rec_hits25": 5017, "rec_hits50": 4476}, "bbf": {"rec_hits25": 5028, "rec_hits50": 4490}}}
EG_EVAL_PROGRESS {"rows": 9216, "total": 9508, "elapsed_seconds": 1687.6583075523376, "metrics": {"bbs": {"rec_hits25": 5326, "rec_hits50": 4757}, "bbf": {"rec_hits25": 5338, "rec_hits50": 4773}}}
EG_EVAL_PROGRESS {"rows": 9508, "total": 9508, "elapsed_seconds": 1741.0346584320068, "metrics": {"bbs": {"rec_hits25": 5542, "rec_hits50": 4952}, "bbf": {"rec_hits25": 5552, "rec_hits50": 4966}}}
EG_EVAL_COMPLETE {"status": "complete", "time_cst": "2026-09-20T17:38:20.102721+08:00", "stage": "formal", "rows": 9508, "elapsed_seconds": 1741.7921619415283, "metrics": {"bbs": {"rec_hits25": 5542, "rec_hits50": 4952}, "bbf": {"rec_hits25": 5552, "rec_hits50": 4966}}, "primary_mode": "bbs", "native_box_rule": "0.5 * (last regressed box + box enclosing points with predicted mask > 0.5)", "checkpoint_sha256": "785f46ca595aed3a06efdfc46dc1c4b0493b212ccb66062a76f519324fd24f7e", "spec_sha256": "a01cf60f57b6e8eaecc45b5507f6934cb9b7ad88c16f7d743f49a07b4d095908", "rows_sha256": "897c9d22b00aaf70f5c674baac2c496fdf09646898baa797d519ea89768174ae", "candidates_sha256": "d847f67203579f7cb49a22cf863a6ffaf604fbfbb751fa22669575e7f1957f02", "candidate_columns": ["raw_cx", "raw_cy", "raw_cz", "raw_dx", "raw_dy", "raw_dz", "box_cx", "box_cy", "box_cz", "box_dx", "box_dy", "box_dz", "bbs_score", "bbf_score"], "all_model_states_unchanged": true, "training_steps": 0, "optimizer_created": false, "upstream_commit": "174e34894aea6513442da6b5dfa9b3e2bf8a1efa", "mask_metric_gate": false}
