Loading val files, take a breath!
REFERIT_DATASET_COMPLETE nr3d 7899
Loading val files, take a breath!
REFERIT_DATASET_COMPLETE sr3d 17726
{
  "status": "complete",
  "scope": "full CPU val Dataset construction plus eight fixed samples per dataset; no model inference",
  "model_forwards": 0,
  "training_steps": 0,
  "active_scan_source_unchanged": true,
  "prepared_source": "/root/autodl-tmp/mcln_eg3dvg_acceptance_20260920_v1/referit_input_source",
  "dataset_source_sha256": "fda8006e6174698bda4dedb4e5bd43dff3e77f04407a34a4cfb6f3593fa5261f",
  "datasets": {
    "nr3d": {
      "rows": 7899,
      "loaded_cache_scenes": 312,
      "sample_count": 8,
      "samples": [
        {
          "index": 0,
          "scan_id": "scene0164_00",
          "target_id": 11,
          "point_sha256": "1497a0c55000abe38ebdca869885eb32e0ece62fab0fce626cf56c23111b7f6b",
          "object_slots": 55,
          "text": "The cabinet next to the open cabinet on the side of the room with the refrigerator . not mentioned"
        },
        {
          "index": 1128,
          "scan_id": "scene0663_00",
          "target_id": 6,
          "point_sha256": "3152c24ef627489162a60ac4623cc667dfaf6cefb89da1870250abe324e0a3d6",
          "object_slots": 38,
          "text": "The office chair closest to the window . . not mentioned"
        },
        {
          "index": 2633,
          "scan_id": "scene0458_00",
          "target_id": 0,
          "point_sha256": "ef95911c3656fdcbfd5e37e297ceddfb07dc7c88e2c173b9984dec534578e2b6",
          "object_slots": 33,
          "text": "The large , middlemost box in the shower . . not mentioned"
        },
        {
          "index": 3949,
          "scan_id": "scene0307_00",
          "target_id": 23,
          "point_sha256": "85e5756a2d465a3b5ca5a62241a2cdd7778753c2e6de506a56829d39ba09d431",
          "object_slots": 36,
          "text": "lower cabinet with a sink , next to washer . not mentioned"
        },
        {
          "index": 5266,
          "scan_id": "scene0338_00",
          "target_id": 15,
          "point_sha256": "8cbfb03ec12671ea56fdef883ac0c7b8321bf5b88eeb2b7ae78faee19968830b",
          "object_slots": 22,
          "text": "the upper cabinets . . not mentioned"
        },
        {
          "index": 5924,
          "scan_id": "scene0693_00",
          "target_id": 15,
          "point_sha256": "058bc509656deb626601af9a3ecd1fe556c138afe43ded50f8c0fe452904f32b",
          "object_slots": 27,
          "text": "The small mirror closest to the door . . not mentioned"
        },
        {
          "index": 7897,
          "scan_id": "scene0568_00",
          "target_id": 15,
          "point_sha256": "9d47f545bf6b47186ba00ecb34d073d85c932bea8b6aae00601a9e75e015d834",
          "object_slots": 31,
          "text": "blue armed chair closer to the tall bookshelf . . not mentioned"
        },
        {
          "index": 7898,
          "scan_id": "scene0568_00",
          "target_id": 15,
          "point_sha256": "9d47f545bf6b47186ba00ecb34d073d85c932bea8b6aae00601a9e75e015d834",
          "object_slots": 31,
          "text": "Chair with back against the wall directly next to book shelf . not mentioned"
        }
      ],
      "seconds": 11.520435571670532,
      "object_input": "GT scene instance boxes with author predicted class ids"
    },
    "sr3d": {
      "rows": 17726,
      "loaded_cache_scenes": 312,
      "sample_count": 8,
      "samples": [
        {
          "index": 0,
          "scan_id": "scene0629_00",
          "target_id": 0,
          "point_sha256": "9f42b157a2836d0c0a11bda23d9f573b0980b2a07183ff257b8e0e85016e9ed3",
          "object_slots": 33,
          "text": "the door that is near the end table . not mentioned"
        },
        {
          "index": 2532,
          "scan_id": "scene0088_02",
          "target_id": 6,
          "point_sha256": "4e4b845fac2af69ce88ceecac3df62629a8c8be041a36e965d6c29e9ae0419e1",
          "object_slots": 39,
          "text": "the window that is far away from the trash can . not mentioned"
        },
        {
          "index": 5908,
          "scan_id": "scene0139_00",
          "target_id": 15,
          "point_sha256": "0855f22c272287b00f776f9ab2a2308e05a21b2d0a5df88ae9073ff6a1bd099f",
          "object_slots": 26,
          "text": "the pipe that is near the paper towel dispenser . not mentioned"
        },
        {
          "index": 8863,
          "scan_id": "scene0645_00",
          "target_id": 72,
          "point_sha256": "f426eb0e223ec803a898feb35ee242c50ee58143ee90c8e1add75b27de0c9d7f",
          "object_slots": 86,
          "text": "select the mirror that is near the nightstand . not mentioned"
        },
        {
          "index": 11817,
          "scan_id": "scene0377_01",
          "target_id": 15,
          "point_sha256": "b45abef82e8756d61610546e6e98b6ef60551e05c2dba731db55f8dc7820e2ab",
          "object_slots": 21,
          "text": "the shelf that is near the chair . not mentioned"
        },
        {
          "index": 13294,
          "scan_id": "scene0606_02",
          "target_id": 0,
          "point_sha256": "31ea3d7a652af1cd33d67473c594aa320e527ad96cae18d6b753a055b29187c7",
          "object_slots": 44,
          "text": "choose the plant that is close to the microwave . not mentioned"
        },
        {
          "index": 17724,
          "scan_id": "scene0568_00",
          "target_id": 9,
          "point_sha256": "9d47f545bf6b47186ba00ecb34d073d85c932bea8b6aae00601a9e75e015d834",
          "object_slots": 31,
          "text": "the table that is between the couch and the tv stand . not mentioned"
        },
        {
          "index": 17725,
          "scan_id": "scene0568_00",
          "target_id": 9,
          "point_sha256": "9d47f545bf6b47186ba00ecb34d073d85c932bea8b6aae00601a9e75e015d834",
          "object_slots": 31,
          "text": "find the table that is between the couch and the tv stand . not mentioned"
        }
      ],
      "seconds": 10.951400995254517,
      "object_input": "GT scene instance boxes with author predicted class ids"
    }
  }
}
